//my_bigball/Omoji/assets/ageMod/U_001.bundle 8-386
//my_bigball/Omoji/assets/ani/accountbg/ani_oppo_head_k4.bundle 387-403
//my_bigball/Omoji/assets/ani/aod/ani_oppo_head_k1.bundle 405-412
//my_bigball/Omoji/assets/ani/aod/ani_oppo_head_k2.bundle 414-423
//my_bigball/Omoji/assets/ani/aod/ani_oppo_head_k3.bundle 425-435
//my_bigball/Omoji/assets/ani/watch/ani_oppo_head_k1.bundle 456-463
//my_bigball/Omoji/assets/ani/watch/ani_oppo_head_k2.bundle 465-474
//my_bigball/Omoji/assets/ani/watch/ani_oppo_head_k3.bundle 475-482
//my_bigball/Omoji/assets/ani/watch/ani_oppo_head_k4.bundle 484-492
//my_bigball/Omoji/assets/ani/watch/ani_oppo_head_k5.bundle 493-500
//my_bigball/Omoji/assets/beard/H_001.bundle 502-588
//my_bigball/Omoji/assets/beard/H_002.bundle 590-744
//my_bigball/Omoji/assets/beard/H_003.bundle 745-972
//my_bigball/Omoji/assets/beard/H_004.bundle 973-1266
//my_bigball/Omoji/assets/beard/H_005.bundle 1267-1316
//my_bigball/Omoji/assets/beard/H_006.bundle 1318-1413
//my_bigball/Omoji/assets/beard/H_007.bundle 1415-1454
//my_bigball/Omoji/assets/beard/H_008.bundle 1456-1491
//my_bigball/Omoji/assets/beard/H_009.bundle 1492-1552
//my_bigball/Omoji/assets/beard/H_010.bundle 1554-1595
//my_bigball/Omoji/assets/beard/H_011.bundle 1597-1659
//my_bigball/Omoji/assets/beard/H_012.bundle 1660-1721
//my_bigball/Omoji/assets/beard/H_013.bundle 1723-1932
//my_bigball/Omoji/assets/beard/H_014.bundle 1933-2033
//my_bigball/Omoji/assets/beard/H_015.bundle 2034-2106
//my_bigball/Omoji/assets/beard/H_016.bundle 2107-2414
//my_bigball/Omoji/assets/beard/H_017.bundle 2415-2833
//my_bigball/Omoji/assets/beard/H_018.bundle 2834-3091
//my_bigball/Omoji/assets/beard/H_019.bundle 3092-3396
//my_bigball/Omoji/assets/beauty/midManBeauty.bundle 3397-3416
//my_bigball/Omoji/assets/beauty/nasolabial.bundle 3417-3468
//my_bigball/Omoji/assets/beauty/oldManBeauty.bundle 3470-3568
//my_bigball/Omoji/assets/beauty/oppo_liplash.bundle 3569-3570
//my_bigball/Omoji/assets/brow/M_001.bundle 3572-3587
//my_bigball/Omoji/assets/brow/M_002.bundle 3588-3605
//my_bigball/Omoji/assets/brow/M_003.bundle 3607-3620
//my_bigball/Omoji/assets/brow/M_004.bundle 3622-3636
//my_bigball/Omoji/assets/brow/M_005.bundle 3638-3653
//my_bigball/Omoji/assets/brow/M_006.bundle 3654-3668
//my_bigball/Omoji/assets/brow/M_007.bundle 3670-3684
//my_bigball/Omoji/assets/brow/M_008.bundle 3685-3699
//my_bigball/Omoji/assets/brow/M_009.bundle 3701-3715
//my_bigball/Omoji/assets/brow/M_010.bundle 3716-3731
//my_bigball/Omoji/assets/brow/M_011.bundle 3733-3765
//my_bigball/Omoji/assets/brow/M_012.bundle 3767-3798
//my_bigball/Omoji/assets/brow/M_013.bundle 3799-3825
//my_bigball/Omoji/assets/brow/M_014.bundle 3827-3847
//my_bigball/Omoji/assets/brow/M_015.bundle 3848-3869
//my_bigball/Omoji/assets/brow/M_016.bundle 3870-3894
//my_bigball/Omoji/assets/config.json 3906
//my_bigball/Omoji/assets/ear/E_001.bundle 3907-3911
//my_bigball/Omoji/assets/ear/E_002.bundle 3913-3915
//my_bigball/Omoji/assets/ear/E_003.bundle 3916-3918
//my_bigball/Omoji/assets/earring_l/S_001_L.bundle 3920-3958
//my_bigball/Omoji/assets/earring_l/S_002_L.bundle 3960-3996
//my_bigball/Omoji/assets/earring_l/S_003_L.bundle 3998-4028
//my_bigball/Omoji/assets/earring_l/S_004_L.bundle 4029-4071
//my_bigball/Omoji/assets/earring_l/S_005_L.bundle 4072-4122
//my_bigball/Omoji/assets/earring_l/S_006_L.bundle 4123-4165
//my_bigball/Omoji/assets/earring_l/S_007_L.bundle 4166-4189
//my_bigball/Omoji/assets/earring_l/S_008_L.bundle 4191-4228
//my_bigball/Omoji/assets/earring_l/S_009_L.bundle 4230-4258
//my_bigball/Omoji/assets/earring_r/S_001_R.bundle 4259-4297
//my_bigball/Omoji/assets/earring_r/S_002_R.bundle 4298-4335
//my_bigball/Omoji/assets/earring_r/S_003_R.bundle 4337-4367
//my_bigball/Omoji/assets/earring_r/S_004_R.bundle 4369-4411
//my_bigball/Omoji/assets/earring_r/S_005_R.bundle 4412-4462
//my_bigball/Omoji/assets/earring_r/S_006_R.bundle 4463-4505
//my_bigball/Omoji/assets/earring_r/S_007_R.bundle 4506-4529
//my_bigball/Omoji/assets/earring_r/S_008_R.bundle 4530-4567
//my_bigball/Omoji/assets/earring_r/S_009_R.bundle 4568-4596
//my_bigball/Omoji/assets/eye/Y_001.bundle 4598-4617
//my_bigball/Omoji/assets/eye/Y_002.bundle 4619-4638
//my_bigball/Omoji/assets/eye/Y_003.bundle 4639-4652
//my_bigball/Omoji/assets/eye/Y_004.bundle 4653-4686
//my_bigball/Omoji/assets/eye/Y_005.bundle 4688-4712
//my_bigball/Omoji/assets/eye/Y_006.bundle 4714-4736
//my_bigball/Omoji/assets/eye/Y_007.bundle 4738-4761
//my_bigball/Omoji/assets/eye/Y_008.bundle 4763-4791
//my_bigball/Omoji/assets/eye/Y_009.bundle 4793-4819
//my_bigball/Omoji/assets/eyelash/J_001.bundle 4821-4846
//my_bigball/Omoji/assets/eyelash/J_002.bundle 4847-4871
//my_bigball/Omoji/assets/eyelash/J_003.bundle 4872-4897
//my_bigball/Omoji/assets/eyelash/J_004.bundle 4899-4924
//my_bigball/Omoji/assets/eyelash/J_005.bundle 4925-4951
//my_bigball/Omoji/assets/eyelash/J_006.bundle 4953-4988
//my_bigball/Omoji/assets/eyelash/J_007.bundle 4990-5062
//my_bigball/Omoji/assets/eyelash/J_008.bundle 5064-5144
//my_bigball/Omoji/assets/eyelash/J_009.bundle 5146-5222
//my_bigball/Omoji/assets/face/L_001.bundle 5224
//my_bigball/Omoji/assets/face/L_002.bundle 5225
//my_bigball/Omoji/assets/face/L_003.bundle 5226
//my_bigball/Omoji/assets/face/L_004.bundle 5227-5234
//my_bigball/Omoji/assets/face/L_005.bundle 5235-5242
//my_bigball/Omoji/assets/face/L_006.bundle 5243-5250
//my_bigball/Omoji/assets/face/L_007.bundle 5251-5257
//my_bigball/Omoji/assets/face/L_008.bundle 5258-5264
//my_bigball/Omoji/assets/face/L_009.bundle 5265-5271
//my_bigball/Omoji/assets/freckles/A_001.bundle 5272-5274
//my_bigball/Omoji/assets/freckles/A_002.bundle 5275-5279
//my_bigball/Omoji/assets/freckles/A_003.bundle 5281-5282
//my_bigball/Omoji/assets/glasses/G_001.bundle 5283-5354
//my_bigball/Omoji/assets/glasses/G_002.bundle 5356-5401
//my_bigball/Omoji/assets/glasses/G_003.bundle 5403-5472
//my_bigball/Omoji/assets/glasses/G_004.bundle 5473-5522
//my_bigball/Omoji/assets/glasses/G_005.bundle 5524-5569
//my_bigball/Omoji/assets/glasses/G_006.bundle 5571-5654
//my_bigball/Omoji/assets/glasses/G_008.bundle 5655-5718
//my_bigball/Omoji/assets/glasses/G_009.bundle 5719-5821
//my_bigball/Omoji/assets/glasses/G_010.bundle 5823-5877
//my_bigball/Omoji/assets/glasses/G_011.bundle 5879-5943
//my_bigball/Omoji/assets/glasses/G_012.bundle 5945-5985
//my_bigball/Omoji/assets/glasses/G_013.bundle 5986-6060
//my_bigball/Omoji/assets/glasses/G_014.bundle 6061-6130
//my_bigball/Omoji/assets/glasses/G_015.bundle 6132-6212
//my_bigball/Omoji/assets/glasses/G_016.bundle 6213-6245
//my_bigball/Omoji/assets/glasses/G_017.bundle 6247-6283
//my_bigball/Omoji/assets/glasses/G_018.bundle 6285-6322
//my_bigball/Omoji/assets/glasses/G_019.bundle 6323-6367
//my_bigball/Omoji/assets/glasses/G_020.bundle 6369-6423
//my_bigball/Omoji/assets/glasses/G_021.bundle 6424-6473
//my_bigball/Omoji/assets/glasses/G_022.bundle 6475-6524
//my_bigball/Omoji/assets/hair/F_001.bundle 6526-6880
//my_bigball/Omoji/assets/hair/F_002.bundle 6881-7411
//my_bigball/Omoji/assets/hair/F_003.bundle 7412-7827
//my_bigball/Omoji/assets/hair/F_004.bundle 7828-8743
//my_bigball/Omoji/assets/hair/F_005.bundle 8745-8938
//my_bigball/Omoji/assets/hair/F_006.bundle 8940-9119
//my_bigball/Omoji/assets/hair/F_007.bundle 9120-10003
//my_bigball/Omoji/assets/hair/F_008.bundle 10005-10496
//my_bigball/Omoji/assets/hair/F_009.bundle 10497-10965
//my_bigball/Omoji/assets/hair/F_010.bundle 10966-11400
//my_bigball/Omoji/assets/hair/F_011.bundle 11401-11774
//my_bigball/Omoji/assets/hair/F_012.bundle 11776-11791
//my_bigball/Omoji/assets/hair/F_013.bundle 11792-12142
//my_bigball/Omoji/assets/hair/F_014.bundle 12143-12368
//my_bigball/Omoji/assets/hair/F_015.bundle 12370-12692 12693
//my_bigball/Omoji/assets/hair/F_016.bundle 12694-13488
//my_bigball/Omoji/assets/hair/F_017.bundle 13490-13812
//my_bigball/Omoji/assets/hair/F_018.bundle 13813-14494
//my_bigball/Omoji/assets/hair/F_019.bundle 14495-14861
//my_bigball/Omoji/assets/hair/F_020.bundle 14863-15312
//my_bigball/Omoji/assets/hair/F_021.bundle 15314-15670
//my_bigball/Omoji/assets/hair/F_022.bundle 15672-16083
//my_bigball/Omoji/assets/hair/F_023.bundle 16084-16432
//my_bigball/Omoji/assets/hair/F_024.bundle 16433-16913
//my_bigball/Omoji/assets/hair/F_025.bundle 16914-17309
//my_bigball/Omoji/assets/hair/F_026.bundle 17310-17822
//my_bigball/Omoji/assets/hair/F_027.bundle 17823-18144
//my_bigball/Omoji/assets/hair/F_028.bundle 18146-18491
//my_bigball/Omoji/assets/hair/F_029.bundle 18492-19288
//my_bigball/Omoji/assets/hair/F_030.bundle 19289-19616
//my_bigball/Omoji/assets/hair/F_031.bundle 19617-20049
//my_bigball/Omoji/assets/hair/F_032.bundle 20051-20340
//my_bigball/Omoji/assets/hair/F_033.bundle 20341-20787
//my_bigball/Omoji/assets/hair/F_034.bundle 20788-21096
//my_bigball/Omoji/assets/hair/F_035.bundle 21097-21857
//my_bigball/Omoji/assets/hair/F_036.bundle 21858-22456
//my_bigball/Omoji/assets/hair/F_037.bundle 22458-22843
//my_bigball/Omoji/assets/hair/F_038.bundle 22845-23012
//my_bigball/Omoji/assets/hair/F_039.bundle 23013-23192
//my_bigball/Omoji/assets/hair/F_040.bundle 23194-23326
//my_bigball/Omoji/assets/hair/F_041.bundle 23328-23745
//my_bigball/Omoji/assets/hair/F_042.bundle 23747-24399
//my_bigball/Omoji/assets/hair/F_043.bundle 24400-24666
//my_bigball/Omoji/assets/hair/F_044.bundle 24667-25115
//my_bigball/Omoji/assets/hair/F_045.bundle 25117-25622
//my_bigball/Omoji/assets/hair/F_046.bundle 25624-25918
//my_bigball/Omoji/assets/hair/F_047.bundle 25919-26309
//my_bigball/Omoji/assets/hair/F_048.bundle 26311-26698
//my_bigball/Omoji/assets/hair/F_049.bundle 26700-26991
//my_bigball/Omoji/assets/hair/F_050.bundle 26993-27408
//my_bigball/Omoji/assets/hair/F_051.bundle 27409-27803
//my_bigball/Omoji/assets/hair/F_052.bundle 27804-28358
//my_bigball/Omoji/assets/hair/F_053.bundle 28360-28612
//my_bigball/Omoji/assets/hair/F_054.bundle 28614-28939
//my_bigball/Omoji/assets/hair/F_055.bundle 28940-29144
//my_bigball/Omoji/assets/hair/F_056.bundle 29145-29448
//my_bigball/Omoji/assets/hair/F_057.bundle 29450-29897
//my_bigball/Omoji/assets/hair/F_058.bundle 29899-31322
//my_bigball/Omoji/assets/hair/F_059.bundle 31324-31613
//my_bigball/Omoji/assets/hair/F_060.bundle 31614-31792
//my_bigball/Omoji/assets/hair/F_061.bundle 31793-32319
//my_bigball/Omoji/assets/hair/F_062.bundle 32320-32687
//my_bigball/Omoji/assets/hair/F_063.bundle 32689-33208
//my_bigball/Omoji/assets/hair/F_064.bundle 33209-33724
//my_bigball/Omoji/assets/hair/F_065.bundle 33726-34132
//my_bigball/Omoji/assets/hair/F_066.bundle 34134-34312
//my_bigball/Omoji/assets/hair/F_067.bundle 34314-34637
//my_bigball/Omoji/assets/hair/F_068.bundle 34639-34861
//my_bigball/Omoji/assets/hair/F_069.bundle 34863-35965
//my_bigball/Omoji/assets/head/head_1/info.json 35967
//my_bigball/Omoji/assets/head/head_2/info.json 35968
//my_bigball/Omoji/assets/head/head_2/originPhoto.png 35969-36013
//my_bigball/Omoji/assets/head/head_3/info.json 36014
//my_bigball/Omoji/assets/head/head_3/originPhoto.png 36015-36073
//my_bigball/Omoji/assets/head/head_4/info.json 36074
//my_bigball/Omoji/assets/head/head_4/originPhoto.png 36075-36120
//my_bigball/Omoji/assets/head/head_5/info.json 36121
//my_bigball/Omoji/assets/head/head_5/originPhoto.png 36122-36162
//my_bigball/Omoji/assets/head/oppo_face_mid.bundle 36163-37014
//my_bigball/Omoji/assets/headwear/T_001.bundle 37015-37208
//my_bigball/Omoji/assets/headwear/T_002.bundle 37209-37291
//my_bigball/Omoji/assets/headwear/T_003.bundle 37293-37358
//my_bigball/Omoji/assets/headwear/T_004.bundle 37359-37440
//my_bigball/Omoji/assets/headwear/T_005.bundle 37442-37584
//my_bigball/Omoji/assets/headwear/T_006.bundle 37586-37663
//my_bigball/Omoji/assets/headwear/T_007.bundle 37665-37807
//my_bigball/Omoji/assets/headwear/T_008.bundle 37808-37882
//my_bigball/Omoji/assets/headwear/T_009.bundle 37883-38026
//my_bigball/Omoji/assets/headwear/T_010.bundle 38028-38076
//my_bigball/Omoji/assets/headwear/T_011.bundle 38078-38322
//my_bigball/Omoji/assets/headwear/T_012.bundle 38323-38399
//my_bigball/Omoji/assets/headwear/T_013.bundle 38401-38674
//my_bigball/Omoji/assets/headwear/T_014.bundle 38675-38870
//my_bigball/Omoji/assets/headwear/T_015.bundle 38871-38998
//my_bigball/Omoji/assets/headwear/T_016.bundle 39000-39140
//my_bigball/Omoji/assets/light/oppo_light.bundle 39142-39379
//my_bigball/Omoji/assets/light/oppo_light_02.bundle 39380-39617
//my_bigball/Omoji/assets/light/oppo_light_03.bundle 39618-39855
//my_bigball/Omoji/assets/light/oppo_light_04.bundle 39856-40093
//my_bigball/Omoji/assets/light/oppo_light_modify_01.bundle 40094-40331
//my_bigball/Omoji/assets/light/oppo_light_modify_02.bundle 40332-40569
//my_bigball/Omoji/assets/lipstuds/I_001.bundle 40570-40611
//my_bigball/Omoji/assets/lipstuds/I_002.bundle 40613-40655
//my_bigball/Omoji/assets/lipstuds/I_003.bundle 40656-40699
//my_bigball/Omoji/assets/lipstuds/I_004.bundle 40701-40766
//my_bigball/Omoji/assets/lipstuds/I_005.bundle 40768-40824
//my_bigball/Omoji/assets/mouth/Z_001.bundle 40826-40835
//my_bigball/Omoji/assets/mouth/Z_002.bundle 40836
//my_bigball/Omoji/assets/mouth/Z_003.bundle 40837-40846
//my_bigball/Omoji/assets/mouth/Z_004.bundle 40847-40856
//my_bigball/Omoji/assets/mouth/Z_005.bundle 40858-40895
//my_bigball/Omoji/assets/mouth/Z_006.bundle 40897-40908
//my_bigball/Omoji/assets/mouth/Z_007.bundle 40909-40918
//my_bigball/Omoji/assets/mouth/Z_008.bundle 40920-40929
//my_bigball/Omoji/assets/mouth/Z_009.bundle 40931-40941
//my_bigball/Omoji/assets/mouth/Z_010.bundle 40943-40952
//my_bigball/Omoji/assets/mouth/Z_011.bundle 40953-40962
//my_bigball/Omoji/assets/mouth/Z_012.bundle 40963-40976
//my_bigball/Omoji/assets/nevus/C_003.bundle 40980-40992
//my_bigball/Omoji/assets/nevus/C_004.bundle 40993-41005
//my_bigball/Omoji/assets/nevus/C_005.bundle 41006-41016
//my_bigball/Omoji/assets/nevus/C_006.bundle 41017-41027
//my_bigball/Omoji/assets/nose/B_001.bundle 41028-41029
//my_bigball/Omoji/assets/nose/B_002.bundle 41031-41033
//my_bigball/Omoji/assets/nose/B_003.bundle 41035-41037
//my_bigball/Omoji/assets/others/ARmask.bundle 41039-41054
//my_bigball/Omoji/assets/others/ARmask_gk.bundle 41056-41071
//my_bigball/Omoji/assets/others/ARmask_shadow.bundle 41073-41088
//my_bigball/Omoji/assets/others/color.json 41090
//my_bigball/Omoji/assets/others/controller_config.bundle 41091-41116
//my_bigball/Omoji/assets/others/controller_config_for_icon_scene.bundle 41117-41142
//my_bigball/Omoji/info.json 41143
//my_bigball/apkcerts.txt 41144
//my_bigball/app/AssistantScreen/AssistantScreen.apk 41145-47614
//my_bigball/app/AssistantScreen/oat/arm/AssistantScreen.vdex 47621-47699
//my_bigball/app/AssistantScreen/oat/arm64/AssistantScreen.vdex 47700-47778
//my_bigball/app/CalendarGoogle/CalendarGoogle.apk 47779-52560
//my_bigball/app/CloudService/CloudService.apk 52565-58454
//my_bigball/app/GoogleContacts/GoogleContacts.apk 58459-61235
//my_bigball/app/Google_AssistantShell/Google_AssistantShell.apk 61239-61468
//my_bigball/app/Google_Lens/Google_Lens.apk 61469-61902
//my_bigball/app/Google_Lens/oat/arm64/Google_Lens.vdex 61903-61909
//my_bigball/app/Google_Pay3/Google_Pay3.apk 61910-71303
//my_bigball/app/KeKePay/KeKePay.apk 71311-75684
//my_bigball/app/KeKePay/lib/arm64/libDXCaptcha-1.7.2.so 75689-75733
//my_bigball/app/KeKePay/lib/arm64/libDXCaptcha-v1.7.6-oppo.89735c7c.so 75734-75778
//my_bigball/app/KeKePay/lib/arm64/libDXRisk-v6.1.7r.e833fcb1.so 75779-75821
//my_bigball/app/KeKePay/lib/arm64/libDXRiskComm-v6.1.7r.e833fcb1.so 75822-75991
//my_bigball/app/KeKePay/lib/arm64/libdns_server_rk.so 75992-76065
//my_bigball/app/KeKePay/lib/arm64/libmmkv.so 76066-76137
//my_bigball/app/KeKePay/lib/arm64/libnesdk.so 76138-76398
//my_bigball/app/KeKePay/oat/arm/KeKePay.vdex 76399-76449
//my_bigball/app/KeKePay/oat/arm64/KeKePay.vdex 76450-76500
//my_bigball/app/LatinImeGoogle/LatinImeGoogle.apk 76501-88951
//my_bigball/app/Omoji/Omoji.apk 88962-105532
//my_bigball/app/Omoji/lib/arm64/libCNamaSDK_vendor.so 105543-107986
//my_bigball/app/Omoji/lib/arm64/libFUP2AHelper.so 107990-108257
//my_bigball/app/Omoji/lib/arm64/libbcapJNI.so 108258-108587
//my_bigball/app/Omoji/lib/arm64/libffmpeg.so 108588-109052
//my_bigball/app/Omoji/lib/arm64/libffmpegJNI.so 109053-109156
//my_bigball/app/Omoji/lib/arm64/libfuai_vendor.so 109157-110925
//my_bigball/app/Omoji/lib/arm64/libgav1JNI.so 110928-111130
//my_bigball/app/Omoji/oat/arm/Omoji.vdex 111131-111185
//my_bigball/app/Omoji/oat/arm64/Omoji.vdex 111186-111240
//my_bigball/app/OplusPhoneActivation/OplusPhoneActivation.apk 111241-112296
//my_bigball/app/OplusPhoneActivation/oat/arm64/OplusPhoneActivation.vdex 112297-112312
//my_bigball/app/Photos/Photos.apk 112313-127806
//my_bigball/app/SoftsimRedteaRoaming/SoftsimRedteaRoaming.apk 127820-133446
//my_bigball/app/SoftsimRedteaRoaming/oat/arm64/SoftsimRedteaRoaming.vdex 133451-133485
//my_bigball/del-app/INOnePlusStore/INOnePlusStore.apk 133486-141387
//my_bigball/del-app/NewSoundRecorder/NewSoundRecorder.apk 141393-145154
//my_bigball/del-app/NewSoundRecorder/lib/arm64/libSlienceDetect.so 145159-145182
//my_bigball/del-app/NewSoundRecorder/lib/arm64/liblamemp3.so 145183-145229
//my_bigball/del-app/NewSoundRecorder/lib/arm64/libopluslog.so 145230-145238
//my_bigball/del-app/NewSoundRecorder/lib/arm64/libsilenceWrapper.so 145239-145243
//my_bigball/del-app-pre/Drive_del/Drive.apk 145244-152913
//my_bigball/del-app-pre/Google_Home/Google_Home.apk 152920-163372
//my_bigball/del-app-pre/Google_News/Google_News.apk 163382-166518
//my_bigball/del-app-pre/Google_One/Google_One.apk 166522-169617
//my_bigball/del-app-pre/Google_Podcasts/Google_Podcasts.apk 169621-170270
//my_bigball/del-app-pre/Meet_del/Meet.apk 170271-181338
//my_bigball/del-app-pre/Videos_del/Videos.apk 181348-186591
//my_bigball/del-app-pre/YTMusic_del/YTMusic.apk 186596-194775
//my_bigball/etc/NOTICE.xml.gz 194782
//my_bigball/etc/battery/sys_deviceidle_whitelist.xml 194783
//my_bigball/etc/launcher/default_workspace.xml 194795
//my_bigball/etc/launcher/default_workspace_simple.xml 194796
//my_bigball/etc/oplus_carriers_map.xml 194797
//my_bigball/etc/oplus_channel_map.xml 194798-194799
//my_bigball/etc/oplus_channel_ready_stat_map.xml 194800-194801
//my_bigball/overlay/GmsConfigOverlayASI_Features/GmsConfigOverlayASI_Features.apk 194804-194805
//my_bigball/overlay/GmsConfigOverlayCommonEx/GmsConfigOverlayCommonEx.apk 194806-194809
//my_bigball/overlay/GmsConfigOverlayComms/GmsConfigOverlayComms.apk 194810-194811
//my_bigball/overlay/GmsConfigOverlayGSA/GmsConfigOverlayGSA.apk 194812-194813
//my_bigball/overlay/GmsConfigOverlayNoSafetyCenter/GmsConfigOverlayNoSafetyCenter.apk 194814-194815
//my_bigball/overlay/OplusDocumentsUIOverlay/OplusDocumentsUIOverlay.apk 194816-194817
//my_bigball/overlay/OplusGmsConfigOverlayCommon/OplusGmsConfigOverlayCommon.apk 194818-194819
//my_bigball/priv-app/AndroidSystemIntelligence_Features/AndroidSystemIntelligence_Features.apk 194820-200407
//my_bigball/priv-app/AndroidSystemIntelligence_Features/oat/arm64/AndroidSystemIntelligence_Features.vdex 200413-200437
//my_bigball/priv-app/CarrierServices/CarrierServices.apk 200438-201807
//my_bigball/priv-app/CarrierServices/oat/arm64/CarrierServices.vdex 201810-201859
//my_bigball/priv-app/GoogleDialer/GoogleDialer.apk 201860-211462
//my_bigball/priv-app/GoogleDialer/oat/arm64/GoogleDialer.vdex 211471-211537
//my_bigball/priv-app/Google_Files/Google_Files.apk 211538-214479
//my_bigball/priv-app/Google_Files/oat/arm64/Google_Files.vdex 214483-214530
//my_bigball/priv-app/KeKeThemeSpace/KeKeThemeSpace.apk 214531-224980
//my_bigball/priv-app/KeKeThemeSpace/oat/arm64/KeKeThemeSpace.vdex 224990-225093
//my_bigball/priv-app/Messages/Messages.apk 225094-242437
//my_bigball/priv-app/Messages/oat/arm64/Messages.vdex 242453-242706
//my_bigball/priv-app/OPMemberShip/OPMemberShip.apk 242707-244649
//my_bigball/priv-app/OPMemberShip/oat/arm64/OPMemberShip.vdex 244652-244683
//my_bigball/priv-app/OplusCallRecorder/OplusCallRecorder.apk 244684-245241
//my_bigball/priv-app/OplusCallRecorder/oat/arm64/OplusCallRecorder.vdex 245242-245248
//my_bigball/priv-app/OppoGallery2/OppoGallery2.apk 245249-290615
//my_bigball/priv-app/OppoGallery2/oat/arm64/OppoGallery2.vdex 290649-290777
//my_bigball/priv-app/PlayAutoInstallConfig_OnePlus/PlayAutoInstallConfig_OnePlus.apk 290778
//my_bigball/priv-app/PrivateComputeServices/PrivateComputeServices.apk 290779-295391
//my_bigball/priv-app/PrivateComputeServices/oat/arm64/PrivateComputeServices.vdex 295396-295405
