//my_bigball/apkcerts.txt 1
//my_bigball/app/AssistantScreen/AssistantScreen.apk 2-5136
//my_bigball/app/CalendarGoogle/CalendarGoogle.apk 5141-10148
//my_bigball/app/GoogleContacts/GoogleContacts.apk 10153-12708
//my_bigball/app/Google_AssistantShell/Google_AssistantShell.apk 12711-12940
//my_bigball/app/Google_Lens/Google_Lens.apk 12941-13374
//my_bigball/app/Google_Pay/Google_Pay.apk 13375-16493
//my_bigball/app/LatinImeGoogle/LatinImeGoogle.apk 16497-28943
//my_bigball/app/OplusPhoneActivation/OplusPhoneActivation.apk 28954-29771
//my_bigball/app/Photos/Photos.apk 29772-45261
//my_bigball/del-app/NewSoundRecorder/NewSoundRecorder.apk 45275-47579
//my_bigball/del-app/NewSoundRecorder/lib/arm64/libSlienceDetect.so 47582-47605
//my_bigball/del-app/NewSoundRecorder/lib/arm64/liblamemp3.so 47606-47652
//my_bigball/del-app/NewSoundRecorder/lib/arm64/libsilenceWrapper.so 47653-47657
//my_bigball/del-app-pre/Drive_del/Drive.apk 47658-55107
//my_bigball/del-app-pre/Google_FindMyDevice/Google_FindMyDevice.apk 55114-56101
//my_bigball/del-app-pre/Google_Home/Google_Home.apk 56102-67065
//my_bigball/del-app-pre/Google_One/Google_One.apk 67075-70163
//my_bigball/del-app-pre/Meet_del/Meet.apk 70167-80997
//my_bigball/del-app-pre/Videos_del/Videos.apk 81007-86155
//my_bigball/del-app-pre/YTMusic_del/YTMusic.apk 86160-94023
//my_bigball/etc/NOTICE.xml.gz 94030
//my_bigball/etc/battery/sys_deviceidle_whitelist.xml 94031
//my_bigball/etc/esim_card_os_patch.xml 94032-94034
//my_bigball/etc/launcher/default_workspace.xml 94055
//my_bigball/etc/launcher/default_workspace_simple.xml 94056
//my_bigball/etc/oplus_carriers_map.xml 94057
//my_bigball/etc/oplus_channel_map.xml 94058-94059
//my_bigball/etc/oplus_channel_ready_stat_map.xml 94060
//my_bigball/overlay/GmsConfigOverlayASI/GmsConfigOverlayASI.apk 94064-94065
//my_bigball/overlay/GmsConfigOverlayCommonEx/GmsConfigOverlayCommonEx.apk 94066-94069
//my_bigball/overlay/GmsConfigOverlayComms/GmsConfigOverlayComms.apk 94070-94071
//my_bigball/overlay/GmsConfigOverlayGSA/GmsConfigOverlayGSA.apk 94072-94073
//my_bigball/overlay/GoogleHealthConnectOverlay/GoogleHealthConnectOverlay.apk 94074-94075
//my_bigball/overlay/OplusCameraBigBallConfigOverlay/OplusCameraBigBallConfigOverlay.apk 94076-94077
//my_bigball/overlay/OplusDocumentsUIOverlay/OplusDocumentsUIOverlay.apk 94078-94079
//my_bigball/overlay/OplusGmsConfigOverlayCommon/OplusGmsConfigOverlayCommon.apk 94080-94081
//my_bigball/priv-app/AndroidSystemIntelligence_Features/AndroidSystemIntelligence_Features.apk 94082-99666
//my_bigball/priv-app/CarrierServices/CarrierServices.apk 99672-101002
//my_bigball/priv-app/CrossDeviceServicesStub/CrossDeviceServicesStub.apk 101005-101038
//my_bigball/priv-app/EuiccGoogle/EuiccGoogle.apk 101039-104469
//my_bigball/priv-app/GoogleDialer/GoogleDialer.apk 104473-114069
//my_bigball/priv-app/Google_Files/Google_Files.apk 114078-116824
//my_bigball/priv-app/Google_HealthConnect/Google_HealthConnect.apk 116828-117068
//my_bigball/priv-app/Messages/Messages.apk 117069-134003
//my_bigball/priv-app/OppoGallery2/OppoGallery2.apk 134019-178417
//my_bigball/priv-app/PlayAutoInstallConfig_OnePlus/PlayAutoInstallConfig_OnePlus.apk 178450
//my_bigball/priv-app/PrivateComputeServices/PrivateComputeServices.apk 178451-183060
