//my_bigball/apkcerts.txt 1
//my_bigball/app/AssistantScreen/AssistantScreen.apk 2-5842
//my_bigball/app/AssistantScreen/oat/arm64/AssistantScreen.vdex 5849-5940
//my_bigball/app/Browser/Browser.apk 5941-36688
//my_bigball/app/CalendarGoogle/CalendarGoogle.apk 36714-41373
//my_bigball/app/GoogleContacts/GoogleContacts.apk 41378-44410
//my_bigball/app/Google_AssistantShell/Google_AssistantShell.apk 44414-44640
//my_bigball/app/Google_Lens/Google_Lens.apk 44641-45049
//my_bigball/app/Google_Lens/oat/arm64/Google_Lens.vdex 45050-45056
//my_bigball/app/Google_Wallet/Google_Wallet.apk 45057-47281
//my_bigball/app/LatinImeGoogle/LatinImeGoogle.apk 47284-58797
//my_bigball/app/OplusPhoneActivation/OplusPhoneActivation.apk 58807-59997
//my_bigball/app/OplusPhoneActivation/oat/arm64/OplusPhoneActivation.vdex 60000-60017
//my_bigball/app/Photos/Photos.apk 60018-76146
//my_bigball/del-app/EAOnePlusStore/EAOnePlusStore.apk 76161-81868
//my_bigball/del-app/NewSoundRecorder/NewSoundRecorder.apk 81873-85222
//my_bigball/del-app/NewSoundRecorder/lib/arm64/libSlienceDetect.so 85227-85248
//my_bigball/del-app/NewSoundRecorder/lib/arm64/libaiunit_sdk_core.so 85249-85250
//my_bigball/del-app/NewSoundRecorder/lib/arm64/libsilenceWrapper.so 85251-85255
//my_bigball/del-app-pre/Drive_del/Drive.apk 85256-92976
//my_bigball/del-app-pre/Google_FindMyDevice/Google_FindMyDevice.apk 92984-94582
//my_bigball/del-app-pre/Google_Home/Google_Home.apk 94585-106291
//my_bigball/del-app-pre/Google_One/Google_One.apk 106302-109694
//my_bigball/del-app-pre/Meet_del/Meet.apk 109698-121326
//my_bigball/del-app-pre/Videos_del/Videos.apk 121337-126186
//my_bigball/del-app-pre/YTMusic_del/YTMusic.apk 126191-135014
//my_bigball/etc/NOTICE.xml.gz 135022
//my_bigball/etc/battery/sys_deviceidle_whitelist.xml 135023
//my_bigball/etc/launcher/default_workspace.xml 135027-135028
//my_bigball/etc/launcher/default_workspace_simple.xml 135029
//my_bigball/etc/oplus_carriers_map.xml 135030
//my_bigball/etc/oplus_channel_map.xml 135031-135032
//my_bigball/etc/oplus_channel_ready_stat_map.xml 135033
//my_bigball/overlay/GmsConfigOverlayASI/GmsConfigOverlayASI.apk 135037-135038
//my_bigball/overlay/GmsConfigOverlayCommonEx/GmsConfigOverlayCommonEx.apk 135039-135043
//my_bigball/overlay/GmsConfigOverlayComms/GmsConfigOverlayComms.apk 135044-135045
//my_bigball/overlay/GmsConfigOverlayGSA/GmsConfigOverlayGSA.apk 135046-135047
//my_bigball/overlay/GmsConfigOverlaySearchSelector/GmsConfigOverlaySearchSelector.apk 135048-135049
//my_bigball/overlay/OplusCameraBigBallConfigOverlay/OplusCameraBigBallConfigOverlay.apk 135050-135051
//my_bigball/overlay/OplusDocumentsUIOverlay/OplusDocumentsUIOverlay.apk 135053-135054
//my_bigball/overlay/OplusGmsConfigOverlayCommon/OplusGmsConfigOverlayCommon.apk 135055-135056
//my_bigball/priv-app/AndroidSystemIntelligence_Features/AndroidSystemIntelligence_Features.apk 135057-140584
//my_bigball/priv-app/AndroidSystemIntelligence_Features/oat/arm64/AndroidSystemIntelligence_Features.vdex 140590-140616
//my_bigball/priv-app/CrossDeviceServicesStub/CrossDeviceServicesStub.apk 140617-140648
//my_bigball/priv-app/GlobalSearch/GlobalSearch.apk 140649-149653
//my_bigball/priv-app/GlobalSearch/oat/arm/GlobalSearch.vdex 149662-149774
//my_bigball/priv-app/GlobalSearch/oat/arm64/GlobalSearch.vdex 149775-149887
//my_bigball/priv-app/GoogleDialer/GoogleDialer.apk 149888-159847
//my_bigball/priv-app/GoogleDialer/oat/arm64/GoogleDialer.vdex 159857-159932
//my_bigball/priv-app/Google_Files/Google_Files.apk 159933-163586
//my_bigball/priv-app/Google_Files/oat/arm64/Google_Files.vdex 163591-163641
//my_bigball/priv-app/Google_HealthConnect/Google_HealthConnect.apk 163642-163869
//my_bigball/priv-app/Google_HealthConnect/oat/arm64/Google_HealthConnect.vdex 163870-163874
//my_bigball/priv-app/Messages/Messages.apk 163875-183770
//my_bigball/priv-app/Messages/oat/arm64/Messages.vdex 183790-184101
//my_bigball/priv-app/OPMemberShip/OPMemberShip.apk 184102-187612
//my_bigball/priv-app/OPMemberShip/oat/arm64/OPMemberShip.vdex 187617-187654
//my_bigball/priv-app/OppoGallery2/OppoGallery2.apk 187655-232736
//my_bigball/priv-app/OppoGallery2/oat/arm64/OppoGallery2.vdex 232772-232929
//my_bigball/priv-app/PlayAutoInstallConfig_OnePlus/PlayAutoInstallConfig_OnePlus.apk 232930
//my_bigball/priv-app/PrivateComputeServices/PrivateComputeServices.apk 232931-235830
//my_bigball/priv-app/PrivateComputeServices/oat/arm64/PrivateComputeServices.vdex 235834-235851
//my_bigball/priv-app/SearchSelector/SearchSelector.apk 235852-236351
//my_bigball/priv-app/SearchSelector/oat/arm64/SearchSelector.vdex 236352-236362
