//my_heytap/apkcerts.txt 1
//my_heytap/app/ARCore/ARCore.apk 2-280
//my_heytap/app/Chrome/Chrome.apk 281-5315
//my_heytap/app/ChromePartnerProvider/ChromePartnerProvider.apk 5321-5510
//my_heytap/app/ChromePartnerProvider/oat/arm64/ChromePartnerProvider.vdex 5511-5513
//my_heytap/app/EmailPartnerProvider/EmailPartnerProvider.apk 5514-5706
//my_heytap/app/EmailPartnerProvider/oat/arm64/EmailPartnerProvider.vdex 5707-5709
//my_heytap/app/Gmail2/Gmail2.apk 5710-21571
//my_heytap/app/GoogleLocationHistory/GoogleLocationHistory.apk 21586-21593
//my_heytap/app/InterconnectCollectKit/InterconnectCollectKit.apk 21594-21623
//my_heytap/app/MCS/MCS.apk 21625-23664
//my_heytap/app/MCS/lib/arm64/libheytap_mcs_cipheralgo_fixed.so 23667-23668
//my_heytap/app/MCS/oat/arm/MCS.vdex 23669-23703
//my_heytap/app/MCS/oat/arm64/MCS.vdex 23704-23738
//my_heytap/app/Maps/Maps.apk 23739-38723
//my_heytap/app/Melody/Melody.apk 38737-42787
//my_heytap/app/Melody/oat/arm64/Melody.vdex 42792-42830
//my_heytap/app/SpeechServicesByGoogle/SpeechServicesByGoogle.apk 42831-54298
//my_heytap/app/SpeechServicesByGoogle/oat/arm64/SpeechServicesByGoogle.vdex 54308-54336
//my_heytap/app/StdSP/StdSP.apk 54337-74499
//my_heytap/app/StdSP/oat/arm64/StdSP.vdex 74514-74519
//my_heytap/app/SwitchAccess/SwitchAccess.apk 74520-75826
//my_heytap/app/TrichromeLibrary/TrichromeLibrary.apk 75829-91108
//my_heytap/app/WebViewGoogle/WebViewGoogle.apk 91120-107296
//my_heytap/app/WifiBackupRestore/WifiBackupRestore.apk 107311-107387
//my_heytap/app/WifiBackupRestore/oat/arm64/WifiBackupRestore.vdex 107388-107389
//my_heytap/app/YouTube/YouTube.apk 107390-122688
//my_heytap/app/talkback/talkback.apk 122701-126897
//my_heytap/etc/NOTICE.xml.gz 126902-126908
//my_heytap/etc/permissions/privapp-permissions-google-product.xml 126910
//my_heytap/etc/permissions/privapp-permissions-google-system_ext.xml 126911
//my_heytap/etc/permissions/privapp-permissions-oplus.xml 126912
//my_heytap/etc/sysconfig/google-hiddenapi-package-allowlist.xml 126914
//my_heytap/etc/sysconfig/google.xml 126916
//my_heytap/non_overlay/app/GoogleExtShared/GoogleExtShared.apk 126917-126919
//my_heytap/non_overlay/app/GooglePrintRecommendationService/GooglePrintRecommendationService.apk 126920-126949
//my_heytap/non_overlay/priv-app/GoogleFeedback/GoogleFeedback.apk 126950-127000
//my_heytap/non_overlay/priv-app/GooglePackageInstaller/GooglePackageInstaller.apk 127001-127390
//my_heytap/non_overlay/priv-app/GoogleServicesFramework/GoogleServicesFramework.apk 127392-128106
//my_heytap/non_overlay/priv-app/SetupWizard/SetupWizard.apk 128108-129568
//my_heytap/priv-app/AndroidAutoStub/AndroidAutoStub.apk 129571-130084
//my_heytap/priv-app/AndroidAutoStub/oat/arm64/AndroidAutoStub.vdex 130085-130095
//my_heytap/priv-app/ConfigUpdater/ConfigUpdater.apk 130096-130250
//my_heytap/priv-app/ConfigUpdater/oat/arm64/ConfigUpdater.vdex 130251-130253
//my_heytap/priv-app/FamilyLinkParentalControls/FamilyLinkParentalControls.apk 130254-130258
//my_heytap/priv-app/GmsCore/GmsCore.apk 130259-154120
//my_heytap/priv-app/GmsCore/m/independent/AndroidPlatformServices.apk 154140-155976
//my_heytap/priv-app/GmsCore/oat/arm/GmsCore.vdex 155979-156423
//my_heytap/priv-app/GmsCore/oat/arm64/GmsCore.vdex 156425-156869
//my_heytap/priv-app/GoogleOneTimeInitializer/GoogleOneTimeInitializer.apk 156870-156914
//my_heytap/priv-app/GooglePartnerSetup/GooglePartnerSetup.apk 156916-157014
//my_heytap/priv-app/GooglePartnerSetup/oat/arm64/GooglePartnerSetup.vdex 157015-157017
//my_heytap/priv-app/GoogleRestore/GoogleRestore.apk 157018-158792
//my_heytap/priv-app/GoogleRestore/oat/arm64/GoogleRestore.vdex 158795-158828
//my_heytap/priv-app/Phonesky/Phonesky.apk 158829-168334
//my_heytap/priv-app/Phonesky/oat/arm64/Phonesky.vdex 168345-168514
//my_heytap/priv-app/Velvet/Velvet.apk 168515-200790
//my_heytap/priv-app/Velvet/oat/arm/Velvet.vdex 200825-201378
//my_heytap/priv-app/Velvet/oat/arm64/Velvet.vdex 201379-201932
//my_heytap/priv-app/Wellbeing/Wellbeing.apk 201933-204314
//my_heytap/priv-app/Wellbeing/oat/arm64/Wellbeing.vdex 204318-204356
//my_heytap/product/usr/srec/en-US/CLG.prewalk.fst 204358-204974
//my_heytap/product/usr/srec/en-US/CONTACT.transform.mfar 204975-204978
//my_heytap/product/usr/srec/en-US/TERSE_LSTM_LM.lstm_lm.main_model.uint8.data 204979-205291
//my_heytap/product/usr/srec/en-US/TERSE_LSTM_LM.lstm_lm.self_normalized_model.uint8.data 205292-205853
//my_heytap/product/usr/srec/en-US/TERSE_LSTM_LM.lstm_lm.syms 205854-205988
//my_heytap/product/usr/srec/en-US/c_fst 205989-206016
//my_heytap/product/usr/srec/en-US/config.pumpkin 206018-206039
//my_heytap/product/usr/srec/en-US/dictation.config 206042-206043
//my_heytap/product/usr/srec/en-US/dnn 206044-206753
//my_heytap/product/usr/srec/en-US/embedded_class_denorm.mfar 206754-206846
//my_heytap/product/usr/srec/en-US/embedded_normalizer.mfar 206847-206865
//my_heytap/product/usr/srec/en-US/en-US_confirmation_confirmation-cancellation_TWIDDLER_FST.fst 206867
//my_heytap/product/usr/srec/en-US/en-US_gmm-actions_gmm-nav-actions_TWIDDLER_FST.fst 206868
//my_heytap/product/usr/srec/en-US/endpointer_model 206872-206875
//my_heytap/product/usr/srec/en-US/endpointer_model.mmap 206877-206880
//my_heytap/product/usr/srec/en-US/ep_portable_model.uint8.mmap 206882-206912
//my_heytap/product/usr/srec/en-US/g2p.data 206914-207160
//my_heytap/product/usr/srec/en-US/g2p_fst 207162-207864
//my_heytap/product/usr/srec/en-US/hmm_symbols 207866-207880
//my_heytap/product/usr/srec/en-US/hmmlist 207881-207888
//my_heytap/product/usr/srec/en-US/lexicon.U.fst 207890-208032
//my_heytap/product/usr/srec/en-US/lstm_model.uint8.data 208033-209119
//my_heytap/product/usr/srec/en-US/metadata 209121
//my_heytap/product/usr/srec/en-US/offensive_word_normalizer.mfar 209122-209172
//my_heytap/product/usr/srec/en-US/offline_action_data.pb 209173
//my_heytap/product/usr/srec/en-US/portable_lstm 209174-209295
//my_heytap/product/usr/srec/en-US/prons_exception_dictionary_file.txt 209296-209306
//my_heytap/product/usr/srec/en-US/pumpkin.mmap 209307-211507
//my_heytap/product/usr/srec/en-US/rescoring.fst.compact 211510-212686
//my_heytap/product/usr/srec/en-US/semantics.pumpkin 212688-212698
//my_heytap/product/usr/srec/en-US/verbalizer_terse.mfar 212699-212806
//my_heytap/product/usr/srec/en-US/voice_actions.config 212807-212808
//my_heytap/product/usr/srec/en-US/voice_actions_compiler.config 212809-212810
//my_heytap/product/usr/srec/en-US/wordlist.syms 212811-212951
