//my_heytap/apkcerts.txt 1
//my_heytap/app/ARCore/ARCore.apk 2-4
//my_heytap/app/Chrome/Chrome.apk 5-5091
//my_heytap/app/ChromePartnerProvider/ChromePartnerProvider.apk 5097-5259
//my_heytap/app/EmailPartnerProvider/EmailPartnerProvider.apk 5260-5424
//my_heytap/app/Gmail2/Gmail2.apk 5425-19525
//my_heytap/app/GoogleLocationHistory/GoogleLocationHistory.apk 19537-19544
//my_heytap/app/InterconnectCollectKit/InterconnectCollectKit.apk 19545-19606
//my_heytap/app/Maps/Maps.apk 19607-33321
//my_heytap/app/Melody/Melody.apk 33333-40737
//my_heytap/app/SpeechServicesByGoogle/SpeechServicesByGoogle.apk 40744-51880
//my_heytap/app/TrichromeLibrary/TrichromeLibrary.apk 51890-66546
//my_heytap/app/WebViewGoogle/WebViewGoogle.apk 66557-84386
//my_heytap/app/YouTube/YouTube.apk 84401-100200
//my_heytap/app/talkback/talkback.apk 100213-104770
//my_heytap/etc/NOTICE.xml.gz 104776-104782
//my_heytap/etc/permissions/privapp-permissions-google-product.xml 104783
//my_heytap/etc/permissions/privapp-permissions-google-system-ext.xml 104784
//my_heytap/etc/permissions/privapp-permissions-oplus.xml 104785
//my_heytap/etc/preferred-apps/google.xml 104786
//my_heytap/etc/sysconfig/google-hiddenapi-package-allowlist.xml 104787
//my_heytap/etc/sysconfig/google.xml 104788
//my_heytap/non_overlay/app/GoogleExtShared/GoogleExtShared.apk 104789-104791
//my_heytap/non_overlay/app/GooglePrintRecommendationService/GooglePrintRecommendationService.apk 104792-104822
//my_heytap/non_overlay/priv-app/GoogleFeedback/GoogleFeedback.apk 104823-104876
//my_heytap/non_overlay/priv-app/GooglePackageInstaller/GooglePackageInstaller.apk 104877-105288
//my_heytap/non_overlay/priv-app/GoogleServicesFramework/GoogleServicesFramework.apk 105289-106050
//my_heytap/non_overlay/priv-app/SetupWizard/SetupWizard.apk 106052-107081
//my_heytap/priv-app/AndroidAutoStub/AndroidAutoStub.apk 107084-107612
//my_heytap/priv-app/ConfigUpdater/ConfigUpdater.apk 107613-107766
//my_heytap/priv-app/FamilyLinkParentalControls/FamilyLinkParentalControls.apk 107767-107771
//my_heytap/priv-app/GmsCore/GmsCore.apk 107772-129857
//my_heytap/priv-app/GmsCore/m/independent/AndroidPlatformServices.apk 129875-131915
//my_heytap/priv-app/GoogleOneTimeInitializer/GoogleOneTimeInitializer.apk 131918-131955
//my_heytap/priv-app/GooglePartnerSetup/GooglePartnerSetup.apk 131956-132062
//my_heytap/priv-app/GoogleRestore/GoogleRestore.apk 132063-133551
//my_heytap/priv-app/Phonesky/Phonesky.apk 133554-143079
//my_heytap/priv-app/Velvet/Velvet.apk 143089-176462
//my_heytap/priv-app/Wellbeing/Wellbeing.apk 176495-179033
//my_heytap/product/usr/srec/en-US/CLG.prewalk.fst 179037-179692
//my_heytap/product/usr/srec/en-US/CONTACT.transform.mfar 179693-179696
//my_heytap/product/usr/srec/en-US/TERSE_LSTM_LM.lstm_lm.main_model.uint8.data 179697-180029
//my_heytap/product/usr/srec/en-US/TERSE_LSTM_LM.lstm_lm.self_normalized_model.uint8.data 180030-180591
//my_heytap/product/usr/srec/en-US/TERSE_LSTM_LM.lstm_lm.syms 180592-180728
//my_heytap/product/usr/srec/en-US/c_fst 180729-180767
//my_heytap/product/usr/srec/en-US/config.pumpkin 180768-180793
//my_heytap/product/usr/srec/en-US/dictation.config 180796-180797
//my_heytap/product/usr/srec/en-US/dnn 180798-181514
//my_heytap/product/usr/srec/en-US/embedded_class_denorm.mfar 181515-181616
//my_heytap/product/usr/srec/en-US/embedded_normalizer.mfar 181617-181644
//my_heytap/product/usr/srec/en-US/en-US_confirmation_confirmation-cancellation_TWIDDLER_FST.fst 181646
//my_heytap/product/usr/srec/en-US/en-US_gmm-actions_gmm-nav-actions_TWIDDLER_FST.fst 181647
//my_heytap/product/usr/srec/en-US/endpointer_model 181651-181654
//my_heytap/product/usr/srec/en-US/endpointer_model.mmap 181656-181659
//my_heytap/product/usr/srec/en-US/ep_portable_model.uint8.mmap 181661-181691
//my_heytap/product/usr/srec/en-US/g2p.data 181693-181939
//my_heytap/product/usr/srec/en-US/g2p_fst 181941-182682
//my_heytap/product/usr/srec/en-US/hmm_symbols 182684-182698
//my_heytap/product/usr/srec/en-US/hmmlist 182699-182706
//my_heytap/product/usr/srec/en-US/lexicon.U.fst 182708-182851
//my_heytap/product/usr/srec/en-US/lstm_model.uint8.data 182852-183946
//my_heytap/product/usr/srec/en-US/metadata 183948
//my_heytap/product/usr/srec/en-US/offensive_word_normalizer.mfar 183949-184005
//my_heytap/product/usr/srec/en-US/offline_action_data.pb 184006
//my_heytap/product/usr/srec/en-US/portable_lstm 184007-184128
//my_heytap/product/usr/srec/en-US/prons_exception_dictionary_file.txt 184129-184140
//my_heytap/product/usr/srec/en-US/pumpkin.mmap 184141-186403
//my_heytap/product/usr/srec/en-US/rescoring.fst.compact 186406-187618
//my_heytap/product/usr/srec/en-US/semantics.pumpkin 187620-187633
//my_heytap/product/usr/srec/en-US/verbalizer_terse.mfar 187634-187753
//my_heytap/product/usr/srec/en-US/voice_actions.config 187754-187755
//my_heytap/product/usr/srec/en-US/voice_actions_compiler.config 187756-187757
//my_heytap/product/usr/srec/en-US/wordlist.syms 187758-187902
