//my_heytap/apkcerts.txt 1
//my_heytap/app/ARCore/ARCore.apk 2-4
//my_heytap/app/Chrome/Chrome.apk 5-5196
//my_heytap/app/ChromePartnerProvider/ChromePartnerProvider.apk 5202-5404
//my_heytap/app/ChromePartnerProvider/oat/arm64/ChromePartnerProvider.vdex 5405-5407
//my_heytap/app/EmailPartnerProvider/EmailPartnerProvider.apk 5408-5610
//my_heytap/app/EmailPartnerProvider/oat/arm64/EmailPartnerProvider.vdex 5611-5613
//my_heytap/app/Gmail2/Gmail2.apk 5614-20457
//my_heytap/app/GoogleLocationHistory/GoogleLocationHistory.apk 20470-20477
//my_heytap/app/InterconnectCollectKit/InterconnectCollectKit.apk 20478-20569
//my_heytap/app/InterconnectCollectKit/oat/arm64/InterconnectCollectKit.vdex 20570-20572
//my_heytap/app/MCS/MCS.apk 20573-23408
//my_heytap/app/MCS/lib/arm64/libheytap_mcs_cipheralgo_fixed.so 23412-23413
//my_heytap/app/MCS/lib/arm64/libmmkv.so 23414-23477
//my_heytap/app/MCS/oat/arm/MCS.vdex 23478-23522
//my_heytap/app/MCS/oat/arm64/MCS.vdex 23523-23567
//my_heytap/app/Maps/Maps.apk 23568-37571
//my_heytap/app/Melody/Melody.apk 37583-45075
//my_heytap/app/Melody/oat/arm64/Melody.vdex 45082-45117
//my_heytap/app/SpeechServicesByGoogle/SpeechServicesByGoogle.apk 45118-56331
//my_heytap/app/StdSP/StdSP.apk 56341-79918
//my_heytap/app/StdSP/oat/arm64/StdSP.vdex 79935-79951
//my_heytap/app/TrichromeLibrary/TrichromeLibrary.apk 79952-94947
//my_heytap/app/WebViewGoogle/WebViewGoogle.apk 94958-113243
//my_heytap/app/WifiBackupRestore/WifiBackupRestore.apk 113258-116079
//my_heytap/app/WifiBackupRestore/oat/arm/WifiBackupRestore.vdex 116083-116124
//my_heytap/app/WifiBackupRestore/oat/arm64/WifiBackupRestore.vdex 116125-116166
//my_heytap/app/YouTube/YouTube.apk 116167-131743
//my_heytap/app/talkback/talkback.apk 131756-136313
//my_heytap/etc/NOTICE.xml.gz 136319-136325
//my_heytap/etc/permissions/privapp-permissions-google-product.xml 136326
//my_heytap/etc/permissions/privapp-permissions-google-system-ext.xml 136327
//my_heytap/etc/permissions/privapp-permissions-oplus.xml 136328
//my_heytap/etc/preferred-apps/google.xml 136329
//my_heytap/etc/sysconfig/google-hiddenapi-package-allowlist.xml 136330
//my_heytap/etc/sysconfig/google.xml 136331
//my_heytap/non_overlay/app/GoogleExtShared/GoogleExtShared.apk 136332-136334
//my_heytap/non_overlay/app/GooglePrintRecommendationService/GooglePrintRecommendationService.apk 136335-136352
//my_heytap/non_overlay/priv-app/GoogleFeedback/GoogleFeedback.apk 136353-136439
//my_heytap/non_overlay/priv-app/GooglePackageInstaller/GooglePackageInstaller.apk 136440-136876
//my_heytap/non_overlay/priv-app/GoogleServicesFramework/GoogleServicesFramework.apk 136877-137871
//my_heytap/non_overlay/priv-app/SetupWizard/SetupWizard.apk 137873-138902
//my_heytap/priv-app/AndroidAutoStub/AndroidAutoStub.apk 138905-139433
//my_heytap/priv-app/AndroidAutoStub/oat/arm64/AndroidAutoStub.vdex 139434-139443
//my_heytap/priv-app/ConfigUpdater/ConfigUpdater.apk 139444-140574
//my_heytap/priv-app/ConfigUpdater/oat/arm64/ConfigUpdater.vdex 140577-140600
//my_heytap/priv-app/FamilyLinkParentalControls/FamilyLinkParentalControls.apk 140601-140605
//my_heytap/priv-app/GmsCore/GmsCore.apk 140606-162848
//my_heytap/priv-app/GmsCore/m/independent/AndroidPlatformServices.apk 162866-164907
//my_heytap/priv-app/GmsCore/oat/arm/GmsCore.vdex 164910-165278
//my_heytap/priv-app/GmsCore/oat/arm64/GmsCore.vdex 165279-165647
//my_heytap/priv-app/GoogleOneTimeInitializer/GoogleOneTimeInitializer.apk 165648-165675
//my_heytap/priv-app/GooglePartnerSetup/GooglePartnerSetup.apk 165677-165783
//my_heytap/priv-app/GooglePartnerSetup/oat/arm64/GooglePartnerSetup.vdex 165784-165786
//my_heytap/priv-app/GoogleRestore/GoogleRestore.apk 165787-167349
//my_heytap/priv-app/GoogleRestore/oat/arm64/GoogleRestore.vdex 167352-167378
//my_heytap/priv-app/Phonesky/Phonesky.apk 167379-177033
//my_heytap/priv-app/Phonesky/oat/arm64/Phonesky.vdex 177043-177195
//my_heytap/priv-app/Velvet/Velvet.apk 177196-212239
//my_heytap/priv-app/Velvet/oat/arm/Velvet.vdex 212273-212871
//my_heytap/priv-app/Velvet/oat/arm64/Velvet.vdex 212872-213470
//my_heytap/priv-app/Wellbeing/Wellbeing.apk 213471-216069
//my_heytap/priv-app/Wellbeing/oat/arm64/Wellbeing.vdex 216073-216114
//my_heytap/product/usr/srec/en-US/CLG.prewalk.fst 216115-216770
//my_heytap/product/usr/srec/en-US/CONTACT.transform.mfar 216772-216775
//my_heytap/product/usr/srec/en-US/TERSE_LSTM_LM.lstm_lm.main_model.uint8.data 216776-217108
//my_heytap/product/usr/srec/en-US/TERSE_LSTM_LM.lstm_lm.self_normalized_model.uint8.data 217109-217670
//my_heytap/product/usr/srec/en-US/TERSE_LSTM_LM.lstm_lm.syms 217672-217809
//my_heytap/product/usr/srec/en-US/c_fst 217810-217848
//my_heytap/product/usr/srec/en-US/config.pumpkin 217849-217874
//my_heytap/product/usr/srec/en-US/dictation.config 217877-217878
//my_heytap/product/usr/srec/en-US/dnn 217879-218595
//my_heytap/product/usr/srec/en-US/embedded_class_denorm.mfar 218596-218697
//my_heytap/product/usr/srec/en-US/embedded_normalizer.mfar 218698-218725
//my_heytap/product/usr/srec/en-US/en-US_confirmation_confirmation-cancellation_TWIDDLER_FST.fst 218727
//my_heytap/product/usr/srec/en-US/en-US_gmm-actions_gmm-nav-actions_TWIDDLER_FST.fst 218728
//my_heytap/product/usr/srec/en-US/endpointer_model 218732-218735
//my_heytap/product/usr/srec/en-US/endpointer_model.mmap 218737-218740
//my_heytap/product/usr/srec/en-US/ep_portable_model.uint8.mmap 218742-218772
//my_heytap/product/usr/srec/en-US/g2p.data 218774-219020
//my_heytap/product/usr/srec/en-US/g2p_fst 219022-219763
//my_heytap/product/usr/srec/en-US/hmm_symbols 219765-219779
//my_heytap/product/usr/srec/en-US/hmmlist 219780-219787
//my_heytap/product/usr/srec/en-US/lexicon.U.fst 219789-219933
//my_heytap/product/usr/srec/en-US/lstm_model.uint8.data 219934-221028
//my_heytap/product/usr/srec/en-US/metadata 221030
//my_heytap/product/usr/srec/en-US/offensive_word_normalizer.mfar 221031-221087
//my_heytap/product/usr/srec/en-US/offline_action_data.pb 221088
//my_heytap/product/usr/srec/en-US/portable_lstm 221089-221210
//my_heytap/product/usr/srec/en-US/prons_exception_dictionary_file.txt 221211-221222
//my_heytap/product/usr/srec/en-US/pumpkin.mmap 221223-223486
//my_heytap/product/usr/srec/en-US/rescoring.fst.compact 223489-224701
//my_heytap/product/usr/srec/en-US/semantics.pumpkin 224703-224716
//my_heytap/product/usr/srec/en-US/verbalizer_terse.mfar 224717-224836
//my_heytap/product/usr/srec/en-US/voice_actions.config 224837-224838
//my_heytap/product/usr/srec/en-US/voice_actions_compiler.config 224839-224840
//my_heytap/product/usr/srec/en-US/wordlist.syms 224841-224985
