//my_product/apkcerts.txt 1-3
//my_product/app/OplusCamera/OplusCamera.apk 4-28267
//my_product/app/OplusCamera/oat/arm64/OplusCamera.vdex 28290-28368
//my_product/app/OplusDiracService/OplusDiracService.apk 28369-28731
//my_product/app/OplusDiracService/oat/arm64/OplusDiracService.vdex 28732-28736
//my_product/build.prop 28737
//my_product/decouping_wallpaper/common/default_multi_sys_wallpaper.png 28738-28748
//my_product/decouping_wallpaper/common/inlay_wallpaper1.png 28750-29303
//my_product/decouping_wallpaper/common/inlay_wallpaper2.png 29304-29899
//my_product/decouping_wallpaper/common/inlay_wallpaper3.png 29901-30357
//my_product/decouping_wallpaper/common/inlay_wallpaper4.png 30359-31216
//my_product/decouping_wallpaper/common/inlay_wallpaper5.png 31217-31820
//my_product/decouping_wallpaper/common/inlay_wallpaper6.png 31821-33003
//my_product/decouping_wallpaper/common/inlay_wallpaper7.png 33005-34336
//my_product/decouping_wallpaper/common/inlay_wallpaper8.png 34338-35429
//my_product/decouping_wallpaper/common/inlay_wallpaper9.png 35431-36744
//my_product/decouping_wallpaper/common/intuition_wallpaper/intuition_green_wallpaper.mp4 36745-41708
//my_product/decouping_wallpaper/common/intuition_wallpaper/intuition_yellow_wallpaper.mp4 41712-46721
//my_product/decouping_wallpaper/common/product_wallpaper1.png 46725-47948
//my_product/decouping_wallpaper/common/product_wallpaper2.png 47950-49187
//my_product/decouping_wallpaper/common/product_wallpaper3.png 49189-50415
//my_product/decouping_wallpaper/default/default_black.png 50417-51640
//my_product/decouping_wallpaper/default/default_green.png 51642-52879
//my_product/decouping_wallpaper/default/default_grow.png 52881-54107
//my_product/decouping_wallpaper/default/default_multi_sys_wallpaper.png 54109-54119
//my_product/decouping_wallpaper/default/default_wallpaper.png 54120-54533
//my_product/decouping_wallpaper/default/default_wallpaper_lock.png 54535-54948
//my_product/decouping_wallpaper/default/liveWallpaper/Pickle_black.mp4 54950-59317
//my_product/decouping_wallpaper/default/liveWallpaper/Pickle_glow.mp4 59319-62249 62250
//my_product/decouping_wallpaper/default/liveWallpaper/Pickle_green.mp4 62251-65760
//my_product/decouping_wallpaper/default/liveWallpaper/op9_pro_1.mp4 65761-66387
//my_product/decouping_wallpaper/default/liveWallpaper/op9_pro_2.mp4 66388-67075
//my_product/decouping_wallpaper/default/liveWallpaper/op9_pro_3.mp4 67077-67387
//my_product/decouping_wallpaper/default/liveWallpaper/op9_pro_4.mp4 67388-68125
//my_product/decouping_wallpaper/default/liveWallpaper/op9_pro_6.mp4 68126-68558
//my_product/decouping_wallpaper/default/preview_0.png 68559-68568
//my_product/decouping_wallpaper/default/preview_0_en.png 68569-68579
//my_product/decouping_wallpaper/default/preview_1.png 68580-68642
//my_product/decouping_wallpaper/default/preview_1_en.png 68643-68689
//my_product/decouping_wallpaper/default/thumb.png 68690-68701
//my_product/decouping_wallpaper/default/thumb_en.png 68703-68710
//my_product/etc/NOTICE.xml.gz 68712
//my_product/etc/OVMS_vprint.bin 68714-70182
//my_product/etc/OVMS_wakeup.bin 70184-70525
//my_product/etc/apns-conf.xml 70526-70569
//my_product/etc/camera/engineer_camera_config 70570
//my_product/etc/cooleffect/defaultEncryptedData/dwrg.dat 70573
//my_product/etc/cooleffect/defaultEncryptedData/fortnite.dat 70574-70576
//my_product/etc/cooleffect/defaultEncryptedData/lolm.dat 70577
//my_product/etc/cooleffect/defaultEncryptedData/lolm_international.dat 70578
//my_product/etc/cooleffect/defaultEncryptedData/wzry.dat 70582
//my_product/etc/extension/sys_osense_decisionmaker_config.xml 70584
//my_product/etc/fusionlight_profile/screen_diff/oplus_fusion_light_args.xml 70585
//my_product/etc/fusionlight_profile/screen_diff/oplus_fusion_light_args_2.xml 70586
//my_product/etc/permissions/com.android.hotwordenrollment.common.util.impl.jar 70588-70589
//my_product/etc/refresh_rate_config.xml 70595-70608
//my_product/etc/rf_feature_config.xml 70609
//my_product/etc/vibrator/effect2waveform.xml 70612-70614
//my_product/framework/com.android.hotwordenrollment.common.util.jar 70615-70616
//my_product/lib/libAPSClient-cmd-jni.so 70617-70694
//my_product/lib/libAPSClient-jni.so 70695-70784
//my_product/lib/libcolorx-loader.so 70785-70790
//my_product/lib/libcolorx.so 70791-71048
//my_product/lib/libcoolex.so 71049-71075
//my_product/lib64/libAPSClient-cmd-jni.so 71077-71186
//my_product/lib64/libAPSClient-jni.so 71187-71310
//my_product/lib64/libAncFilter_jni.so 71311-71399
//my_product/lib64/libAncHumBokeh-jni.so 71400-71435
//my_product/lib64/libAncHumanDoubleExposure-jni.so 71436-71478
//my_product/lib64/libAncHumanRetain-jni_v2.so 71479-71520
//my_product/lib64/libAncHumanSegFigureFusion-jni.so 71521-71563
//my_product/lib64/libAncHumanVideo-jni.so 71564-71597
//my_product/lib64/libApsFaceBeautyPreviewProductJni.so 71598-71674
//my_product/lib64/libFileExtender-jni.so 71675-71699
//my_product/lib64/libOplusBlurPreviewJNI.so 71700-71743
//my_product/lib64/libSuperTextWrapper.so 71744-71867
//my_product/lib64/libXDocProcessSDK-jni.so 71869-72010
//my_product/lib64/libXDocProcessSDK.so 72011-72906
//my_product/lib64/libYTCommon.so 72908-73011
//my_product/lib64/libcolorx-loader.so 73012-73019
//my_product/lib64/libcolorx.so 73020-73329
//my_product/lib64/libcoolex.so 73330-73356
//my_product/lib64/libextendfile.so 73357-73463
//my_product/lib64/libjnisingleblur_api.so 73464-73528
//my_product/lib64/libjnistblur_api.so 73530-73595
//my_product/lib64/libmpbase.so 73596
//my_product/lib64/libsingle_camera_bokeh_native.so 73597-73734
//my_product/media/bootanimation/bootanimation.zip 73735-73908
//my_product/media/bootanimation/rbootanimation.zip 73909-73914
//my_product/media/quickboot/boot_bat_temp_high.png 73918-73923
//my_product/media/quickboot/boot_bat_temp_low.png 73924-73929
//my_product/media/quickboot/boot_black_picture.png 73930
//my_product/media/quickboot/boot_charger_01.png 73931-73932
//my_product/media/quickboot/boot_charger_02.png 73933-73934
//my_product/media/quickboot/boot_charger_03.png 73935-73936
//my_product/media/quickboot/boot_charger_04.png 73937-73938
//my_product/media/quickboot/boot_charger_05.png 73939-73940
//my_product/media/quickboot/boot_charger_06.png 73941-73942
//my_product/media/quickboot/boot_charger_07.png 73943-73944
//my_product/media/quickboot/boot_charger_08.png 73945-73946
//my_product/media/quickboot/boot_charger_09.png 73947-73948
//my_product/media/quickboot/boot_charger_10.png 73949-73950
//my_product/media/quickboot/boot_charger_100.png 73951-73953
//my_product/media/quickboot/boot_charger_11.png 73954-73955
//my_product/media/quickboot/boot_charger_12.png 73956-73957
//my_product/media/quickboot/boot_charger_13.png 73958-73959
//my_product/media/quickboot/boot_charger_14.png 73960-73962
//my_product/media/quickboot/boot_charger_15.png 73963-73964
//my_product/media/quickboot/boot_charger_16.png 73965-73967
//my_product/media/quickboot/boot_charger_17.png 73969-73971
//my_product/media/quickboot/boot_charger_18.png 73972-73974
//my_product/media/quickboot/boot_charger_19.png 73975-73977
//my_product/media/quickboot/boot_charger_20.png 73978-73980
//my_product/media/quickboot/boot_charger_21.png 73981-73983
//my_product/media/quickboot/boot_charger_22.png 73984-73986
//my_product/media/quickboot/boot_charger_23.png 73987-73989
//my_product/media/quickboot/boot_charger_24.png 73990-73992
//my_product/media/quickboot/boot_charger_25.png 73993-73995
//my_product/media/quickboot/boot_charger_battery_high.png 73996-74002
//my_product/media/quickboot/boot_charger_battery_untouch.png 74003-74009
//my_product/media/quickboot/boot_charger_deviated_CN.png 74010-74028
//my_product/media/quickboot/boot_charger_deviated_US.png 74029-74046
//my_product/media/quickboot/boot_charger_empty.png 74047
//my_product/media/quickboot/boot_charger_f_s_v_01.png 74049-74054
//my_product/media/quickboot/boot_charger_f_s_v_02.png 74055-74060
//my_product/media/quickboot/boot_charger_f_s_v_03.png 74061-74066
//my_product/media/quickboot/boot_charger_f_s_v_04.png 74067-74073
//my_product/media/quickboot/boot_charger_f_s_v_05.png 74074-74080
//my_product/media/quickboot/boot_charger_f_s_v_06.png 74081-74087
//my_product/media/quickboot/boot_charger_f_s_v_07.png 74088-74094
//my_product/media/quickboot/boot_charger_f_s_v_08.png 74095-74101
//my_product/media/quickboot/boot_charger_f_s_v_09.png 74102-74108
//my_product/media/quickboot/boot_charger_f_s_v_10.png 74109-74116
//my_product/media/quickboot/boot_charger_f_s_v_11.png 74117-74124
//my_product/media/quickboot/boot_charger_f_s_v_12.png 74125-74132
//my_product/media/quickboot/boot_charger_f_s_v_13.png 74133-74140
//my_product/media/quickboot/boot_charger_f_s_v_14.png 74141-74148
//my_product/media/quickboot/boot_charger_f_s_v_15.png 74149-74156
//my_product/media/quickboot/boot_charger_f_s_v_16.png 74157-74164
//my_product/media/quickboot/boot_charger_f_s_v_17.png 74165-74172
//my_product/media/quickboot/boot_charger_f_s_v_18.png 74173-74180
//my_product/media/quickboot/boot_charger_f_s_v_19.png 74181-74188
//my_product/media/quickboot/boot_charger_f_s_v_20.png 74189-74197
//my_product/media/quickboot/boot_charger_f_s_v_21.png 74198-74206
//my_product/media/quickboot/boot_charger_f_s_v_22.png 74207-74215
//my_product/media/quickboot/boot_charger_f_s_v_23.png 74216-74224
//my_product/media/quickboot/boot_charger_f_s_v_24.png 74225-74233
//my_product/media/quickboot/boot_charger_f_s_v_25.png 74234-74242
//my_product/media/quickboot/boot_charger_f_s_v_empty.png 74243-74248
//my_product/media/quickboot/boot_charger_f_v_01.png 74249-74254
//my_product/media/quickboot/boot_charger_f_v_02.png 74255-74260
//my_product/media/quickboot/boot_charger_f_v_03.png 74261-74266
//my_product/media/quickboot/boot_charger_f_v_04.png 74267-74273
//my_product/media/quickboot/boot_charger_f_v_05.png 74274-74280
//my_product/media/quickboot/boot_charger_f_v_06.png 74281-74287
//my_product/media/quickboot/boot_charger_f_v_07.png 74288-74294
//my_product/media/quickboot/boot_charger_f_v_08.png 74296-74302
//my_product/media/quickboot/boot_charger_f_v_09.png 74303-74309
//my_product/media/quickboot/boot_charger_f_v_10.png 74310-74316
//my_product/media/quickboot/boot_charger_f_v_11.png 74317-74323
//my_product/media/quickboot/boot_charger_f_v_12.png 74324-74330
//my_product/media/quickboot/boot_charger_f_v_13.png 74331-74337
//my_product/media/quickboot/boot_charger_f_v_14.png 74338-74344
//my_product/media/quickboot/boot_charger_f_v_15.png 74345-74351
//my_product/media/quickboot/boot_charger_f_v_16.png 74352-74359
//my_product/media/quickboot/boot_charger_f_v_17.png 74360-74367
//my_product/media/quickboot/boot_charger_f_v_18.png 74368-74375
//my_product/media/quickboot/boot_charger_f_v_19.png 74376-74383
//my_product/media/quickboot/boot_charger_f_v_20.png 74384-74391
//my_product/media/quickboot/boot_charger_f_v_21.png 74392-74399
//my_product/media/quickboot/boot_charger_f_v_22.png 74400-74407
//my_product/media/quickboot/boot_charger_f_v_23.png 74408-74415
//my_product/media/quickboot/boot_charger_f_v_24.png 74416-74423
//my_product/media/quickboot/boot_charger_f_v_25.png 74424-74431
//my_product/media/quickboot/boot_charger_f_v_empty.png 74432-74437
//my_product/media/quickboot/boot_charger_full.png 74438-74440
//my_product/media/quickboot/boot_charger_full_thirdbat.png 74441-74447
//my_product/media/quickboot/boot_charger_full_with_exception1.png 74448-74454
//my_product/media/quickboot/boot_charger_full_with_exception2.png 74455-74461
//my_product/media/quickboot/boot_charger_s_01.png 74467-74468
//my_product/media/quickboot/boot_charger_s_02.png 74469-74470
//my_product/media/quickboot/boot_charger_s_03.png 74471-74472
//my_product/media/quickboot/boot_charger_s_04.png 74473-74474
//my_product/media/quickboot/boot_charger_s_05.png 74475-74476
//my_product/media/quickboot/boot_charger_s_06.png 74477-74478
//my_product/media/quickboot/boot_charger_s_07.png 74479-74481
//my_product/media/quickboot/boot_charger_s_08.png 74482-74484
//my_product/media/quickboot/boot_charger_s_09.png 74485-74487
//my_product/media/quickboot/boot_charger_s_10.png 74488-74490
//my_product/media/quickboot/boot_charger_s_11.png 74491-74493
//my_product/media/quickboot/boot_charger_s_12.png 74494-74496
//my_product/media/quickboot/boot_charger_s_13.png 74497-74499
//my_product/media/quickboot/boot_charger_s_14.png 74500-74502
//my_product/media/quickboot/boot_charger_s_15.png 74503-74505
//my_product/media/quickboot/boot_charger_s_16.png 74506-74508
//my_product/media/quickboot/boot_charger_s_17.png 74509-74511
//my_product/media/quickboot/boot_charger_s_18.png 74512-74514
//my_product/media/quickboot/boot_charger_s_19.png 74515-74517
//my_product/media/quickboot/boot_charger_s_20.png 74518-74520
//my_product/media/quickboot/boot_charger_s_21.png 74522-74524
//my_product/media/quickboot/boot_charger_s_22.png 74525-74527
//my_product/media/quickboot/boot_charger_s_23.png 74528-74530
//my_product/media/quickboot/boot_charger_s_24.png 74531-74533
//my_product/media/quickboot/boot_charger_s_25.png 74534-74536
//my_product/media/quickboot/boot_charger_s_empty.png 74537-74538
//my_product/media/quickboot/boot_charger_s_v_01.png 74539-74540
//my_product/media/quickboot/boot_charger_s_v_02.png 74541-74542
//my_product/media/quickboot/boot_charger_s_v_03.png 74543-74544
//my_product/media/quickboot/boot_charger_s_v_04.png 74545-74547
//my_product/media/quickboot/boot_charger_s_v_05.png 74548-74550
//my_product/media/quickboot/boot_charger_s_v_06.png 74551-74553
//my_product/media/quickboot/boot_charger_s_v_07.png 74554-74556
//my_product/media/quickboot/boot_charger_s_v_08.png 74557-74559
//my_product/media/quickboot/boot_charger_s_v_09.png 74560-74562
//my_product/media/quickboot/boot_charger_s_v_10.png 74563-74565
//my_product/media/quickboot/boot_charger_s_v_11.png 74566-74568
//my_product/media/quickboot/boot_charger_s_v_12.png 74569-74571
//my_product/media/quickboot/boot_charger_s_v_13.png 74572-74574
//my_product/media/quickboot/boot_charger_s_v_14.png 74575-74577
//my_product/media/quickboot/boot_charger_s_v_15.png 74578-74580
//my_product/media/quickboot/boot_charger_s_v_16.png 74581-74583
//my_product/media/quickboot/boot_charger_s_v_17.png 74584-74586
//my_product/media/quickboot/boot_charger_s_v_18.png 74587-74589
//my_product/media/quickboot/boot_charger_s_v_19.png 74590-74592
//my_product/media/quickboot/boot_charger_s_v_20.png 74593-74595
//my_product/media/quickboot/boot_charger_s_v_21.png 74596-74599
//my_product/media/quickboot/boot_charger_s_v_22.png 74600-74603
//my_product/media/quickboot/boot_charger_s_v_23.png 74604-74607
//my_product/media/quickboot/boot_charger_s_v_24.png 74608-74611
//my_product/media/quickboot/boot_charger_s_v_25.png 74612-74614
//my_product/media/quickboot/boot_charger_s_v_2_01.png 74615-74616
//my_product/media/quickboot/boot_charger_s_v_2_02.png 74617-74618
//my_product/media/quickboot/boot_charger_s_v_2_03.png 74619-74621
//my_product/media/quickboot/boot_charger_s_v_2_04.png 74622-74624
//my_product/media/quickboot/boot_charger_s_v_2_05.png 74625-74627
//my_product/media/quickboot/boot_charger_s_v_2_06.png 74628-74630
//my_product/media/quickboot/boot_charger_s_v_2_07.png 74631-74633
//my_product/media/quickboot/boot_charger_s_v_2_08.png 74634-74636
//my_product/media/quickboot/boot_charger_s_v_2_09.png 74637-74639
//my_product/media/quickboot/boot_charger_s_v_2_10.png 74640-74642
//my_product/media/quickboot/boot_charger_s_v_2_11.png 74643-74645
//my_product/media/quickboot/boot_charger_s_v_2_12.png 74647-74649
//my_product/media/quickboot/boot_charger_s_v_2_13.png 74650-74652
//my_product/media/quickboot/boot_charger_s_v_2_14.png 74653-74655
//my_product/media/quickboot/boot_charger_s_v_2_15.png 74656-74658
//my_product/media/quickboot/boot_charger_s_v_2_16.png 74659-74661
//my_product/media/quickboot/boot_charger_s_v_2_17.png 74662-74664
//my_product/media/quickboot/boot_charger_s_v_2_18.png 74665-74667
//my_product/media/quickboot/boot_charger_s_v_2_19.png 74668-74670
//my_product/media/quickboot/boot_charger_s_v_2_20.png 74671-74673
//my_product/media/quickboot/boot_charger_s_v_2_21.png 74674-74676
//my_product/media/quickboot/boot_charger_s_v_2_22.png 74677-74679
//my_product/media/quickboot/boot_charger_s_v_2_23.png 74680-74683
//my_product/media/quickboot/boot_charger_s_v_2_24.png 74684-74687
//my_product/media/quickboot/boot_charger_s_v_2_25.png 74688-74691
//my_product/media/quickboot/boot_charger_s_v_2_empty.png 74692-74693
//my_product/media/quickboot/boot_charger_s_v_empty.png 74694-74695
//my_product/media/quickboot/boot_charger_timeout.png 74696-74702
//my_product/media/quickboot/boot_charger_unknown.png 74703-74704
//my_product/media/quickboot/boot_charger_vol_high.png 74705-74710
//my_product/media/quickboot/boot_charger_vol_low.png 74711-74717
//my_product/media/quickboot/boot_charger_wireless_01.png 74718-74719
//my_product/media/quickboot/boot_charger_wireless_02.png 74720-74722
//my_product/media/quickboot/boot_charger_wireless_03.png 74723-74725
//my_product/media/quickboot/boot_charger_wireless_04.png 74726-74728
//my_product/media/quickboot/boot_charger_wireless_05.png 74729-74731
//my_product/media/quickboot/boot_charger_wireless_06.png 74732-74734
//my_product/media/quickboot/boot_charger_wireless_07.png 74735-74737
//my_product/media/quickboot/boot_charger_wireless_08.png 74738-74740
//my_product/media/quickboot/boot_charger_wireless_09.png 74741-74743
//my_product/media/quickboot/boot_charger_wireless_10.png 74744-74746
//my_product/media/quickboot/boot_charger_wireless_100.png 74747-74750
//my_product/media/quickboot/boot_charger_wireless_11.png 74751-74753
//my_product/media/quickboot/boot_charger_wireless_12.png 74754-74756
//my_product/media/quickboot/boot_charger_wireless_13.png 74757-74759
//my_product/media/quickboot/boot_charger_wireless_14.png 74760-74762
//my_product/media/quickboot/boot_charger_wireless_15.png 74763-74766
//my_product/media/quickboot/boot_charger_wireless_16.png 74767-74770
//my_product/media/quickboot/boot_charger_wireless_17.png 74771-74774
//my_product/media/quickboot/boot_charger_wireless_18.png 74775-74778
//my_product/media/quickboot/boot_charger_wireless_19.png 74779-74782
//my_product/media/quickboot/boot_charger_wireless_20.png 74783-74786
//my_product/media/quickboot/boot_charger_wireless_21.png 74787-74790
//my_product/media/quickboot/boot_charger_wireless_22.png 74792-74795
//my_product/media/quickboot/boot_charger_wireless_23.png 74796-74799
//my_product/media/quickboot/boot_charger_wireless_24.png 74800-74803
//my_product/media/quickboot/boot_charger_wireless_25.png 74804-74807
//my_product/media/quickboot/boot_charger_wireless_empty.png 74808-74810
//my_product/media/quickboot/boot_charger_wireless_novooc_01.png 74811-74812
//my_product/media/quickboot/boot_charger_wireless_novooc_02.png 74813-74814
//my_product/media/quickboot/boot_charger_wireless_novooc_03.png 74815-74816
//my_product/media/quickboot/boot_charger_wireless_novooc_04.png 74817-74818
//my_product/media/quickboot/boot_charger_wireless_novooc_05.png 74819-74820
//my_product/media/quickboot/boot_charger_wireless_novooc_06.png 74821-74822
//my_product/media/quickboot/boot_charger_wireless_novooc_07.png 74823-74824
//my_product/media/quickboot/boot_charger_wireless_novooc_08.png 74825-74827
//my_product/media/quickboot/boot_charger_wireless_novooc_09.png 74828-74829
//my_product/media/quickboot/boot_charger_wireless_novooc_10.png 74830-74832
//my_product/media/quickboot/boot_charger_wireless_novooc_100.png 74833-74835
//my_product/media/quickboot/boot_charger_wireless_novooc_11.png 74836-74838
//my_product/media/quickboot/boot_charger_wireless_novooc_12.png 74839-74841
//my_product/media/quickboot/boot_charger_wireless_novooc_13.png 74842-74844
//my_product/media/quickboot/boot_charger_wireless_novooc_14.png 74845-74847
//my_product/media/quickboot/boot_charger_wireless_novooc_15.png 74848-74850
//my_product/media/quickboot/boot_charger_wireless_novooc_16.png 74851-74853
//my_product/media/quickboot/boot_charger_wireless_novooc_17.png 74854-74856
//my_product/media/quickboot/boot_charger_wireless_novooc_18.png 74857-74859
//my_product/media/quickboot/boot_charger_wireless_novooc_19.png 74860-74862
//my_product/media/quickboot/boot_charger_wireless_novooc_20.png 74863-74865
//my_product/media/quickboot/boot_charger_wireless_novooc_21.png 74866-74868
//my_product/media/quickboot/boot_charger_wireless_novooc_22.png 74869-74871
//my_product/media/quickboot/boot_charger_wireless_novooc_23.png 74872-74874
//my_product/media/quickboot/boot_charger_wireless_novooc_24.png 74875-74877
//my_product/media/quickboot/boot_charger_wireless_novooc_25.png 74878-74880
//my_product/media/quickboot/boot_charger_wireless_novooc_empty.png 74881-74882
//my_product/non_overlay/priv-app/DiracAudioControlService/DiracAudioControlService.apk 74883-74923
//my_product/overlay/SystemUIFingerprintRes_13_0_COSMOS.apk 74925-77680
//my_product/overlay/SystemUIFingerprintRes_13_0_FIREWORKS.apk 77683-78750
//my_product/overlay/SystemUIFingerprintRes_13_0_FY.apk 78751-80396
//my_product/overlay/SystemUIFingerprintRes_13_0_NONE.apk 80397-80454
//my_product/overlay/SystemUIFingerprintRes_13_0_RIPPLE.apk 80455-81398
//my_product/overlay/SystemUIFingerprintRes_13_0_STRIPE.apk 81400-81740
//my_product/overlay/SystemUIFingerprintRes_13_0_SW.apk 81741-83223
//my_product/overlay/android_framework_res_rro_export_oneplus.apk 83225-83226
//my_product/overlay/oplus_framework_res_rro_oneplus.apk 83227-83228
//my_product/priv-app/HandsFreeAssistant.apk 83229-83608
//my_product/priv-app/HotwordEnrollmentOKGoogleRISCV.apk 83609-83766
//my_product/priv-app/HotwordEnrollmentXGoogleRISCV.apk 83767-83909
//my_product/priv-app/SystemClone/SystemClone.apk 83910-85661
//my_product/priv-app/SystemClone/oat/arm64/SystemClone.vdex 85664-85685
//my_product/product_overlay/framework/com.oplus.camera.unit.sdk.adapter.jar 85688-85894
//my_product/product_overlay/framework/com.oplus.camera.unit.sdk.jar 85895-86181
//my_product/res/engineermode/MEMC_SDR2HDR_Test_24fps.mp4 86182-88370
//my_product/res/engineermode/MEMC_SDR2HDR_Test_30fps.mp4 88372-89509
//my_product/vendor/etc/cust_silky_brightness_boe.xml 89510-89549
//my_product/vendor/etc/cust_silky_brightness_tianma.xml 89550-89589
//my_product/vendor/etc/display_brightness_config_boe.xml 89590-89624
//my_product/vendor/etc/display_brightness_config_tianma.xml 89626-89660
//my_product/vendor/etc/display_curve_map.xml 89661-89708
//my_product/vendor/etc/multimedia_app_scale_list.xml 89709-89710
//my_product/vendor/etc/multimedia_display_feature_config.xml 89711
//my_product/vendor/etc/multimedia_display_perf_list.xml 89712
//my_product/vendor/etc/voicecommand/training/ubmfile/keyword03/de-DE/hhhh/p2/128.dat 89714-89720
//my_product/vendor/etc/voicecommand/training/ubmfile/keyword03/de-DE/hhhh/p2/64.dat 89721-89723
//my_product/vendor/etc/voicecommand/training/ubmfile/keyword03/de-DE/hhhh/p2/ubmModel0.bin 89725-89729
//my_product/vendor/etc/voicecommand/training/ubmfile/keyword03/de-DE/hhhh/p2/ubmModel0_BKD.bin 89730-89739
//my_product/vendor/etc/voicecommand/training/ubmfile/keyword03/de-DE/hhhh/p2/ubmModel0_CMD.bin 89741-89750
//my_product/vendor/etc/voicecommand/training/ubmfile/keyword03/de-DE/hhhh/p2/ubmModel1.bin 89752-89790
//my_product/vendor/etc/voicecommand/training/ubmfile/keyword03/de-DE/hhhh/p2/ubmModel10.bin 89791-89800
//my_product/vendor/etc/voicecommand/training/ubmfile/keyword03/de-DE/hhhh/p2/ubmModel2.bin 89802-89840
//my_product/vendor/etc/voicecommand/training/ubmfile/keyword03/de-DE/hhhh/p2/ubmModel3.bin 89841-89845
//my_product/vendor/etc/voicecommand/training/ubmfile/keyword03/de-DE/hhhh/p2/ubmModel4.bin 89846-89855
//my_product/vendor/etc/voicecommand/training/ubmfile/keyword03/de-DE/hhhh/p2.3/128.dat 89857-89863
//my_product/vendor/etc/voicecommand/training/ubmfile/keyword03/de-DE/hhhh/p2.3/64.dat 89865-89867
//my_product/vendor/etc/voicecommand/training/ubmfile/keyword03/de-DE/hhhh/p2.3/ubmModel0.bin 89869-89954
//my_product/vendor/etc/voicecommand/training/ubmfile/keyword03/de-DE/hhhh/p2.3/ubmModel0_BKD.bin 89955-89964
//my_product/vendor/etc/voicecommand/training/ubmfile/keyword03/de-DE/hhhh/p2.3/ubmModel0_CMD.bin 89966-89975
//my_product/vendor/etc/voicecommand/training/ubmfile/keyword03/de-DE/hhhh/p2.3/ubmModel1.bin 89977-90015
//my_product/vendor/etc/voicecommand/training/ubmfile/keyword03/de-DE/hhhh/p2.3/ubmModel10.bin 90016-90101
//my_product/vendor/etc/voicecommand/training/ubmfile/keyword03/de-DE/hhhh/p2.3/ubmModel2.bin 90102-90140
//my_product/vendor/etc/voicecommand/training/ubmfile/keyword03/de-DE/hhhh/p2.3/ubmModel3.bin 90141-90226
//my_product/vendor/etc/voicecommand/training/ubmfile/keyword03/de-DE/hhhh/p2.3/ubmModel4.bin 90227-90312
//my_product/vendor/etc/voicecommand/training/ubmfile/keyword03/de-DE/hhhh/p2.5/n0 90313-90589
//my_product/vendor/etc/voicecommand/training/ubmfile/keyword03/de-DE/hhhh/p2.5/n1 90590-90593
//my_product/vendor/etc/voicecommand/training/ubmfile/keyword03/de-DE/hhhh/p2.5/n2 90594-90870
//my_product/vendor/etc/voicecommand/training/ubmfile/keyword03/de-DE/hhhh/p2.5/ubmModel0.bin 90873
//my_product/vendor/etc/voicecommand/training/ubmfile/keyword03/de-DE/hhhh/p2.5/ubmModel10.bin 90875
//my_product/vendor/etc/voicecommand/training/ubmfile/keyword03/de-DE/hhhh/p2.5/ubmModel3.bin 90877-91008
//my_product/vendor/etc/voicecommand/training/ubmfile/keyword03/de-DE/hhhh/p2.5/ubmModel4.bin 91010-91153
//my_product/vendor/etc/voicecommand/training/ubmfile/keyword03/de-DE/hhhh/supplement/1 91155-91388
//my_product/vendor/etc/voicecommand/training/ubmfile/keyword03/de-DE/hhhh/supplement/10 91389-91620
//my_product/vendor/etc/voicecommand/training/ubmfile/keyword03/de-DE/hhhh/supplement/11 91621-91708
//my_product/vendor/etc/voicecommand/training/ubmfile/keyword03/de-DE/hhhh/supplement/12 91709-91901
//my_product/vendor/etc/voicecommand/training/ubmfile/keyword03/de-DE/hhhh/supplement/13 91902-92123
//my_product/vendor/etc/voicecommand/training/ubmfile/keyword03/de-DE/hhhh/supplement/2 92124-92357
//my_product/vendor/etc/voicecommand/training/ubmfile/keyword03/de-DE/hhhh/supplement/3 92358-92591
//my_product/vendor/etc/voicecommand/training/ubmfile/keyword03/de-DE/hhhh/supplement/4 92592-92825
//my_product/vendor/etc/voicecommand/training/ubmfile/keyword03/de-DE/hhhh/supplement/5 92827-93049
//my_product/vendor/etc/voicecommand/training/ubmfile/keyword03/de-DE/hhhh/supplement/6 93050-93279
//my_product/vendor/etc/voicecommand/training/ubmfile/keyword03/de-DE/hhhh/supplement/7 93280-93513
//my_product/vendor/etc/voicecommand/training/ubmfile/keyword03/de-DE/hhhh/supplement/8 93514-93747
//my_product/vendor/etc/voicecommand/training/ubmfile/keyword03/de-DE/hhhh/supplement/9 93749-93982
//my_product/vendor/etc/voicecommand/training/ubmfile/keyword03/de-DE/hhhh/supplement/b 93983-94059
//my_product/vendor/etc/voicecommand/training/ubmfile/keyword03/en-GB/hhhh/p2/128.dat 94060-94066
//my_product/vendor/etc/voicecommand/training/ubmfile/keyword03/en-GB/hhhh/p2/64.dat 94068-94070
//my_product/vendor/etc/voicecommand/training/ubmfile/keyword03/en-GB/hhhh/p2/ubmModel0.bin 94072-94076
//my_product/vendor/etc/voicecommand/training/ubmfile/keyword03/en-GB/hhhh/p2/ubmModel0_BKD.bin 94077-94086
//my_product/vendor/etc/voicecommand/training/ubmfile/keyword03/en-GB/hhhh/p2/ubmModel0_CMD.bin 94088-94097
//my_product/vendor/etc/voicecommand/training/ubmfile/keyword03/en-GB/hhhh/p2/ubmModel1.bin 94099-94137
//my_product/vendor/etc/voicecommand/training/ubmfile/keyword03/en-GB/hhhh/p2/ubmModel10.bin 94138-94147
//my_product/vendor/etc/voicecommand/training/ubmfile/keyword03/en-GB/hhhh/p2/ubmModel2.bin 94149-94187
//my_product/vendor/etc/voicecommand/training/ubmfile/keyword03/en-GB/hhhh/p2/ubmModel3.bin 94188-94192
//my_product/vendor/etc/voicecommand/training/ubmfile/keyword03/en-GB/hhhh/p2/ubmModel4.bin 94193-94202
//my_product/vendor/etc/voicecommand/training/ubmfile/keyword03/en-GB/hhhh/p2.3/128.dat 94204-94210
//my_product/vendor/etc/voicecommand/training/ubmfile/keyword03/en-GB/hhhh/p2.3/64.dat 94212-94214
//my_product/vendor/etc/voicecommand/training/ubmfile/keyword03/en-GB/hhhh/p2.3/ubmModel0.bin 94216-94250
//my_product/vendor/etc/voicecommand/training/ubmfile/keyword03/en-GB/hhhh/p2.3/ubmModel0_BKD.bin 94252-94261
//my_product/vendor/etc/voicecommand/training/ubmfile/keyword03/en-GB/hhhh/p2.3/ubmModel0_CMD.bin 94263-94272
//my_product/vendor/etc/voicecommand/training/ubmfile/keyword03/en-GB/hhhh/p2.3/ubmModel1.bin 94274-94312
//my_product/vendor/etc/voicecommand/training/ubmfile/keyword03/en-GB/hhhh/p2.3/ubmModel10.bin 94313-94347
//my_product/vendor/etc/voicecommand/training/ubmfile/keyword03/en-GB/hhhh/p2.3/ubmModel2.bin 94349-94387
//my_product/vendor/etc/voicecommand/training/ubmfile/keyword03/en-GB/hhhh/p2.3/ubmModel3.bin 94388-94422
//my_product/vendor/etc/voicecommand/training/ubmfile/keyword03/en-GB/hhhh/p2.3/ubmModel4.bin 94424-94458
//my_product/vendor/etc/voicecommand/training/ubmfile/keyword03/en-GB/hhhh/p2.5/n0 94460-94736
//my_product/vendor/etc/voicecommand/training/ubmfile/keyword03/en-GB/hhhh/p2.5/n1 94737-94740
//my_product/vendor/etc/voicecommand/training/ubmfile/keyword03/en-GB/hhhh/p2.5/n2 94741-95017
//my_product/vendor/etc/voicecommand/training/ubmfile/keyword03/en-GB/hhhh/p2.5/ubmModel0.bin 95020
//my_product/vendor/etc/voicecommand/training/ubmfile/keyword03/en-GB/hhhh/p2.5/ubmModel10.bin 95022
//my_product/vendor/etc/voicecommand/training/ubmfile/keyword03/en-GB/hhhh/p2.5/ubmModel3.bin 95024-95155
//my_product/vendor/etc/voicecommand/training/ubmfile/keyword03/en-GB/hhhh/p2.5/ubmModel4.bin 95157-95300
//my_product/vendor/etc/voicecommand/training/ubmfile/keyword03/en-GB/hhhh/supplement/1 95302-95535
//my_product/vendor/etc/voicecommand/training/ubmfile/keyword03/en-GB/hhhh/supplement/10 95536-95767
//my_product/vendor/etc/voicecommand/training/ubmfile/keyword03/en-GB/hhhh/supplement/11 95768-95855
//my_product/vendor/etc/voicecommand/training/ubmfile/keyword03/en-GB/hhhh/supplement/12 95856-96048
//my_product/vendor/etc/voicecommand/training/ubmfile/keyword03/en-GB/hhhh/supplement/13 96049-96270
//my_product/vendor/etc/voicecommand/training/ubmfile/keyword03/en-GB/hhhh/supplement/2 96271-96504
//my_product/vendor/etc/voicecommand/training/ubmfile/keyword03/en-GB/hhhh/supplement/3 96505-96738
//my_product/vendor/etc/voicecommand/training/ubmfile/keyword03/en-GB/hhhh/supplement/4 96739-96972
//my_product/vendor/etc/voicecommand/training/ubmfile/keyword03/en-GB/hhhh/supplement/5 96974-97196
//my_product/vendor/etc/voicecommand/training/ubmfile/keyword03/en-GB/hhhh/supplement/6 97197-97426
//my_product/vendor/etc/voicecommand/training/ubmfile/keyword03/en-GB/hhhh/supplement/7 97427-97660
//my_product/vendor/etc/voicecommand/training/ubmfile/keyword03/en-GB/hhhh/supplement/8 97661-97894
//my_product/vendor/etc/voicecommand/training/ubmfile/keyword03/en-GB/hhhh/supplement/9 97896-98129
//my_product/vendor/etc/voicecommand/training/ubmfile/keyword03/en-GB/hhhh/supplement/b 98130-98206
//my_product/vendor/etc/voicecommand/training/ubmfile/keyword03/en-IN/hhhh/p2/128.dat 98207-98213
//my_product/vendor/etc/voicecommand/training/ubmfile/keyword03/en-IN/hhhh/p2/64.dat 98215-98217
//my_product/vendor/etc/voicecommand/training/ubmfile/keyword03/en-IN/hhhh/p2/ubmModel0.bin 98219-98223
//my_product/vendor/etc/voicecommand/training/ubmfile/keyword03/en-IN/hhhh/p2/ubmModel0_BKD.bin 98224-98233
//my_product/vendor/etc/voicecommand/training/ubmfile/keyword03/en-IN/hhhh/p2/ubmModel0_CMD.bin 98235-98244
//my_product/vendor/etc/voicecommand/training/ubmfile/keyword03/en-IN/hhhh/p2/ubmModel1.bin 98246-98284
//my_product/vendor/etc/voicecommand/training/ubmfile/keyword03/en-IN/hhhh/p2/ubmModel10.bin 98285-98294
//my_product/vendor/etc/voicecommand/training/ubmfile/keyword03/en-IN/hhhh/p2/ubmModel2.bin 98296-98334
//my_product/vendor/etc/voicecommand/training/ubmfile/keyword03/en-IN/hhhh/p2/ubmModel3.bin 98335-98339
//my_product/vendor/etc/voicecommand/training/ubmfile/keyword03/en-IN/hhhh/p2/ubmModel4.bin 98340-98349
//my_product/vendor/etc/voicecommand/training/ubmfile/keyword03/en-IN/hhhh/p2.3/128.dat 98351-98357
//my_product/vendor/etc/voicecommand/training/ubmfile/keyword03/en-IN/hhhh/p2.3/64.dat 98359-98361
//my_product/vendor/etc/voicecommand/training/ubmfile/keyword03/en-IN/hhhh/p2.3/ubmModel0.bin 98363-98448
//my_product/vendor/etc/voicecommand/training/ubmfile/keyword03/en-IN/hhhh/p2.3/ubmModel0_BKD.bin 98449-98458
//my_product/vendor/etc/voicecommand/training/ubmfile/keyword03/en-IN/hhhh/p2.3/ubmModel0_CMD.bin 98460-98469
//my_product/vendor/etc/voicecommand/training/ubmfile/keyword03/en-IN/hhhh/p2.3/ubmModel1.bin 98471-98509
//my_product/vendor/etc/voicecommand/training/ubmfile/keyword03/en-IN/hhhh/p2.3/ubmModel10.bin 98510-98595
//my_product/vendor/etc/voicecommand/training/ubmfile/keyword03/en-IN/hhhh/p2.3/ubmModel2.bin 98596-98634
//my_product/vendor/etc/voicecommand/training/ubmfile/keyword03/en-IN/hhhh/p2.3/ubmModel3.bin 98635-98720
//my_product/vendor/etc/voicecommand/training/ubmfile/keyword03/en-IN/hhhh/p2.3/ubmModel4.bin 98721-98806
//my_product/vendor/etc/voicecommand/training/ubmfile/keyword03/en-IN/hhhh/p2.5/n0 98807-99083
//my_product/vendor/etc/voicecommand/training/ubmfile/keyword03/en-IN/hhhh/p2.5/n1 99084-99087
//my_product/vendor/etc/voicecommand/training/ubmfile/keyword03/en-IN/hhhh/p2.5/n2 99088-99364
//my_product/vendor/etc/voicecommand/training/ubmfile/keyword03/en-IN/hhhh/p2.5/ubmModel0.bin 99367
//my_product/vendor/etc/voicecommand/training/ubmfile/keyword03/en-IN/hhhh/p2.5/ubmModel10.bin 99369
//my_product/vendor/etc/voicecommand/training/ubmfile/keyword03/en-IN/hhhh/p2.5/ubmModel3.bin 99371-99502
//my_product/vendor/etc/voicecommand/training/ubmfile/keyword03/en-IN/hhhh/p2.5/ubmModel4.bin 99504-99647
//my_product/vendor/etc/voicecommand/training/ubmfile/keyword03/en-IN/hhhh/supplement/1 99649-99882
//my_product/vendor/etc/voicecommand/training/ubmfile/keyword03/en-IN/hhhh/supplement/10 99883-100114
//my_product/vendor/etc/voicecommand/training/ubmfile/keyword03/en-IN/hhhh/supplement/11 100115-100202
//my_product/vendor/etc/voicecommand/training/ubmfile/keyword03/en-IN/hhhh/supplement/12 100203-100395
//my_product/vendor/etc/voicecommand/training/ubmfile/keyword03/en-IN/hhhh/supplement/13 100396-100617
//my_product/vendor/etc/voicecommand/training/ubmfile/keyword03/en-IN/hhhh/supplement/2 100618-100851
//my_product/vendor/etc/voicecommand/training/ubmfile/keyword03/en-IN/hhhh/supplement/3 100852-101085
//my_product/vendor/etc/voicecommand/training/ubmfile/keyword03/en-IN/hhhh/supplement/4 101086-101319
//my_product/vendor/etc/voicecommand/training/ubmfile/keyword03/en-IN/hhhh/supplement/5 101321-101543
//my_product/vendor/etc/voicecommand/training/ubmfile/keyword03/en-IN/hhhh/supplement/6 101544-101773
//my_product/vendor/etc/voicecommand/training/ubmfile/keyword03/en-IN/hhhh/supplement/7 101774-102007
//my_product/vendor/etc/voicecommand/training/ubmfile/keyword03/en-IN/hhhh/supplement/8 102008-102241
//my_product/vendor/etc/voicecommand/training/ubmfile/keyword03/en-IN/hhhh/supplement/9 102243-102476
//my_product/vendor/etc/voicecommand/training/ubmfile/keyword03/en-IN/hhhh/supplement/b 102477-102553
//my_product/vendor/etc/voicecommand/training/ubmfile/keyword03/en-US/hhhh/p2/128.dat 102554-102560
//my_product/vendor/etc/voicecommand/training/ubmfile/keyword03/en-US/hhhh/p2/64.dat 102562-102564
//my_product/vendor/etc/voicecommand/training/ubmfile/keyword03/en-US/hhhh/p2/ubmModel0.bin 102566-102570
//my_product/vendor/etc/voicecommand/training/ubmfile/keyword03/en-US/hhhh/p2/ubmModel0_BKD.bin 102571-102580
//my_product/vendor/etc/voicecommand/training/ubmfile/keyword03/en-US/hhhh/p2/ubmModel0_CMD.bin 102582-102591
//my_product/vendor/etc/voicecommand/training/ubmfile/keyword03/en-US/hhhh/p2/ubmModel1.bin 102593-102631
//my_product/vendor/etc/voicecommand/training/ubmfile/keyword03/en-US/hhhh/p2/ubmModel10.bin 102632-102641
//my_product/vendor/etc/voicecommand/training/ubmfile/keyword03/en-US/hhhh/p2/ubmModel2.bin 102643-102681
//my_product/vendor/etc/voicecommand/training/ubmfile/keyword03/en-US/hhhh/p2/ubmModel3.bin 102682-102686
//my_product/vendor/etc/voicecommand/training/ubmfile/keyword03/en-US/hhhh/p2/ubmModel4.bin 102687-102696
//my_product/vendor/etc/voicecommand/training/ubmfile/keyword03/en-US/hhhh/p2.3/128.dat 102698-102704
//my_product/vendor/etc/voicecommand/training/ubmfile/keyword03/en-US/hhhh/p2.3/64.dat 102706-102708
//my_product/vendor/etc/voicecommand/training/ubmfile/keyword03/en-US/hhhh/p2.3/ubmModel0.bin 102710-102744
//my_product/vendor/etc/voicecommand/training/ubmfile/keyword03/en-US/hhhh/p2.3/ubmModel0_BKD.bin 102746-102755
//my_product/vendor/etc/voicecommand/training/ubmfile/keyword03/en-US/hhhh/p2.3/ubmModel0_CMD.bin 102757-102766
//my_product/vendor/etc/voicecommand/training/ubmfile/keyword03/en-US/hhhh/p2.3/ubmModel1.bin 102768-102806
//my_product/vendor/etc/voicecommand/training/ubmfile/keyword03/en-US/hhhh/p2.3/ubmModel10.bin 102807-102841
//my_product/vendor/etc/voicecommand/training/ubmfile/keyword03/en-US/hhhh/p2.3/ubmModel2.bin 102843-102881
//my_product/vendor/etc/voicecommand/training/ubmfile/keyword03/en-US/hhhh/p2.3/ubmModel3.bin 102882-102916
//my_product/vendor/etc/voicecommand/training/ubmfile/keyword03/en-US/hhhh/p2.3/ubmModel4.bin 102918-102952
//my_product/vendor/etc/voicecommand/training/ubmfile/keyword03/en-US/hhhh/p2.5/n0 102954-103230
//my_product/vendor/etc/voicecommand/training/ubmfile/keyword03/en-US/hhhh/p2.5/n1 103231-103234
//my_product/vendor/etc/voicecommand/training/ubmfile/keyword03/en-US/hhhh/p2.5/n2 103235-103511
//my_product/vendor/etc/voicecommand/training/ubmfile/keyword03/en-US/hhhh/p2.5/ubmModel0.bin 103514
//my_product/vendor/etc/voicecommand/training/ubmfile/keyword03/en-US/hhhh/p2.5/ubmModel10.bin 103516
//my_product/vendor/etc/voicecommand/training/ubmfile/keyword03/en-US/hhhh/p2.5/ubmModel3.bin 103518-103649
//my_product/vendor/etc/voicecommand/training/ubmfile/keyword03/en-US/hhhh/p2.5/ubmModel4.bin 103651-103794
//my_product/vendor/etc/voicecommand/training/ubmfile/keyword03/en-US/hhhh/supplement/1 103796-104029
//my_product/vendor/etc/voicecommand/training/ubmfile/keyword03/en-US/hhhh/supplement/10 104030-104261
//my_product/vendor/etc/voicecommand/training/ubmfile/keyword03/en-US/hhhh/supplement/11 104262-104349
//my_product/vendor/etc/voicecommand/training/ubmfile/keyword03/en-US/hhhh/supplement/12 104350-104542
//my_product/vendor/etc/voicecommand/training/ubmfile/keyword03/en-US/hhhh/supplement/13 104543-104764
//my_product/vendor/etc/voicecommand/training/ubmfile/keyword03/en-US/hhhh/supplement/2 104765-104998
//my_product/vendor/etc/voicecommand/training/ubmfile/keyword03/en-US/hhhh/supplement/3 104999-105232
//my_product/vendor/etc/voicecommand/training/ubmfile/keyword03/en-US/hhhh/supplement/4 105233-105466
//my_product/vendor/etc/voicecommand/training/ubmfile/keyword03/en-US/hhhh/supplement/5 105468-105690
//my_product/vendor/etc/voicecommand/training/ubmfile/keyword03/en-US/hhhh/supplement/6 105691-105920
//my_product/vendor/etc/voicecommand/training/ubmfile/keyword03/en-US/hhhh/supplement/7 105921-106154
//my_product/vendor/etc/voicecommand/training/ubmfile/keyword03/en-US/hhhh/supplement/8 106155-106388
//my_product/vendor/etc/voicecommand/training/ubmfile/keyword03/en-US/hhhh/supplement/9 106390-106623
//my_product/vendor/etc/voicecommand/training/ubmfile/keyword03/en-US/hhhh/supplement/b 106624-106700
//my_product/vendor/etc/voicecommand/training/ubmfile/keyword03/es-ES/hhhh/p2/128.dat 106701-106707
//my_product/vendor/etc/voicecommand/training/ubmfile/keyword03/es-ES/hhhh/p2/64.dat 106709-106711
//my_product/vendor/etc/voicecommand/training/ubmfile/keyword03/es-ES/hhhh/p2/ubmModel0.bin 106713-106717
//my_product/vendor/etc/voicecommand/training/ubmfile/keyword03/es-ES/hhhh/p2/ubmModel0_BKD.bin 106718-106727
//my_product/vendor/etc/voicecommand/training/ubmfile/keyword03/es-ES/hhhh/p2/ubmModel0_CMD.bin 106729-106738
//my_product/vendor/etc/voicecommand/training/ubmfile/keyword03/es-ES/hhhh/p2/ubmModel1.bin 106740-106778
//my_product/vendor/etc/voicecommand/training/ubmfile/keyword03/es-ES/hhhh/p2/ubmModel10.bin 106779-106788
//my_product/vendor/etc/voicecommand/training/ubmfile/keyword03/es-ES/hhhh/p2/ubmModel2.bin 106790-106828
//my_product/vendor/etc/voicecommand/training/ubmfile/keyword03/es-ES/hhhh/p2/ubmModel3.bin 106829-106833
//my_product/vendor/etc/voicecommand/training/ubmfile/keyword03/es-ES/hhhh/p2/ubmModel4.bin 106834-106843
//my_product/vendor/etc/voicecommand/training/ubmfile/keyword03/es-ES/hhhh/p2.3/128.dat 106845-106851
//my_product/vendor/etc/voicecommand/training/ubmfile/keyword03/es-ES/hhhh/p2.3/64.dat 106853-106855
//my_product/vendor/etc/voicecommand/training/ubmfile/keyword03/es-ES/hhhh/p2.3/ubmModel0.bin 106857-106891
//my_product/vendor/etc/voicecommand/training/ubmfile/keyword03/es-ES/hhhh/p2.3/ubmModel0_BKD.bin 106893-106902
//my_product/vendor/etc/voicecommand/training/ubmfile/keyword03/es-ES/hhhh/p2.3/ubmModel0_CMD.bin 106904-106913
//my_product/vendor/etc/voicecommand/training/ubmfile/keyword03/es-ES/hhhh/p2.3/ubmModel1.bin 106915-106953
//my_product/vendor/etc/voicecommand/training/ubmfile/keyword03/es-ES/hhhh/p2.3/ubmModel10.bin 106954-106988
//my_product/vendor/etc/voicecommand/training/ubmfile/keyword03/es-ES/hhhh/p2.3/ubmModel2.bin 106990-107028
//my_product/vendor/etc/voicecommand/training/ubmfile/keyword03/es-ES/hhhh/p2.3/ubmModel3.bin 107029-107063
//my_product/vendor/etc/voicecommand/training/ubmfile/keyword03/es-ES/hhhh/p2.3/ubmModel4.bin 107065-107099
//my_product/vendor/etc/voicecommand/training/ubmfile/keyword03/es-ES/hhhh/p2.5/n0 107101-107377
//my_product/vendor/etc/voicecommand/training/ubmfile/keyword03/es-ES/hhhh/p2.5/n1 107378-107381
//my_product/vendor/etc/voicecommand/training/ubmfile/keyword03/es-ES/hhhh/p2.5/n2 107382-107658
//my_product/vendor/etc/voicecommand/training/ubmfile/keyword03/es-ES/hhhh/p2.5/ubmModel0.bin 107661
//my_product/vendor/etc/voicecommand/training/ubmfile/keyword03/es-ES/hhhh/p2.5/ubmModel10.bin 107663
//my_product/vendor/etc/voicecommand/training/ubmfile/keyword03/es-ES/hhhh/p2.5/ubmModel3.bin 107665-107796
//my_product/vendor/etc/voicecommand/training/ubmfile/keyword03/es-ES/hhhh/p2.5/ubmModel4.bin 107798-107941
//my_product/vendor/etc/voicecommand/training/ubmfile/keyword03/es-ES/hhhh/supplement/1 107943-108176
//my_product/vendor/etc/voicecommand/training/ubmfile/keyword03/es-ES/hhhh/supplement/10 108177-108408
//my_product/vendor/etc/voicecommand/training/ubmfile/keyword03/es-ES/hhhh/supplement/11 108409-108496
//my_product/vendor/etc/voicecommand/training/ubmfile/keyword03/es-ES/hhhh/supplement/12 108497-108689
//my_product/vendor/etc/voicecommand/training/ubmfile/keyword03/es-ES/hhhh/supplement/13 108690-108911
//my_product/vendor/etc/voicecommand/training/ubmfile/keyword03/es-ES/hhhh/supplement/2 108912-109145
//my_product/vendor/etc/voicecommand/training/ubmfile/keyword03/es-ES/hhhh/supplement/3 109146-109379
//my_product/vendor/etc/voicecommand/training/ubmfile/keyword03/es-ES/hhhh/supplement/4 109380-109613
//my_product/vendor/etc/voicecommand/training/ubmfile/keyword03/es-ES/hhhh/supplement/5 109615-109837
//my_product/vendor/etc/voicecommand/training/ubmfile/keyword03/es-ES/hhhh/supplement/6 109838-110067
//my_product/vendor/etc/voicecommand/training/ubmfile/keyword03/es-ES/hhhh/supplement/7 110068-110301
//my_product/vendor/etc/voicecommand/training/ubmfile/keyword03/es-ES/hhhh/supplement/8 110302-110535
//my_product/vendor/etc/voicecommand/training/ubmfile/keyword03/es-ES/hhhh/supplement/9 110537-110770
//my_product/vendor/etc/voicecommand/training/ubmfile/keyword03/es-ES/hhhh/supplement/b 110771-110847
//my_product/vendor/etc/voicecommand/training/ubmfile/keyword03/fr-FR/hhhh/p2/128.dat 110848-110854
//my_product/vendor/etc/voicecommand/training/ubmfile/keyword03/fr-FR/hhhh/p2/64.dat 110856-110858
//my_product/vendor/etc/voicecommand/training/ubmfile/keyword03/fr-FR/hhhh/p2/ubmModel0.bin 110860-110864
//my_product/vendor/etc/voicecommand/training/ubmfile/keyword03/fr-FR/hhhh/p2/ubmModel0_BKD.bin 110865-110874
//my_product/vendor/etc/voicecommand/training/ubmfile/keyword03/fr-FR/hhhh/p2/ubmModel0_CMD.bin 110876-110885
//my_product/vendor/etc/voicecommand/training/ubmfile/keyword03/fr-FR/hhhh/p2/ubmModel1.bin 110887-110925
//my_product/vendor/etc/voicecommand/training/ubmfile/keyword03/fr-FR/hhhh/p2/ubmModel10.bin 110926-110935
//my_product/vendor/etc/voicecommand/training/ubmfile/keyword03/fr-FR/hhhh/p2/ubmModel2.bin 110937-110975
//my_product/vendor/etc/voicecommand/training/ubmfile/keyword03/fr-FR/hhhh/p2/ubmModel3.bin 110976-110980
//my_product/vendor/etc/voicecommand/training/ubmfile/keyword03/fr-FR/hhhh/p2/ubmModel4.bin 110981-110990
//my_product/vendor/etc/voicecommand/training/ubmfile/keyword03/fr-FR/hhhh/p2.3/128.dat 110992-110998
//my_product/vendor/etc/voicecommand/training/ubmfile/keyword03/fr-FR/hhhh/p2.3/64.dat 111000-111002
//my_product/vendor/etc/voicecommand/training/ubmfile/keyword03/fr-FR/hhhh/p2.3/ubmModel0.bin 111004-111089
//my_product/vendor/etc/voicecommand/training/ubmfile/keyword03/fr-FR/hhhh/p2.3/ubmModel0_BKD.bin 111090-111099
//my_product/vendor/etc/voicecommand/training/ubmfile/keyword03/fr-FR/hhhh/p2.3/ubmModel0_CMD.bin 111101-111110
//my_product/vendor/etc/voicecommand/training/ubmfile/keyword03/fr-FR/hhhh/p2.3/ubmModel1.bin 111112-111150
//my_product/vendor/etc/voicecommand/training/ubmfile/keyword03/fr-FR/hhhh/p2.3/ubmModel10.bin 111151-111236
//my_product/vendor/etc/voicecommand/training/ubmfile/keyword03/fr-FR/hhhh/p2.3/ubmModel2.bin 111237-111275
//my_product/vendor/etc/voicecommand/training/ubmfile/keyword03/fr-FR/hhhh/p2.3/ubmModel3.bin 111276-111361
//my_product/vendor/etc/voicecommand/training/ubmfile/keyword03/fr-FR/hhhh/p2.3/ubmModel4.bin 111362-111447
//my_product/vendor/etc/voicecommand/training/ubmfile/keyword03/fr-FR/hhhh/p2.5/n0 111448-111724
//my_product/vendor/etc/voicecommand/training/ubmfile/keyword03/fr-FR/hhhh/p2.5/n1 111725-111728
//my_product/vendor/etc/voicecommand/training/ubmfile/keyword03/fr-FR/hhhh/p2.5/n2 111729-112005
//my_product/vendor/etc/voicecommand/training/ubmfile/keyword03/fr-FR/hhhh/p2.5/ubmModel0.bin 112008
//my_product/vendor/etc/voicecommand/training/ubmfile/keyword03/fr-FR/hhhh/p2.5/ubmModel10.bin 112010
//my_product/vendor/etc/voicecommand/training/ubmfile/keyword03/fr-FR/hhhh/p2.5/ubmModel3.bin 112012-112143
//my_product/vendor/etc/voicecommand/training/ubmfile/keyword03/fr-FR/hhhh/p2.5/ubmModel4.bin 112145-112288
//my_product/vendor/etc/voicecommand/training/ubmfile/keyword03/fr-FR/hhhh/supplement/1 112290-112523
//my_product/vendor/etc/voicecommand/training/ubmfile/keyword03/fr-FR/hhhh/supplement/10 112524-112755
//my_product/vendor/etc/voicecommand/training/ubmfile/keyword03/fr-FR/hhhh/supplement/11 112756-112843
//my_product/vendor/etc/voicecommand/training/ubmfile/keyword03/fr-FR/hhhh/supplement/12 112844-113036
//my_product/vendor/etc/voicecommand/training/ubmfile/keyword03/fr-FR/hhhh/supplement/13 113037-113258
//my_product/vendor/etc/voicecommand/training/ubmfile/keyword03/fr-FR/hhhh/supplement/2 113259-113492
//my_product/vendor/etc/voicecommand/training/ubmfile/keyword03/fr-FR/hhhh/supplement/3 113493-113726
//my_product/vendor/etc/voicecommand/training/ubmfile/keyword03/fr-FR/hhhh/supplement/4 113727-113960
//my_product/vendor/etc/voicecommand/training/ubmfile/keyword03/fr-FR/hhhh/supplement/5 113962-114184
//my_product/vendor/etc/voicecommand/training/ubmfile/keyword03/fr-FR/hhhh/supplement/6 114185-114414
//my_product/vendor/etc/voicecommand/training/ubmfile/keyword03/fr-FR/hhhh/supplement/7 114415-114648
//my_product/vendor/etc/voicecommand/training/ubmfile/keyword03/fr-FR/hhhh/supplement/8 114649-114882
//my_product/vendor/etc/voicecommand/training/ubmfile/keyword03/fr-FR/hhhh/supplement/9 114884-115117
//my_product/vendor/etc/voicecommand/training/ubmfile/keyword03/fr-FR/hhhh/supplement/b 115118-115194
//my_product/vendor/etc/voicecommand/training/ubmfile/keyword03/hi-IN/hhhh/p2/128.dat 115195-115201
//my_product/vendor/etc/voicecommand/training/ubmfile/keyword03/hi-IN/hhhh/p2/64.dat 115203-115205
//my_product/vendor/etc/voicecommand/training/ubmfile/keyword03/hi-IN/hhhh/p2/ubmModel0.bin 115207-115211
//my_product/vendor/etc/voicecommand/training/ubmfile/keyword03/hi-IN/hhhh/p2/ubmModel0_BKD.bin 115212-115221
//my_product/vendor/etc/voicecommand/training/ubmfile/keyword03/hi-IN/hhhh/p2/ubmModel0_CMD.bin 115223-115232
//my_product/vendor/etc/voicecommand/training/ubmfile/keyword03/hi-IN/hhhh/p2/ubmModel1.bin 115234-115272
//my_product/vendor/etc/voicecommand/training/ubmfile/keyword03/hi-IN/hhhh/p2/ubmModel10.bin 115273-115282
//my_product/vendor/etc/voicecommand/training/ubmfile/keyword03/hi-IN/hhhh/p2/ubmModel2.bin 115284-115322
//my_product/vendor/etc/voicecommand/training/ubmfile/keyword03/hi-IN/hhhh/p2/ubmModel3.bin 115323-115327
//my_product/vendor/etc/voicecommand/training/ubmfile/keyword03/hi-IN/hhhh/p2/ubmModel4.bin 115328-115337
//my_product/vendor/etc/voicecommand/training/ubmfile/keyword03/hi-IN/hhhh/p2.3/128.dat 115339-115345
//my_product/vendor/etc/voicecommand/training/ubmfile/keyword03/hi-IN/hhhh/p2.3/64.dat 115347-115349
//my_product/vendor/etc/voicecommand/training/ubmfile/keyword03/hi-IN/hhhh/p2.3/ubmModel0.bin 115351-115385
//my_product/vendor/etc/voicecommand/training/ubmfile/keyword03/hi-IN/hhhh/p2.3/ubmModel0_BKD.bin 115387-115396
//my_product/vendor/etc/voicecommand/training/ubmfile/keyword03/hi-IN/hhhh/p2.3/ubmModel0_CMD.bin 115398-115407
//my_product/vendor/etc/voicecommand/training/ubmfile/keyword03/hi-IN/hhhh/p2.3/ubmModel1.bin 115409-115447
//my_product/vendor/etc/voicecommand/training/ubmfile/keyword03/hi-IN/hhhh/p2.3/ubmModel10.bin 115448-115482
//my_product/vendor/etc/voicecommand/training/ubmfile/keyword03/hi-IN/hhhh/p2.3/ubmModel2.bin 115484-115522
//my_product/vendor/etc/voicecommand/training/ubmfile/keyword03/hi-IN/hhhh/p2.3/ubmModel3.bin 115523-115557
//my_product/vendor/etc/voicecommand/training/ubmfile/keyword03/hi-IN/hhhh/p2.3/ubmModel4.bin 115559-115593
//my_product/vendor/etc/voicecommand/training/ubmfile/keyword03/hi-IN/hhhh/p2.5/n0 115595-115871
//my_product/vendor/etc/voicecommand/training/ubmfile/keyword03/hi-IN/hhhh/p2.5/n1 115872-115875
//my_product/vendor/etc/voicecommand/training/ubmfile/keyword03/hi-IN/hhhh/p2.5/n2 115876-116152
//my_product/vendor/etc/voicecommand/training/ubmfile/keyword03/hi-IN/hhhh/p2.5/ubmModel0.bin 116155
//my_product/vendor/etc/voicecommand/training/ubmfile/keyword03/hi-IN/hhhh/p2.5/ubmModel10.bin 116157
//my_product/vendor/etc/voicecommand/training/ubmfile/keyword03/hi-IN/hhhh/p2.5/ubmModel3.bin 116159-116290
//my_product/vendor/etc/voicecommand/training/ubmfile/keyword03/hi-IN/hhhh/p2.5/ubmModel4.bin 116292-116435
//my_product/vendor/etc/voicecommand/training/ubmfile/keyword03/hi-IN/hhhh/supplement/1 116437-116670
//my_product/vendor/etc/voicecommand/training/ubmfile/keyword03/hi-IN/hhhh/supplement/10 116671-116902
//my_product/vendor/etc/voicecommand/training/ubmfile/keyword03/hi-IN/hhhh/supplement/11 116903-116990
//my_product/vendor/etc/voicecommand/training/ubmfile/keyword03/hi-IN/hhhh/supplement/12 116991-117183
//my_product/vendor/etc/voicecommand/training/ubmfile/keyword03/hi-IN/hhhh/supplement/13 117184-117405
//my_product/vendor/etc/voicecommand/training/ubmfile/keyword03/hi-IN/hhhh/supplement/2 117406-117639
//my_product/vendor/etc/voicecommand/training/ubmfile/keyword03/hi-IN/hhhh/supplement/3 117640-117873
//my_product/vendor/etc/voicecommand/training/ubmfile/keyword03/hi-IN/hhhh/supplement/4 117874-118107
//my_product/vendor/etc/voicecommand/training/ubmfile/keyword03/hi-IN/hhhh/supplement/5 118109-118331
//my_product/vendor/etc/voicecommand/training/ubmfile/keyword03/hi-IN/hhhh/supplement/6 118332-118561
//my_product/vendor/etc/voicecommand/training/ubmfile/keyword03/hi-IN/hhhh/supplement/7 118562-118795
//my_product/vendor/etc/voicecommand/training/ubmfile/keyword03/hi-IN/hhhh/supplement/8 118796-119029
//my_product/vendor/etc/voicecommand/training/ubmfile/keyword03/hi-IN/hhhh/supplement/9 119031-119264
//my_product/vendor/etc/voicecommand/training/ubmfile/keyword03/hi-IN/hhhh/supplement/b 119265-119341
//my_product/vendor/etc/voicecommand/training/ubmfile/keyword03/it-IT/hhhh/p2/128.dat 119342-119348
//my_product/vendor/etc/voicecommand/training/ubmfile/keyword03/it-IT/hhhh/p2/64.dat 119350-119352
//my_product/vendor/etc/voicecommand/training/ubmfile/keyword03/it-IT/hhhh/p2/ubmModel0.bin 119354-119358
//my_product/vendor/etc/voicecommand/training/ubmfile/keyword03/it-IT/hhhh/p2/ubmModel0_BKD.bin 119359-119368
//my_product/vendor/etc/voicecommand/training/ubmfile/keyword03/it-IT/hhhh/p2/ubmModel0_CMD.bin 119370-119379
//my_product/vendor/etc/voicecommand/training/ubmfile/keyword03/it-IT/hhhh/p2/ubmModel1.bin 119381-119419
//my_product/vendor/etc/voicecommand/training/ubmfile/keyword03/it-IT/hhhh/p2/ubmModel10.bin 119420-119429
//my_product/vendor/etc/voicecommand/training/ubmfile/keyword03/it-IT/hhhh/p2/ubmModel2.bin 119431-119469
//my_product/vendor/etc/voicecommand/training/ubmfile/keyword03/it-IT/hhhh/p2/ubmModel3.bin 119470-119474
//my_product/vendor/etc/voicecommand/training/ubmfile/keyword03/it-IT/hhhh/p2/ubmModel4.bin 119475-119484
//my_product/vendor/etc/voicecommand/training/ubmfile/keyword03/it-IT/hhhh/p2.3/128.dat 119486-119492
//my_product/vendor/etc/voicecommand/training/ubmfile/keyword03/it-IT/hhhh/p2.3/64.dat 119494-119496
//my_product/vendor/etc/voicecommand/training/ubmfile/keyword03/it-IT/hhhh/p2.3/ubmModel0.bin 119498-119583
//my_product/vendor/etc/voicecommand/training/ubmfile/keyword03/it-IT/hhhh/p2.3/ubmModel0_BKD.bin 119584-119593
//my_product/vendor/etc/voicecommand/training/ubmfile/keyword03/it-IT/hhhh/p2.3/ubmModel0_CMD.bin 119595-119604
//my_product/vendor/etc/voicecommand/training/ubmfile/keyword03/it-IT/hhhh/p2.3/ubmModel1.bin 119606-119644
//my_product/vendor/etc/voicecommand/training/ubmfile/keyword03/it-IT/hhhh/p2.3/ubmModel10.bin 119645-119730
//my_product/vendor/etc/voicecommand/training/ubmfile/keyword03/it-IT/hhhh/p2.3/ubmModel2.bin 119731-119769
//my_product/vendor/etc/voicecommand/training/ubmfile/keyword03/it-IT/hhhh/p2.3/ubmModel3.bin 119770-119855
//my_product/vendor/etc/voicecommand/training/ubmfile/keyword03/it-IT/hhhh/p2.3/ubmModel4.bin 119856-119941
//my_product/vendor/etc/voicecommand/training/ubmfile/keyword03/it-IT/hhhh/p2.5/n0 119942-120218
//my_product/vendor/etc/voicecommand/training/ubmfile/keyword03/it-IT/hhhh/p2.5/n1 120219-120222
//my_product/vendor/etc/voicecommand/training/ubmfile/keyword03/it-IT/hhhh/p2.5/n2 120223-120499
//my_product/vendor/etc/voicecommand/training/ubmfile/keyword03/it-IT/hhhh/p2.5/ubmModel0.bin 120502
//my_product/vendor/etc/voicecommand/training/ubmfile/keyword03/it-IT/hhhh/p2.5/ubmModel10.bin 120504
//my_product/vendor/etc/voicecommand/training/ubmfile/keyword03/it-IT/hhhh/p2.5/ubmModel3.bin 120506-120637
//my_product/vendor/etc/voicecommand/training/ubmfile/keyword03/it-IT/hhhh/p2.5/ubmModel4.bin 120639-120782
//my_product/vendor/etc/voicecommand/training/ubmfile/keyword03/it-IT/hhhh/supplement/1 120784-121017
//my_product/vendor/etc/voicecommand/training/ubmfile/keyword03/it-IT/hhhh/supplement/10 121018-121249
//my_product/vendor/etc/voicecommand/training/ubmfile/keyword03/it-IT/hhhh/supplement/11 121250-121337
//my_product/vendor/etc/voicecommand/training/ubmfile/keyword03/it-IT/hhhh/supplement/12 121338-121530
//my_product/vendor/etc/voicecommand/training/ubmfile/keyword03/it-IT/hhhh/supplement/13 121531-121752
//my_product/vendor/etc/voicecommand/training/ubmfile/keyword03/it-IT/hhhh/supplement/2 121753-121986
//my_product/vendor/etc/voicecommand/training/ubmfile/keyword03/it-IT/hhhh/supplement/3 121987-122220
//my_product/vendor/etc/voicecommand/training/ubmfile/keyword03/it-IT/hhhh/supplement/4 122221-122454
//my_product/vendor/etc/voicecommand/training/ubmfile/keyword03/it-IT/hhhh/supplement/5 122456-122678
//my_product/vendor/etc/voicecommand/training/ubmfile/keyword03/it-IT/hhhh/supplement/6 122679-122908
//my_product/vendor/etc/voicecommand/training/ubmfile/keyword03/it-IT/hhhh/supplement/7 122909-123142
//my_product/vendor/etc/voicecommand/training/ubmfile/keyword03/it-IT/hhhh/supplement/8 123143-123376
//my_product/vendor/etc/voicecommand/training/ubmfile/keyword03/it-IT/hhhh/supplement/9 123378-123611
//my_product/vendor/etc/voicecommand/training/ubmfile/keyword03/it-IT/hhhh/supplement/b 123612-123688
