//my_product/apkcerts.txt 1-4
//my_product/app/AONService/AONService.apk 5-2628
//my_product/app/AONService/lib/arm64/libNoTopK.so 2631-2639
//my_product/app/AONService/lib/arm64/libPOSTPROCESS.so 2640-2646
//my_product/app/AONService/lib/arm64/libQnnDsp.so 2647-2805
//my_product/app/AONService/lib/arm64/libQnnDspV65Skel.so 2806-3147
//my_product/app/AONService/lib/arm64/libQnnDspV65Stub.so 3149-3190
//my_product/app/AONService/lib/arm64/libQnnDspV66Skel.so 3191-3563
//my_product/app/AONService/lib/arm64/libQnnDspV66Stub.so 3564-3601
//my_product/app/AONService/lib/arm64/libQnnHtp.so 3602-3775
//my_product/app/AONService/lib/arm64/libQnnHtpPrepare.so 3776-6432
//my_product/app/AONService/lib/arm64/libQnnHtpV68Skel.so 6437-7107
//my_product/app/AONService/lib/arm64/libQnnHtpV68Stub.so 7108-7146
//my_product/app/AONService/lib/arm64/libQnnHtpV69Skel.so 7147-7913
//my_product/app/AONService/lib/arm64/libQnnHtpV69Stub.so 7915-7953
//my_product/app/AONService/lib/arm64/libQnnHtpV73Skel.so 7954-8723
//my_product/app/AONService/lib/arm64/libQnnHtpV73Stub.so 8725-8764
//my_product/app/AONService/lib/arm64/libQnnHtpV75Skel.so 8765-9537
//my_product/app/AONService/lib/arm64/libQnnHtpV75Stub.so 9539-9578
//my_product/app/AONService/lib/arm64/libQnnSystem.so 9579-9604
//my_product/app/AONService/lib/arm64/libROTATE90PAD.so 9605-9611
//my_product/app/AONService/lib/arm64/libaiboost.so 9612-10664
//my_product/app/AONService/lib/arm64/libaiboost_jni.so 10667-10704
//my_product/app/AONService/lib/arm64/libaiboost_neuron_delegate.so 10705-10759
//my_product/app/AONService/lib/arm64/libaiboost_qnn_external_delegate.so 10760-10902
//my_product/app/AONService/lib/arm64/libbitmapUtil.so 10903-10911
//my_product/app/AONService/lib/arm64/libc++_shared.so 10912-11398
//my_product/app/AONService/lib/arm64/libcalculator.so 11400-11401
//my_product/app/AONService/lib/arm64/libcalculator_skel.so 11402-11403
//my_product/app/AONService/lib/arm64/libfde.so 11404-11576
//my_product/app/AONService/lib/arm64/libmemoryhelper.so 11577-11583
//my_product/app/AONService/lib/arm64/librfde.so 11584-11728
//my_product/app/AONService/oat/arm64/AONService.vdex 11729-11746
//my_product/app/AudioEffectCenter/AudioEffectCenter.apk 11747-12159
//my_product/app/AudioEffectCenter/oat/arm64/AudioEffectCenter.vdex 12161-12166
//my_product/app/OplusCamera/OplusCamera.apk 12167-31640
//my_product/app/OplusCamera/oat/arm64/OplusCamera.vdex 31658-31720
//my_product/build.prop 31721
//my_product/decouping_wallpaper/common/default_multi_sys_wallpaper.png 31722-32434
//my_product/decouping_wallpaper/common/inlay_wallpaper1.png 32435-32989
//my_product/decouping_wallpaper/common/inlay_wallpaper2.png 32991-33262
//my_product/decouping_wallpaper/common/inlay_wallpaper3.png 33263-33733
//my_product/decouping_wallpaper/common/inlay_wallpaper4.png 33735-34062
//my_product/decouping_wallpaper/common/intuition_wallpaper/intuition_green_wallpaper.mp4 34064-39025
//my_product/decouping_wallpaper/common/intuition_wallpaper/intuition_yellow_wallpaper.mp4 39029-44036
//my_product/decouping_wallpaper/common/product_wallpaper1.png 44040-44593
//my_product/decouping_wallpaper/common/product_wallpaper10.png 44594-45393
//my_product/decouping_wallpaper/common/product_wallpaper11.png 45395-46195
//my_product/decouping_wallpaper/common/product_wallpaper12.png 46197-46971
//my_product/decouping_wallpaper/common/product_wallpaper2.png 46972-47567
//my_product/decouping_wallpaper/common/product_wallpaper3.png 47569-48025
//my_product/decouping_wallpaper/common/product_wallpaper4.png 48027-48884
//my_product/decouping_wallpaper/common/product_wallpaper5.png 48885-49488
//my_product/decouping_wallpaper/common/product_wallpaper6.jpg 49489-50212
//my_product/decouping_wallpaper/common/product_wallpaper7.jpg 50214-50917
//my_product/decouping_wallpaper/common/product_wallpaper8.jpg 50919-51398
//my_product/decouping_wallpaper/common/product_wallpaper9.jpg 51400-52050
//my_product/decouping_wallpaper/default/default_multi_sys_wallpaper.png 52052-52764
//my_product/decouping_wallpaper/default/default_wallpaper.png 52766-53320
//my_product/decouping_wallpaper/default/default_wallpaper_blue.png 53321-54095
//my_product/decouping_wallpaper/default/default_wallpaper_green.png 54096-54895
//my_product/decouping_wallpaper/default/default_wallpaper_lock.png 54897-55451
//my_product/decouping_wallpaper/default/default_wallpaper_red.png 55452-56252
//my_product/decouping_wallpaper/default/liveWallpaper/vitamin1.mp4 56254-57819
//my_product/decouping_wallpaper/default/liveWallpaper/vitamin2.mp4 57820-59388
//my_product/decouping_wallpaper/default/liveWallpaper/vitamin3.mp4 59390-60899
//my_product/decouping_wallpaper/default/liveWallpaper/vitamin4.mp4 60900-65004
//my_product/decouping_wallpaper/default/liveWallpaper/vitamin5.mp4 65008-69081
//my_product/decouping_wallpaper/default/liveWallpaper/vitamin6.mp4 69082-73176
//my_product/decouping_wallpaper/default/preview_0.png 73180-73188
//my_product/decouping_wallpaper/default/preview_0_en.png 73189-73196
//my_product/decouping_wallpaper/default/preview_1.png 73197-73220
//my_product/decouping_wallpaper/default/preview_1_en.png 73221-73235
//my_product/decouping_wallpaper/default/thumb.png 73236-73239
//my_product/decouping_wallpaper/default/thumb_en.png 73240-73241
//my_product/del-app/ConsumerIRApp/ConsumerIRApp.apk 73243-81006
//my_product/etc/Multimedia_Feedback_List.xml 81013
//my_product/etc/NOTICE.xml.gz 81014
//my_product/etc/apns-conf.xml 81016-81053
//my_product/etc/camera/engineer_camera_config 81054
//my_product/etc/cooleffect/defaultEncryptedData/dwrg.dat 81057
//my_product/etc/cooleffect/defaultEncryptedData/fortnite.dat 81058-81059
//my_product/etc/cooleffect/defaultEncryptedData/lolm.dat 81060
//my_product/etc/cooleffect/defaultEncryptedData/lolm_international.dat 81061
//my_product/etc/cooleffect/defaultEncryptedData/wzry.dat 81065
//my_product/etc/ecc_list.xml 81066-81068
//my_product/etc/extension/sys_athena_hybrid_swap_config.xml 81069
//my_product/etc/extension/sys_osense_decisionmaker_config.xml 81071
//my_product/etc/fusionlight_profile/screen_diff/oplus_fusion_light_args.xml 81072
//my_product/etc/fusionlight_profile/screen_diff/oplus_fusion_light_args_2.xml 81073
//my_product/etc/oplus_pinfile_config_v2.xml 81074
//my_product/etc/oplus_vrr_config.json 81075
//my_product/etc/permissions/com.android.hotwordenrollment.common.util.impl.jar 81077-81078
//my_product/etc/refresh_rate_config.xml 81084-81089
//my_product/etc/rf_feature_config.xml 81090
//my_product/etc/sar_config.xml 81091
//my_product/etc/sar_config_EUEX.xml 81092
//my_product/etc/sys_resolution_switch_config.xml 81095
//my_product/etc/vendor_oplus_carriername.xml 81096-81097
//my_product/etc/vibrator/effect2waveform.xml 81098-81100
//my_product/etc/vibrator/effect_waveform.xml 81101-81103
//my_product/framework/com.android.hotwordenrollment.common.util.jar 81105-81106
//my_product/lib/libAPSClient-cmd-jni.so 81107-81179
//my_product/lib/libAPSClient-jni.so 81180-81264
//my_product/lib/libcolorx-loader.so 81265-81272
//my_product/lib/libcolorx.so 81273-81543
//my_product/lib/libcoolex.so 81544-81572
//my_product/lib64/libAPSClient-cmd-jni.so 81574-81671
//my_product/lib64/libAPSClient-jni.so 81672-81781
//my_product/lib64/libAncFilter_jni.so 81782-81860
//my_product/lib64/libAncHumBokeh-jni.so 81861-81892
//my_product/lib64/libAncHumanDoubleExposure-jni.so 81893-81930
//my_product/lib64/libAncHumanRetain-jni_v2.so 81931-81967
//my_product/lib64/libAncHumanSegFigureFusion-jni.so 81968-82005
//my_product/lib64/libAncHumanVideo-jni.so 82006-82035
//my_product/lib64/libApsFaceBeautyPreviewProductJni.so 82036-82104
//my_product/lib64/libAvatarEngineRender.so 82106-82552
//my_product/lib64/libAvatarEngineRenderNative.so 82553-83002
//my_product/lib64/libCombineLut.so 83003-83026
//my_product/lib64/libCombineLutJni.so 83027
//my_product/lib64/libFileExtender-jni.so 83028-83050
//my_product/lib64/libOplusBlurPreviewJNI.so 83051-83090
//my_product/lib64/libSuperTextWrapper.so 83091-83203
//my_product/lib64/libXDocProcessSDK-jni.so 83205-83336
//my_product/lib64/libXDocProcessSDK.so 83337-84104
//my_product/lib64/libYTCommon.so 84106-84197
//my_product/lib64/libarcsoft_wideselfie.so 84198-84847
//my_product/lib64/libcolorx-loader.so 84848-84857
//my_product/lib64/libcolorx.so 84858-85289
//my_product/lib64/libcoolex.so 85291-85318
//my_product/lib64/libextendfile.so 85319-85413
//my_product/lib64/libjni_wideselfie.so 85414-85416
//my_product/lib64/libjnisingleblur_api.so 85417-85473
//my_product/lib64/libjnistblur_api.so 85474-85531
//my_product/lib64/libmpbase.so 85532
//my_product/lib64/libsingle_camera_bokeh_native.so 85533-85653
//my_product/lib64/libst_mobile.so 85654-86800
//my_product/lib64/libst_sticker_jni.so 86802-86831
//my_product/media/bootanimation/bootanimation.zip 86833-86997
//my_product/media/bootanimation/rbootanimation.zip 86998-87001
//my_product/media/quickboot/boot_bat_temp_high.png 87003-87008
//my_product/media/quickboot/boot_bat_temp_low.png 87009-87014
//my_product/media/quickboot/boot_black_picture.png 87015
//my_product/media/quickboot/boot_charger_01.png 87016-87017
//my_product/media/quickboot/boot_charger_02.png 87018-87019
//my_product/media/quickboot/boot_charger_03.png 87020-87021
//my_product/media/quickboot/boot_charger_04.png 87022-87023
//my_product/media/quickboot/boot_charger_05.png 87024-87025
//my_product/media/quickboot/boot_charger_06.png 87026-87027
//my_product/media/quickboot/boot_charger_07.png 87028-87029
//my_product/media/quickboot/boot_charger_08.png 87030-87031
//my_product/media/quickboot/boot_charger_09.png 87032-87033
//my_product/media/quickboot/boot_charger_10.png 87034-87035
//my_product/media/quickboot/boot_charger_100.png 87036-87038
//my_product/media/quickboot/boot_charger_11.png 87039-87040
//my_product/media/quickboot/boot_charger_12.png 87041-87042
//my_product/media/quickboot/boot_charger_13.png 87043-87044
//my_product/media/quickboot/boot_charger_14.png 87045-87046
//my_product/media/quickboot/boot_charger_15.png 87047-87048
//my_product/media/quickboot/boot_charger_16.png 87049-87051
//my_product/media/quickboot/boot_charger_17.png 87052-87054
//my_product/media/quickboot/boot_charger_18.png 87055-87057
//my_product/media/quickboot/boot_charger_19.png 87058-87060
//my_product/media/quickboot/boot_charger_20.png 87061-87063
//my_product/media/quickboot/boot_charger_21.png 87064-87066
//my_product/media/quickboot/boot_charger_22.png 87067-87069
//my_product/media/quickboot/boot_charger_23.png 87070-87072
//my_product/media/quickboot/boot_charger_24.png 87074-87076
//my_product/media/quickboot/boot_charger_25.png 87077-87079
//my_product/media/quickboot/boot_charger_battery_high.png 87080-87086
//my_product/media/quickboot/boot_charger_battery_untouch.png 87087-87093
//my_product/media/quickboot/boot_charger_empty.png 87094
//my_product/media/quickboot/boot_charger_full.png 87095-87097
//my_product/media/quickboot/boot_charger_full_thirdbat.png 87098-87104
//my_product/media/quickboot/boot_charger_full_with_exception1.png 87105-87111
//my_product/media/quickboot/boot_charger_full_with_exception2.png 87112-87118
//my_product/media/quickboot/boot_charger_s_01.png 87125-87126
//my_product/media/quickboot/boot_charger_s_02.png 87127-87128
//my_product/media/quickboot/boot_charger_s_03.png 87129-87130
//my_product/media/quickboot/boot_charger_s_04.png 87131-87132
//my_product/media/quickboot/boot_charger_s_05.png 87133-87134
//my_product/media/quickboot/boot_charger_s_06.png 87135-87136
//my_product/media/quickboot/boot_charger_s_07.png 87137-87139
//my_product/media/quickboot/boot_charger_s_08.png 87140-87142
//my_product/media/quickboot/boot_charger_s_09.png 87143-87145
//my_product/media/quickboot/boot_charger_s_10.png 87146-87148
//my_product/media/quickboot/boot_charger_s_11.png 87149-87151
//my_product/media/quickboot/boot_charger_s_12.png 87152-87154
//my_product/media/quickboot/boot_charger_s_13.png 87155-87157
//my_product/media/quickboot/boot_charger_s_14.png 87158-87160
//my_product/media/quickboot/boot_charger_s_15.png 87161-87163
//my_product/media/quickboot/boot_charger_s_16.png 87164-87166
//my_product/media/quickboot/boot_charger_s_17.png 87167-87169
//my_product/media/quickboot/boot_charger_s_18.png 87170-87172
//my_product/media/quickboot/boot_charger_s_19.png 87173-87175
//my_product/media/quickboot/boot_charger_s_20.png 87176-87178
//my_product/media/quickboot/boot_charger_s_21.png 87179-87181
//my_product/media/quickboot/boot_charger_s_22.png 87182-87184
//my_product/media/quickboot/boot_charger_s_23.png 87185-87187
//my_product/media/quickboot/boot_charger_s_24.png 87188-87190
//my_product/media/quickboot/boot_charger_s_25.png 87191-87193
//my_product/media/quickboot/boot_charger_s_empty.png 87194-87195
//my_product/media/quickboot/boot_charger_s_v_01.png 87196-87197
//my_product/media/quickboot/boot_charger_s_v_02.png 87198-87199
//my_product/media/quickboot/boot_charger_s_v_03.png 87200-87201
//my_product/media/quickboot/boot_charger_s_v_04.png 87202-87204
//my_product/media/quickboot/boot_charger_s_v_05.png 87205-87207
//my_product/media/quickboot/boot_charger_s_v_06.png 87208-87210
//my_product/media/quickboot/boot_charger_s_v_07.png 87211-87213
//my_product/media/quickboot/boot_charger_s_v_08.png 87214-87216
//my_product/media/quickboot/boot_charger_s_v_09.png 87217-87219
//my_product/media/quickboot/boot_charger_s_v_10.png 87220-87222
//my_product/media/quickboot/boot_charger_s_v_11.png 87223-87225
//my_product/media/quickboot/boot_charger_s_v_12.png 87226-87228
//my_product/media/quickboot/boot_charger_s_v_13.png 87229-87231
//my_product/media/quickboot/boot_charger_s_v_14.png 87232-87234
//my_product/media/quickboot/boot_charger_s_v_15.png 87235-87237
//my_product/media/quickboot/boot_charger_s_v_16.png 87238-87240
//my_product/media/quickboot/boot_charger_s_v_17.png 87241-87243
//my_product/media/quickboot/boot_charger_s_v_18.png 87244-87246
//my_product/media/quickboot/boot_charger_s_v_19.png 87247-87249
//my_product/media/quickboot/boot_charger_s_v_20.png 87250-87252
//my_product/media/quickboot/boot_charger_s_v_21.png 87253-87256
//my_product/media/quickboot/boot_charger_s_v_22.png 87257-87260
//my_product/media/quickboot/boot_charger_s_v_23.png 87261-87263
//my_product/media/quickboot/boot_charger_s_v_24.png 87264-87267
//my_product/media/quickboot/boot_charger_s_v_25.png 87269-87271
//my_product/media/quickboot/boot_charger_s_v_2_01.png 87272-87273
//my_product/media/quickboot/boot_charger_s_v_2_02.png 87274-87275
//my_product/media/quickboot/boot_charger_s_v_2_03.png 87276-87278
//my_product/media/quickboot/boot_charger_s_v_2_04.png 87279-87281
//my_product/media/quickboot/boot_charger_s_v_2_05.png 87282-87284
//my_product/media/quickboot/boot_charger_s_v_2_06.png 87285-87287
//my_product/media/quickboot/boot_charger_s_v_2_07.png 87288-87290
//my_product/media/quickboot/boot_charger_s_v_2_08.png 87291-87293
//my_product/media/quickboot/boot_charger_s_v_2_09.png 87294-87296
//my_product/media/quickboot/boot_charger_s_v_2_10.png 87297-87299
//my_product/media/quickboot/boot_charger_s_v_2_11.png 87300-87302
//my_product/media/quickboot/boot_charger_s_v_2_12.png 87303-87305
//my_product/media/quickboot/boot_charger_s_v_2_13.png 87306-87308
//my_product/media/quickboot/boot_charger_s_v_2_14.png 87309-87311
//my_product/media/quickboot/boot_charger_s_v_2_15.png 87312-87314
//my_product/media/quickboot/boot_charger_s_v_2_16.png 87315-87317
//my_product/media/quickboot/boot_charger_s_v_2_17.png 87318-87320
//my_product/media/quickboot/boot_charger_s_v_2_18.png 87321-87323
//my_product/media/quickboot/boot_charger_s_v_2_19.png 87324-87326
//my_product/media/quickboot/boot_charger_s_v_2_20.png 87327-87329
//my_product/media/quickboot/boot_charger_s_v_2_21.png 87330-87332
//my_product/media/quickboot/boot_charger_s_v_2_22.png 87333-87335
//my_product/media/quickboot/boot_charger_s_v_2_23.png 87336-87339
//my_product/media/quickboot/boot_charger_s_v_2_24.png 87340-87343
//my_product/media/quickboot/boot_charger_s_v_2_25.png 87344-87347
//my_product/media/quickboot/boot_charger_s_v_2_empty.png 87348-87349
//my_product/media/quickboot/boot_charger_s_v_empty.png 87350-87351
//my_product/media/quickboot/boot_charger_timeout.png 87352-87358
//my_product/media/quickboot/boot_charger_unknown.png 87359-87360
//my_product/media/quickboot/boot_charger_vol_high.png 87361-87366
//my_product/media/quickboot/boot_charger_vol_low.png 87367-87373
//my_product/media/touchstyle/touch_style_preview.m4v 87374-91110
//my_product/overlay/CarrierConfigOverlay.platform.DX1MP3.apk 91113-91122
//my_product/overlay/SystemUIFingerprintRes_13_0_COSMOS.apk 91123-93877
//my_product/overlay/SystemUIFingerprintRes_13_0_FIREWORKS.apk 93880-94946
//my_product/overlay/SystemUIFingerprintRes_13_0_FY.apk 94947-96590
//my_product/overlay/SystemUIFingerprintRes_13_0_NONE.apk 96592-96647
//my_product/overlay/SystemUIFingerprintRes_13_0_RIPPLE.apk 96648-97590
//my_product/overlay/SystemUIFingerprintRes_13_0_STRIPE.apk 97592-97915
//my_product/overlay/SystemUIFingerprintRes_13_0_SW.apk 97916-99397
//my_product/overlay/android_framework_res_overlay.display.product.21871.apk 99399-99400
//my_product/overlay/android_framework_res_rro_export_oneplus.apk 99401-99402
//my_product/overlay/aon_framework_res_overlay.display.product.apk 99403-99404
//my_product/overlay/com.android.SystemUIResOverlay.21871.apk 99405-99406
//my_product/overlay/oplus_framework_res_rro_oneplus.apk 99407-99408
//my_product/priv-app/ANGLE/ANGLE.apk 99409-101472
//my_product/priv-app/ANGLE/oat/arm/ANGLE.vdex 101476-101478
//my_product/priv-app/ANGLE/oat/arm64/ANGLE.vdex 101479-101481
//my_product/priv-app/HotwordEnrollmentOKGoogleRISCV.apk 101482-101638
//my_product/priv-app/HotwordEnrollmentXGoogleRISCV.apk 101639-101781
//my_product/priv-app/SystemClone/SystemClone.apk 101782-103409
//my_product/priv-app/SystemClone/oat/arm64/SystemClone.vdex 103412-103433
//my_product/product_overlay/framework/com.oplus.camera.unit.sdk.adapter.jar 103434-103658
//my_product/product_overlay/framework/com.oplus.camera.unit.sdk.jar 103659-103999
//my_product/vendor/etc/cust_silky_brightness_22823_Tianma_NT37705_Tianma4095.xml 104001-104074
//my_product/vendor/etc/display_brightness_app_list.xml 104075-104076
//my_product/vendor/etc/display_brightness_config_Tianma4095.xml 104077-104111
//my_product/vendor/etc/display_brightness_config_pwm_Tianma4095.xml 104112-104146
