//my_stock/apkcerts.txt 1
//my_stock/app/Aod/Aod.apk 2-14470
//my_stock/app/Aod/lib/arm64/libVFX.so 14479-15027
//my_stock/app/Aod/lib/arm64/libhandpaintedeffects.so 15029-15083
//my_stock/app/Aod/lib/arm64/liboplus_gifdecoder.so 15084-15113
//my_stock/app/Aod/lib/arm64/liboplus_image_process.so 15114-15115
//my_stock/app/Aod/lib/arm64/liboplusos_lunar.so 15116-15118
//my_stock/app/Aod/oat/arm64/Aod.vdex 15119-15142
//my_stock/app/COSA/COSA.apk 15143-21238
//my_stock/app/COSA/oat/arm64/COSA.vdex 21244-21263
//my_stock/app/Calculator2/Calculator2.apk 21264-22801
//my_stock/app/Calculator2/oat/arm64/Calculator2.vdex 22804-22822
//my_stock/app/ChildrenSpace/ChildrenSpace.apk 22823-29607
//my_stock/app/ChildrenSpace/oat/arm/ChildrenSpace.vdex 29613-29637
//my_stock/app/ChildrenSpace/oat/arm64/ChildrenSpace.vdex 29638-29662
//my_stock/app/Clock/Clock.apk 29663-33179
//my_stock/app/FileEncryption/FileEncryption.apk 33183-34620
//my_stock/app/FileManager/FileManager.apk 34623-38361
//my_stock/app/FileManager/oat/arm64/FileManager.vdex 38366-38409
//my_stock/app/FloatAssistant/FloatAssistant.apk 38410-43538
//my_stock/app/FloatAssistant/oat/arm64/FloatAssistant.vdex 43544-43568
//my_stock/app/LocationProxy/LocationProxy.apk 43569-44455
//my_stock/app/LocationProxy/oat/arm64/LocationProxy.vdex 44456-44468
//my_stock/app/OpenCapabilityService/OpenCapabilityService.apk 44469-46034
//my_stock/app/OpenCapabilityService/oat/arm64/OpenCapabilityService.vdex 46037-46060
//my_stock/app/OplusOperationManual/OplusOperationManual.apk 46061-49813
//my_stock/app/OplusOperationManual/oat/arm64/OplusOperationManual.vdex 49817-49852
//my_stock/app/OplusSecurityKeyboard/OplusSecurityKeyboard.apk 49853-49932
//my_stock/app/OppoWeather2/OppoWeather2.apk 49933-57339
//my_stock/app/OppoWeather2/oat/arm64/OppoWeather2.vdex 57345-57385
//my_stock/app/OppoWeatherService/OppoWeatherService.apk 57386-58667
//my_stock/app/OppoWeatherService/oat/arm64/OppoWeatherService.vdex 58670-58686
//my_stock/app/Portrait/Portrait.apk 58687-68938
//my_stock/app/Portrait/lib/arm64/libAncSegBaseJni.so 68945-68991
//my_stock/app/Portrait/lib/arm64/libAncSegBaseSdk.so 68992-69592
//my_stock/app/Portrait/lib/arm64/libCaptureBokeh.so 69593-69712
//my_stock/app/Portrait/lib/arm64/libMNN.so 69713-69903
//my_stock/app/Portrait/lib/arm64/libNvEffectSdkCore.so 69904-71132
//my_stock/app/Portrait/lib/arm64/libancbase_segbase.so 71135-73007
//my_stock/app/Portrait/lib/arm64/libc++_shared.so 73010-73109
//my_stock/app/Portrait/lib/arm64/libcvface_api.so 73110-76674
//my_stock/app/Portrait/lib/arm64/libgraphics-lib.so 76678-76704
//my_stock/app/Portrait/lib/arm64/libimageProcessing.so 76705-76718
//my_stock/app/Portrait/lib/arm64/libjni_cvface_api.so 76719-76751
//my_stock/app/Portrait/lib/arm64/libmsai.so 76752-77153
//my_stock/app/Portrait/lib/arm64/libop-aod-bokeh-jni.qti.so 77154-77177
//my_stock/app/Portrait/lib/arm64/libopencv_java4.so 77178-79625
//my_stock/app/Portrait/lib/arm64/liboplus_image_process.so 79629-79630
//my_stock/app/Portrait/lib/arm64/libyuv2.so 79631-79672
//my_stock/app/Portrait/oat/arm64/Portrait.vdex 79673-79686
//my_stock/app/RomUpdate/RomUpdate.apk 79687-80037
//my_stock/app/SceneMode/SceneMode.apk 80038-84805
//my_stock/app/SceneMode/oat/arm64/SceneMode.vdex 84809-84833
//my_stock/app/SmartEngine/SmartEngine.apk 84834-87819
//my_stock/app/SmartEngine/lib/arm/libETC2Loader.so 87822-87824
//my_stock/app/SmartEngine/lib/arm64/libETC2Loader.so 87825
//my_stock/app/SmartEngine/oat/arm/SmartEngine.vdex 87826-87853
//my_stock/app/SmartEngine/oat/arm64/SmartEngine.vdex 87854-87881
//my_stock/app/SmartSideBar/SmartSideBar.apk 87882-89505
//my_stock/app/SmartSideBar/oat/arm64/SmartSideBar.vdex 89508-89533
//my_stock/app/VariUIEngine/VariUIEngine.apk 89534-91333
//my_stock/app/VariUIEngine/lib/arm64/libVFX.so 91336-91884
//my_stock/app/VariUIEngine/lib/arm64/libhandpaintedeffects.so 91885-91939
//my_stock/app/VariUIEngine/lib/arm64/libliquidfun.so 91940-91986
//my_stock/app/VariUIEngine/lib/arm64/libliquidfun_jni.so 91987-92021
//my_stock/app/VariUIEngine/lib/arm64/liboplus_gifdecoder.so 92022-92051
//my_stock/app/VariUIEngine/lib/arm64/liboplusos_lunar.so 92052-92054
//my_stock/app/VariUIEngine/oat/arm64/VariUIEngine.vdex 92055-92080
//my_stock/app/ViewTalk/ViewTalk.apk 92081-95653
//my_stock/app/ViewTalk/oat/arm64/ViewTalk.vdex 95657-95676
//my_stock/app/Wallpapers/Wallpapers.apk 95677-102816
//my_stock/app/Wallpapers/oat/arm/Wallpapers.vdex 102822-102849
//my_stock/app/Wallpapers/oat/arm64/Wallpapers.vdex 102850-102877
//my_stock/del-app/BackupAndRestore/BackupAndRestore.apk 102878-105977
//my_stock/del-app/OPBreathMode/OPBreathMode.apk 105981-120942
//my_stock/del-app/OPForum/OPForum.apk 120952-124130
//my_stock/del-app/OPWidget/OPWidget.apk 124133-124613
//my_stock/del-app/OppoNote2/OppoNote2.apk 124614-130252
//my_stock/del-app/OppoRelax/OppoRelax.apk 130257-153965
//my_stock/etc/NOTICE.xml.gz 153980-153993
//my_stock/etc/Operator_Ringback_Tone_List.xml 153994
//my_stock/etc/config/data_migrate_config.xml 153995
//my_stock/etc/extension/config_clear_settings_provider_key_settings_app_op.xml 153996
//my_stock/etc/permissions/default_grant_permissions_list.xml 153997
//my_stock/etc/permissions/privapp-permissions-oplus.xml 153998
//my_stock/media/theme/allApps.xml 153999-154002
//my_stock/media/theme/uxicons/xhdpi/com.airbnb.android/art_off.png 154003-154005
//my_stock/media/theme/uxicons/xhdpi/com.airbnb.android/mat.png 154006-154008
//my_stock/media/theme/uxicons/xhdpi/com.airbnb.android/recfg.png 154009-154010
//my_stock/media/theme/uxicons/xhdpi/com.android.contacts/dialer_recbg.png 154014-154015
//my_stock/media/theme/uxicons/xhdpi/com.android.contacts/dialer_recfg.png 154017
//my_stock/media/theme/uxicons/xhdpi/com.android.contacts/recbg.png 154020-154021
//my_stock/media/theme/uxicons/xhdpi/com.android.contacts/recfg.png 154023-154024
//my_stock/media/theme/uxicons/xhdpi/com.android.mms/recbg.png 154027-154028
//my_stock/media/theme/uxicons/xhdpi/com.android.mms/recfg.png 154030-154031
//my_stock/media/theme/uxicons/xhdpi/com.android.settings/mat.png 154033-154034
//my_stock/media/theme/uxicons/xhdpi/com.android.settings/recbg.png 154037
//my_stock/media/theme/uxicons/xhdpi/com.android.settings/recfg.png 154039-154040
//my_stock/media/theme/uxicons/xhdpi/com.ebay.mobile/art_off.png 154043-154044
//my_stock/media/theme/uxicons/xhdpi/com.ebay.mobile/recfg.png 154046
//my_stock/media/theme/uxicons/xhdpi/com.facebook.katana/art_off.png 154048
//my_stock/media/theme/uxicons/xhdpi/com.heytap.browser/mat.png 154053
//my_stock/media/theme/uxicons/xhdpi/com.heytap.browser/recfg.png 154054
//my_stock/media/theme/uxicons/xhdpi/com.heytap.cloud/recbg.png 154057
//my_stock/media/theme/uxicons/xhdpi/com.heytap.speechassist/mat.png 154062-154063
//my_stock/media/theme/uxicons/xhdpi/com.heytap.speechassist/recfg.png 154065-154066
//my_stock/media/theme/uxicons/xhdpi/com.heytap.themestore/mat.png 154068-154070
//my_stock/media/theme/uxicons/xhdpi/com.heytap.themestore/recbg.png 154073-154075
//my_stock/media/theme/uxicons/xhdpi/com.instagram.android/art_off.png 154076-154078
//my_stock/media/theme/uxicons/xhdpi/com.instagram.android/mat.png 154079
//my_stock/media/theme/uxicons/xhdpi/com.instagram.android/recbg.png 154080
//my_stock/media/theme/uxicons/xhdpi/com.microsoft.office.outlook/art_off.png 154082-154085
//my_stock/media/theme/uxicons/xhdpi/com.microsoft.office.outlook/mat.png 154086
//my_stock/media/theme/uxicons/xhdpi/com.microsoft.office.outlook/recfg.png 154088
//my_stock/media/theme/uxicons/xhdpi/com.oneplus.backuprestore/mat.png 154091-154093
//my_stock/media/theme/uxicons/xhdpi/com.oneplus.backuprestore/recbg.png 154095-154096
//my_stock/media/theme/uxicons/xhdpi/com.oneplus.backuprestore/recfg.png 154097-154099
//my_stock/media/theme/uxicons/xhdpi/com.oneplus.calculator/mat.png 154101-154102
//my_stock/media/theme/uxicons/xhdpi/com.oneplus.calculator/recbg.png 154105-154106
//my_stock/media/theme/uxicons/xhdpi/com.oneplus.camera/mat.png 154107-154109
//my_stock/media/theme/uxicons/xhdpi/com.oneplus.camera/peb.png 154111
//my_stock/media/theme/uxicons/xhdpi/com.oneplus.camera/recbg.png 154112
//my_stock/media/theme/uxicons/xhdpi/com.oneplus.camera/recfg.png 154114-154116
//my_stock/media/theme/uxicons/xhdpi/com.oneplus.deskclock/mat.png 154118-154119
//my_stock/media/theme/uxicons/xhdpi/com.oneplus.deskclock/recbg.png 154121-154122
//my_stock/media/theme/uxicons/xhdpi/com.oneplus.filemanager/mat.png 154124-154125
//my_stock/media/theme/uxicons/xhdpi/com.oneplus.filemanager/recbg.png 154129-154130
//my_stock/media/theme/uxicons/xhdpi/com.oneplus.gallery/mat.png 154131-154132
//my_stock/media/theme/uxicons/xhdpi/com.oneplus.gallery/recbg.png 154135-154136
//my_stock/media/theme/uxicons/xhdpi/com.oneplus.member/recbg.png 154138-154139
//my_stock/media/theme/uxicons/xhdpi/com.oneplus.member/recfg.png 154141-154142
//my_stock/media/theme/uxicons/xhdpi/com.oneplus.mms/recbg.png 154144-154145
//my_stock/media/theme/uxicons/xhdpi/com.oneplus.mms/recfg.png 154147-154148
//my_stock/media/theme/uxicons/xhdpi/com.oneplus.note/mat.png 154150-154151
//my_stock/media/theme/uxicons/xhdpi/com.oneplus.note/recbg.png 154154-154155
//my_stock/media/theme/uxicons/xhdpi/com.oneplus.note/recfg.png 154156
//my_stock/media/theme/uxicons/xhdpi/com.oneplus.soundrecorder/mat.png 154158-154159
//my_stock/media/theme/uxicons/xhdpi/com.oneplus.soundrecorder/recbg.png 154162
//my_stock/media/theme/uxicons/xhdpi/com.oplus.camera/recbg.png 154165-154166
//my_stock/media/theme/uxicons/xhdpi/com.oplus.camera/recfg.png 154168-154171
//my_stock/media/theme/uxicons/xhdpi/com.oplus.consumerIRApp/mat.png 154172
//my_stock/media/theme/uxicons/xhdpi/com.oplus.consumerIRApp/recbg.png 154176-154178
//my_stock/media/theme/uxicons/xhdpi/com.oplus.consumerIRApp/recfg.png 154179
//my_stock/media/theme/uxicons/xhdpi/com.oplus.games/mat.png 154181-154183
//my_stock/media/theme/uxicons/xhdpi/com.oplus.games/recbg.png 154186-154188
//my_stock/media/theme/uxicons/xhdpi/com.oplus.games/recfg.png 154189-154192
//my_stock/media/theme/uxicons/xhdpi/com.oplus.logkit/recfg.png 154194
//my_stock/media/theme/uxicons/xhdpi/com.oplus.themestore/mat.png 154198-154199
//my_stock/media/theme/uxicons/xhdpi/com.oplus.themestore/recbg.png 154200-154201
//my_stock/media/theme/uxicons/xhdpi/com.oplus.themestore/recfg.png 154203-154204
//my_stock/media/theme/uxicons/xhdpi/com.oplus.vip/recbg.png 154205-154206
//my_stock/media/theme/uxicons/xhdpi/com.oplus.vip/recfg.png 154208-154209
//my_stock/media/theme/uxicons/xhdpi/com.paypal.android.p2pmobile/art_off.png 154211-154217
//my_stock/media/theme/uxicons/xhdpi/com.paypal.android.p2pmobile/mat.png 154218
//my_stock/media/theme/uxicons/xhdpi/com.paypal.android.p2pmobile/recbg.png 154219-154226
//my_stock/media/theme/uxicons/xhdpi/com.paypal.android.p2pmobile/recfg.png 154228
//my_stock/media/theme/uxicons/xhdpi/com.pinterest/art_off.png 154229
//my_stock/media/theme/uxicons/xhdpi/icons-meterial 154235-154237
//my_stock/media/theme/uxicons/xhdpi/icons-pebble 154238-154241
//my_stock/media/theme/uxicons/xhdpi/icons-rectangle 154242-154251
//my_stock/media/theme/uxicons/xhdpi/in.amazon.mShop.android.shopping/mat.png 154252
//my_stock/media/theme/uxicons/xhdpi/in.amazon.mShop.android.shopping/recbg.png 154254-154255
//my_stock/media/theme/uxicons/xhdpi/net.oneplus.forums/mat.png 154256-154258
//my_stock/media/theme/uxicons/xhdpi/net.oneplus.forums/recbg.png 154260-154261
//my_stock/media/theme/uxicons/xhdpi/net.oneplus.weather/mat.png 154264-154265
//my_stock/media/theme/uxicons/xhdpi/net.oneplus.weather/recbg.png 154268
//my_stock/media/theme/uxicons/xhdpi/net.oneplus.weather/recfg.png 154269-154270
//my_stock/media/theme/uxicons/xxhdpi/com.airbnb.android/art_off.png 154273-154275
//my_stock/media/theme/uxicons/xxhdpi/com.airbnb.android/mat.png 154277-154279
//my_stock/media/theme/uxicons/xxhdpi/com.airbnb.android/recfg.png 154280-154281
//my_stock/media/theme/uxicons/xxhdpi/com.android.contacts/dialer_mat.png 154283
//my_stock/media/theme/uxicons/xxhdpi/com.android.contacts/dialer_recbg.png 154284-154289
//my_stock/media/theme/uxicons/xxhdpi/com.android.contacts/dialer_recfg.png 154290-154292
//my_stock/media/theme/uxicons/xxhdpi/com.android.contacts/recbg.png 154295-154300
//my_stock/media/theme/uxicons/xxhdpi/com.android.contacts/recfg.png 154301-154304
//my_stock/media/theme/uxicons/xxhdpi/com.android.mms/recbg.png 154309-154314
//my_stock/media/theme/uxicons/xxhdpi/com.android.mms/recfg.png 154315-154319
//my_stock/media/theme/uxicons/xxhdpi/com.android.settings/mat.png 154321-154324
//my_stock/media/theme/uxicons/xxhdpi/com.android.settings/peb.png 154327
//my_stock/media/theme/uxicons/xxhdpi/com.android.settings/recbg.png 154328-154331
//my_stock/media/theme/uxicons/xxhdpi/com.android.settings/recfg.png 154333-154336
//my_stock/media/theme/uxicons/xxhdpi/com.ebay.mobile/art_off.png 154341-154342
//my_stock/media/theme/uxicons/xxhdpi/com.ebay.mobile/mat.png 154343-154344
//my_stock/media/theme/uxicons/xxhdpi/com.ebay.mobile/recfg.png 154345
//my_stock/media/theme/uxicons/xxhdpi/com.facebook.katana/art_off.png 154347-154349
//my_stock/media/theme/uxicons/xxhdpi/com.facebook.katana/mat.png 154351
//my_stock/media/theme/uxicons/xxhdpi/com.facebook.katana/recbg.png 154352
//my_stock/media/theme/uxicons/xxhdpi/com.heytap.browser/mat.png 154357-154358
//my_stock/media/theme/uxicons/xxhdpi/com.heytap.browser/recfg.png 154360-154361
//my_stock/media/theme/uxicons/xxhdpi/com.heytap.cloud/mat.png 154363-154368
//my_stock/media/theme/uxicons/xxhdpi/com.heytap.cloud/peb.png 154369 154370
//my_stock/media/theme/uxicons/xxhdpi/com.heytap.cloud/recbg.png 154371-154376
//my_stock/media/theme/uxicons/xxhdpi/com.heytap.cloud/recfg.png 154377-154378
//my_stock/media/theme/uxicons/xxhdpi/com.heytap.music/mat.png 154380
//my_stock/media/theme/uxicons/xxhdpi/com.heytap.smarthome/recfg.png 154384
//my_stock/media/theme/uxicons/xxhdpi/com.heytap.speechassist/mat.png 154386-154389
//my_stock/media/theme/uxicons/xxhdpi/com.heytap.speechassist/recfg.png 154391-154395
//my_stock/media/theme/uxicons/xxhdpi/com.heytap.themestore/mat.png 154397-154402
//my_stock/media/theme/uxicons/xxhdpi/com.heytap.themestore/peb.png 154403
//my_stock/media/theme/uxicons/xxhdpi/com.heytap.themestore/recbg.png 154404-154409
//my_stock/media/theme/uxicons/xxhdpi/com.instagram.android/art_off.png 154410-154416
//my_stock/media/theme/uxicons/xxhdpi/com.instagram.android/mat.png 154417
//my_stock/media/theme/uxicons/xxhdpi/com.instagram.android/recbg.png 154419-154422
//my_stock/media/theme/uxicons/xxhdpi/com.microsoft.office.outlook/art_off.png 154425-154428
//my_stock/media/theme/uxicons/xxhdpi/com.microsoft.office.outlook/mat.png 154429
//my_stock/media/theme/uxicons/xxhdpi/com.nearme.gamecenter/recfg.png 154433
//my_stock/media/theme/uxicons/xxhdpi/com.oneplus.backuprestore/mat.png 154435-154441
//my_stock/media/theme/uxicons/xxhdpi/com.oneplus.backuprestore/peb.png 154442
//my_stock/media/theme/uxicons/xxhdpi/com.oneplus.backuprestore/recbg.png 154443-154446
//my_stock/media/theme/uxicons/xxhdpi/com.oneplus.backuprestore/recfg.png 154447-154452
//my_stock/media/theme/uxicons/xxhdpi/com.oneplus.calculator/mat.png 154455-154458
//my_stock/media/theme/uxicons/xxhdpi/com.oneplus.calculator/peb.png 154460
//my_stock/media/theme/uxicons/xxhdpi/com.oneplus.calculator/recbg.png 154461-154464
//my_stock/media/theme/uxicons/xxhdpi/com.oneplus.camera/mat.png 154466-154471
//my_stock/media/theme/uxicons/xxhdpi/com.oneplus.camera/peb.png 154473
//my_stock/media/theme/uxicons/xxhdpi/com.oneplus.camera/recbg.png 154475-154478
//my_stock/media/theme/uxicons/xxhdpi/com.oneplus.camera/recfg.png 154479-154485
//my_stock/media/theme/uxicons/xxhdpi/com.oneplus.deskclock/mat.png 154486-154489
//my_stock/media/theme/uxicons/xxhdpi/com.oneplus.deskclock/peb.png 154491
//my_stock/media/theme/uxicons/xxhdpi/com.oneplus.deskclock/recbg.png 154492-154495
//my_stock/media/theme/uxicons/xxhdpi/com.oneplus.deskclock/recfg.png 154497
//my_stock/media/theme/uxicons/xxhdpi/com.oneplus.filemanager/mat.png 154499-154502
//my_stock/media/theme/uxicons/xxhdpi/com.oneplus.filemanager/monochrome.png 154504
//my_stock/media/theme/uxicons/xxhdpi/com.oneplus.filemanager/recbg.png 154507-154510
//my_stock/media/theme/uxicons/xxhdpi/com.oneplus.gallery/mat.png 154511-154515
//my_stock/media/theme/uxicons/xxhdpi/com.oneplus.gallery/peb.png 154517
//my_stock/media/theme/uxicons/xxhdpi/com.oneplus.gallery/recbg.png 154518-154522
//my_stock/media/theme/uxicons/xxhdpi/com.oneplus.member/recbg.png 154523-154527
//my_stock/media/theme/uxicons/xxhdpi/com.oneplus.member/recfg.png 154529-154533
//my_stock/media/theme/uxicons/xxhdpi/com.oneplus.mms/recbg.png 154536-154541
//my_stock/media/theme/uxicons/xxhdpi/com.oneplus.mms/recfg.png 154542-154546
//my_stock/media/theme/uxicons/xxhdpi/com.oneplus.note/mat.png 154548-154552
//my_stock/media/theme/uxicons/xxhdpi/com.oneplus.note/recbg.png 154554-154557
//my_stock/media/theme/uxicons/xxhdpi/com.oneplus.note/recfg.png 154559-154561
//my_stock/media/theme/uxicons/xxhdpi/com.oneplus.soundrecorder/mat.png 154562-154566
//my_stock/media/theme/uxicons/xxhdpi/com.oneplus.soundrecorder/recbg.png 154569-154571
//my_stock/media/theme/uxicons/xxhdpi/com.oplus.camera/mat.png 154573
//my_stock/media/theme/uxicons/xxhdpi/com.oplus.camera/recbg.png 154575-154579
//my_stock/media/theme/uxicons/xxhdpi/com.oplus.camera/recfg.png 154580-154587
//my_stock/media/theme/uxicons/xxhdpi/com.oplus.consumerIRApp/mat.png 154588-154590
//my_stock/media/theme/uxicons/xxhdpi/com.oplus.consumerIRApp/monochrome.png 154592
//my_stock/media/theme/uxicons/xxhdpi/com.oplus.consumerIRApp/peb.png 154593
//my_stock/media/theme/uxicons/xxhdpi/com.oplus.consumerIRApp/recbg.png 154594-154600
//my_stock/media/theme/uxicons/xxhdpi/com.oplus.consumerIRApp/recfg.png 154601-154603
//my_stock/media/theme/uxicons/xxhdpi/com.oplus.games/mat.png 154605-154611
//my_stock/media/theme/uxicons/xxhdpi/com.oplus.games/peb.png 154612
//my_stock/media/theme/uxicons/xxhdpi/com.oplus.games/recbg.png 154613-154618
//my_stock/media/theme/uxicons/xxhdpi/com.oplus.games/recfg.png 154620-154628
//my_stock/media/theme/uxicons/xxhdpi/com.oplus.logkit/recfg.png 154629-154630
//my_stock/media/theme/uxicons/xxhdpi/com.oplus.play/mat.png 154632
//my_stock/media/theme/uxicons/xxhdpi/com.oplus.themestore/mat.png 154634-154636
//my_stock/media/theme/uxicons/xxhdpi/com.oplus.themestore/recbg.png 154638-154643
//my_stock/media/theme/uxicons/xxhdpi/com.oplus.themestore/recfg.png 154644-154647
//my_stock/media/theme/uxicons/xxhdpi/com.oplus.vip/recbg.png 154649-154653
//my_stock/media/theme/uxicons/xxhdpi/com.oplus.vip/recfg.png 154655-154659
//my_stock/media/theme/uxicons/xxhdpi/com.paypal.android.p2pmobile/art_off.png 154661-154667
//my_stock/media/theme/uxicons/xxhdpi/com.paypal.android.p2pmobile/mat.png 154668
//my_stock/media/theme/uxicons/xxhdpi/com.paypal.android.p2pmobile/recbg.png 154670-154677
//my_stock/media/theme/uxicons/xxhdpi/com.paypal.android.p2pmobile/recfg.png 154679
//my_stock/media/theme/uxicons/xxhdpi/com.pinterest/art_off.png 154680-154681
//my_stock/media/theme/uxicons/xxhdpi/com.pinterest/mat.png 154682
//my_stock/media/theme/uxicons/xxhdpi/com.snapchat.android/mat.png 154684
//my_stock/media/theme/uxicons/xxhdpi/com.twitter.android/art_off.png 154687
//my_stock/media/theme/uxicons/xxhdpi/icons-meterial 154689-154691
//my_stock/media/theme/uxicons/xxhdpi/icons-pebble 154692-154695
//my_stock/media/theme/uxicons/xxhdpi/icons-rectangle 154696-154708
//my_stock/media/theme/uxicons/xxhdpi/in.amazon.mShop.android.shopping/mat.png 154709-154711
//my_stock/media/theme/uxicons/xxhdpi/in.amazon.mShop.android.shopping/recbg.png 154712-154715
//my_stock/media/theme/uxicons/xxhdpi/net.oneplus.forums/mat.png 154717-154722
//my_stock/media/theme/uxicons/xxhdpi/net.oneplus.forums/peb.png 154723
//my_stock/media/theme/uxicons/xxhdpi/net.oneplus.forums/recbg.png 154724-154728
//my_stock/media/theme/uxicons/xxhdpi/net.oneplus.forums/recfg.png 154730
//my_stock/media/theme/uxicons/xxhdpi/net.oneplus.weather/mat.png 154732-154736
//my_stock/media/theme/uxicons/xxhdpi/net.oneplus.weather/peb.png 154738
//my_stock/media/theme/uxicons/xxhdpi/net.oneplus.weather/recbg.png 154739-154740
//my_stock/media/theme/uxicons/xxhdpi/net.oneplus.weather/recfg.png 154742-154746
//my_stock/media/theme/uxicons/xxxhdpi/com.airbnb.android/art_off.png 154748-154750
//my_stock/media/theme/uxicons/xxxhdpi/com.airbnb.android/mat.png 154752-154754
//my_stock/media/theme/uxicons/xxxhdpi/com.airbnb.android/recfg.png 154755-154756
//my_stock/media/theme/uxicons/xxxhdpi/com.android.bluetooth/share_blue.png 154758
//my_stock/media/theme/uxicons/xxxhdpi/com.android.contacts/dialer_mat.png 154759
//my_stock/media/theme/uxicons/xxxhdpi/com.android.contacts/dialer_recbg.png 154761-154770
//my_stock/media/theme/uxicons/xxxhdpi/com.android.contacts/dialer_recfg.png 154772-154775
//my_stock/media/theme/uxicons/xxxhdpi/com.android.contacts/mat.png 154777
//my_stock/media/theme/uxicons/xxxhdpi/com.android.contacts/recbg.png 154778-154787
//my_stock/media/theme/uxicons/xxxhdpi/com.android.contacts/recfg.png 154789-154795
//my_stock/media/theme/uxicons/xxxhdpi/com.android.fmradio/mat.png 154798
//my_stock/media/theme/uxicons/xxxhdpi/com.android.fmradio/recfg.png 154799
//my_stock/media/theme/uxicons/xxxhdpi/com.android.mms/recbg.png 154801-154810
//my_stock/media/theme/uxicons/xxxhdpi/com.android.mms/recfg.png 154812-154820
//my_stock/media/theme/uxicons/xxxhdpi/com.android.settings/mat.png 154822-154828
//my_stock/media/theme/uxicons/xxxhdpi/com.android.settings/peb.png 154831
//my_stock/media/theme/uxicons/xxxhdpi/com.android.settings/recbg.png 154833-154838
//my_stock/media/theme/uxicons/xxxhdpi/com.android.settings/recfg.png 154840-154846
//my_stock/media/theme/uxicons/xxxhdpi/com.android.stk/mat.png 154847
//my_stock/media/theme/uxicons/xxxhdpi/com.caf.fmradio/mat.png 154849
//my_stock/media/theme/uxicons/xxxhdpi/com.caf.fmradio/recfg.png 154850
//my_stock/media/theme/uxicons/xxxhdpi/com.ebay.mobile/art_off.png 154851-154852
//my_stock/media/theme/uxicons/xxxhdpi/com.ebay.mobile/mat.png 154853-154854
//my_stock/media/theme/uxicons/xxxhdpi/com.ebay.mobile/recfg.png 154855
//my_stock/media/theme/uxicons/xxxhdpi/com.facebook.katana/art_off.png 154856-154863
//my_stock/media/theme/uxicons/xxxhdpi/com.facebook.katana/mat.png 154864
//my_stock/media/theme/uxicons/xxxhdpi/com.facebook.katana/recbg.png 154866-154867
//my_stock/media/theme/uxicons/xxxhdpi/com.heytap.browser/mat.png 154873-154875
//my_stock/media/theme/uxicons/xxxhdpi/com.heytap.browser/recfg.png 154877-154880
//my_stock/media/theme/uxicons/xxxhdpi/com.heytap.cloud/recbg.png 154883-154887
//my_stock/media/theme/uxicons/xxxhdpi/com.heytap.cloud/recfg.png 154888-154889
//my_stock/media/theme/uxicons/xxxhdpi/com.heytap.music/mat.png 154891
//my_stock/media/theme/uxicons/xxxhdpi/com.heytap.smarthome/recfg.png 154896-154897
//my_stock/media/theme/uxicons/xxxhdpi/com.heytap.speechassist/mat.png 154899-154902
//my_stock/media/theme/uxicons/xxxhdpi/com.heytap.speechassist/recfg.png 154905-154910
//my_stock/media/theme/uxicons/xxxhdpi/com.heytap.themestore/mat.png 154912-154921
//my_stock/media/theme/uxicons/xxxhdpi/com.heytap.themestore/peb.png 154922
//my_stock/media/theme/uxicons/xxxhdpi/com.heytap.themestore/recbg.png 154924-154933
//my_stock/media/theme/uxicons/xxxhdpi/com.instagram.android/art_off.png 154934-154944
//my_stock/media/theme/uxicons/xxxhdpi/com.instagram.android/mat.png 154946-154947
//my_stock/media/theme/uxicons/xxxhdpi/com.instagram.android/recbg.png 154948-154955
//my_stock/media/theme/uxicons/xxxhdpi/com.microsoft.office.outlook/art_off.png 154957-154960
//my_stock/media/theme/uxicons/xxxhdpi/com.microsoft.office.outlook/mat.png 154961
//my_stock/media/theme/uxicons/xxxhdpi/com.microsoft.office.outlook/recfg.png 154963
//my_stock/media/theme/uxicons/xxxhdpi/com.nearme.gamecenter/recbg.png 154965
//my_stock/media/theme/uxicons/xxxhdpi/com.nearme.gamecenter/recfg.png 154966-154967
//my_stock/media/theme/uxicons/xxxhdpi/com.oneplus.backuprestore/mat.png 154969-154980
//my_stock/media/theme/uxicons/xxxhdpi/com.oneplus.backuprestore/peb.png 154981
//my_stock/media/theme/uxicons/xxxhdpi/com.oneplus.backuprestore/recbg.png 154983-154989
//my_stock/media/theme/uxicons/xxxhdpi/com.oneplus.backuprestore/recfg.png 154991-155001
//my_stock/media/theme/uxicons/xxxhdpi/com.oneplus.calculator/mat.png 155003-155009
//my_stock/media/theme/uxicons/xxxhdpi/com.oneplus.calculator/peb.png 155010
//my_stock/media/theme/uxicons/xxxhdpi/com.oneplus.calculator/recbg.png 155012-155018
//my_stock/media/theme/uxicons/xxxhdpi/com.oneplus.calculator/recfg.png 155019
//my_stock/media/theme/uxicons/xxxhdpi/com.oneplus.camera/mat.png 155020-155029
//my_stock/media/theme/uxicons/xxxhdpi/com.oneplus.camera/peb.png 155032-155033
//my_stock/media/theme/uxicons/xxxhdpi/com.oneplus.camera/recbg.png 155034-155040
//my_stock/media/theme/uxicons/xxxhdpi/com.oneplus.camera/recfg.png 155041-155051 155052
//my_stock/media/theme/uxicons/xxxhdpi/com.oneplus.deskclock/mat.png 155053-155059
//my_stock/media/theme/uxicons/xxxhdpi/com.oneplus.deskclock/peb.png 155060
//my_stock/media/theme/uxicons/xxxhdpi/com.oneplus.deskclock/recbg.png 155062-155069
//my_stock/media/theme/uxicons/xxxhdpi/com.oneplus.deskclock/recfg.png 155070-155071
//my_stock/media/theme/uxicons/xxxhdpi/com.oneplus.filemanager/mat.png 155073-155079
//my_stock/media/theme/uxicons/xxxhdpi/com.oneplus.filemanager/monochrome.png 155081-155082
//my_stock/media/theme/uxicons/xxxhdpi/com.oneplus.filemanager/peb.png 155084
//my_stock/media/theme/uxicons/xxxhdpi/com.oneplus.filemanager/recbg.png 155085-155090 155091
//my_stock/media/theme/uxicons/xxxhdpi/com.oneplus.gallery/mat.png 155092-155100
//my_stock/media/theme/uxicons/xxxhdpi/com.oneplus.gallery/peb.png 155101
//my_stock/media/theme/uxicons/xxxhdpi/com.oneplus.gallery/recbg.png 155103-155110
//my_stock/media/theme/uxicons/xxxhdpi/com.oneplus.member/recbg.png 155114-155123
//my_stock/media/theme/uxicons/xxxhdpi/com.oneplus.member/recfg.png 155124-155133
//my_stock/media/theme/uxicons/xxxhdpi/com.oneplus.mms/recbg.png 155135-155144
//my_stock/media/theme/uxicons/xxxhdpi/com.oneplus.mms/recfg.png 155146-155154
//my_stock/media/theme/uxicons/xxxhdpi/com.oneplus.note/mat.png 155156-155163
//my_stock/media/theme/uxicons/xxxhdpi/com.oneplus.note/peb.png 155165
//my_stock/media/theme/uxicons/xxxhdpi/com.oneplus.note/recbg.png 155166-155172
//my_stock/media/theme/uxicons/xxxhdpi/com.oneplus.note/recfg.png 155174-155177
//my_stock/media/theme/uxicons/xxxhdpi/com.oneplus.soundrecorder/mat.png 155179-155187
//my_stock/media/theme/uxicons/xxxhdpi/com.oneplus.soundrecorder/peb.png 155188
//my_stock/media/theme/uxicons/xxxhdpi/com.oneplus.soundrecorder/recbg.png 155189-155193
//my_stock/media/theme/uxicons/xxxhdpi/com.oplus.camera/mat.png 155197
//my_stock/media/theme/uxicons/xxxhdpi/com.oplus.camera/recbg.png 155199-155207
//my_stock/media/theme/uxicons/xxxhdpi/com.oplus.camera/recfg.png 155208-155219
//my_stock/media/theme/uxicons/xxxhdpi/com.oplus.consumerIRApp/mat.png 155221-155226
//my_stock/media/theme/uxicons/xxxhdpi/com.oplus.consumerIRApp/monochrome.png 155227
//my_stock/media/theme/uxicons/xxxhdpi/com.oplus.consumerIRApp/peb.png 155229
//my_stock/media/theme/uxicons/xxxhdpi/com.oplus.consumerIRApp/recbg.png 155231-155242
//my_stock/media/theme/uxicons/xxxhdpi/com.oplus.consumerIRApp/recfg.png 155243-155247
//my_stock/media/theme/uxicons/xxxhdpi/com.oplus.games/mat.png 155249-155259
//my_stock/media/theme/uxicons/xxxhdpi/com.oplus.games/peb.png 155261
//my_stock/media/theme/uxicons/xxxhdpi/com.oplus.games/recbg.png 155263-155273
//my_stock/media/theme/uxicons/xxxhdpi/com.oplus.games/recfg.png 155275-155289
//my_stock/media/theme/uxicons/xxxhdpi/com.oplus.logkit/recfg.png 155290-155292
//my_stock/media/theme/uxicons/xxxhdpi/com.oplus.play/mat.png 155294
//my_stock/media/theme/uxicons/xxxhdpi/com.oplus.play/recfg.png 155297
//my_stock/media/theme/uxicons/xxxhdpi/com.oplus.themestore/mat.png 155298-155301
//my_stock/media/theme/uxicons/xxxhdpi/com.oplus.themestore/recbg.png 155303-155312
//my_stock/media/theme/uxicons/xxxhdpi/com.oplus.themestore/recfg.png 155314-155319
//my_stock/media/theme/uxicons/xxxhdpi/com.oplus.vip/recbg.png 155321-155330
//my_stock/media/theme/uxicons/xxxhdpi/com.oplus.vip/recfg.png 155331-155340
//my_stock/media/theme/uxicons/xxxhdpi/com.paypal.android.p2pmobile/art_off.png 155341-155347
//my_stock/media/theme/uxicons/xxxhdpi/com.paypal.android.p2pmobile/mat.png 155348
//my_stock/media/theme/uxicons/xxxhdpi/com.paypal.android.p2pmobile/recbg.png 155350-155357
//my_stock/media/theme/uxicons/xxxhdpi/com.paypal.android.p2pmobile/recfg.png 155359
//my_stock/media/theme/uxicons/xxxhdpi/com.pinterest/art_off.png 155360-155362
//my_stock/media/theme/uxicons/xxxhdpi/com.pinterest/mat.png 155363
//my_stock/media/theme/uxicons/xxxhdpi/com.snapchat.android/mat.png 155365
//my_stock/media/theme/uxicons/xxxhdpi/com.twitter.android/art_off.png 155369
//my_stock/media/theme/uxicons/xxxhdpi/icons-meterial 155374-155376
//my_stock/media/theme/uxicons/xxxhdpi/icons-pebble 155377-155380
//my_stock/media/theme/uxicons/xxxhdpi/icons-rectangle 155381-155398
//my_stock/media/theme/uxicons/xxxhdpi/in.amazon.mShop.android.shopping/mat.png 155399-155403
//my_stock/media/theme/uxicons/xxxhdpi/in.amazon.mShop.android.shopping/recbg.png 155404-155410
//my_stock/media/theme/uxicons/xxxhdpi/net.oneplus.forums/mat.png 155412-155420
//my_stock/media/theme/uxicons/xxxhdpi/net.oneplus.forums/peb.png 155422
//my_stock/media/theme/uxicons/xxxhdpi/net.oneplus.forums/recbg.png 155424-155432
//my_stock/media/theme/uxicons/xxxhdpi/net.oneplus.forums/recfg.png 155434-155435
//my_stock/media/theme/uxicons/xxxhdpi/net.oneplus.weather/mat.png 155437-155445
//my_stock/media/theme/uxicons/xxxhdpi/net.oneplus.weather/peb.png 155446
//my_stock/media/theme/uxicons/xxxhdpi/net.oneplus.weather/recbg.png 155448-155451
//my_stock/media/theme/uxicons/xxxhdpi/net.oneplus.weather/recfg.png 155452-155460
//my_stock/non_overlay/app/OBrain/OBrain.apk 155462-155593
//my_stock/plugin/GamePerformanceOpt/GamePerformanceOpt.apk 155594-155698
//my_stock/priv-app/AccessoryFramework/AccessoryFramework.apk 155699-159451
//my_stock/priv-app/AccessoryFramework/oat/arm/AccessoryFramework.vdex 159455-159494
//my_stock/priv-app/AccessoryFramework/oat/arm64/AccessoryFramework.vdex 159495-159534
//my_stock/priv-app/ColorfulEngine/ColorfulEngine.apk 159535-162227
//my_stock/priv-app/ColorfulEngine/oat/arm/ColorfulEngine.vdex 162230-162254
//my_stock/priv-app/ColorfulEngine/oat/arm64/ColorfulEngine.vdex 162255-162279
//my_stock/priv-app/DCS/DCS.apk 162280-162532
//my_stock/priv-app/DCS/oat/arm64/DCS.vdex 162533-162539
//my_stock/priv-app/DSF/DSF.apk 162540-165443
//my_stock/priv-app/DSF/oat/arm64/DSF.vdex 165446-165459
//my_stock/priv-app/Games/Games.apk 165460-181267
//my_stock/priv-app/Games/oat/arm64/Games.vdex 181282-181417
//my_stock/priv-app/GlobalSearch/GlobalSearch.apk 181418-183903
//my_stock/priv-app/GlobalSearch/oat/arm/GlobalSearch.vdex 183906-183933
//my_stock/priv-app/HeyCast/HeyCast.apk 183934-186315
//my_stock/priv-app/HeyCast/oat/arm64/HeyCast.vdex 186319-186343
//my_stock/priv-app/HeySynergy/HeySynergy.apk 186344-187049
//my_stock/priv-app/HeySynergy/oat/arm64/HeySynergy.vdex 187050-187062
//my_stock/priv-app/KeKeUserCenter/KeKeUserCenter.apk 187063-201583
//my_stock/priv-app/KeKeUserCenter/lib/arm64/libcrypter-lib.so 201596-201622
//my_stock/priv-app/KeKeUserCenter/lib/arm64/libdns_server_rk.so 201623-201696
//my_stock/priv-app/KeKeUserCenter/lib/arm64/libffmpeg.so 201697-203590
//my_stock/priv-app/KeKeUserCenter/lib/arm64/libffmpegJNI.so 203593-203694
//my_stock/priv-app/KeKeUserCenter/lib/arm64/libmarsxlog.so 203695-203725
//my_stock/priv-app/KeKeUserCenter/lib/arm64/libopluslog.so 203726-203734
//my_stock/priv-app/KeKeUserCenter/lib/arm64/librtmp-jni.so 203735-203748
//my_stock/priv-app/KeKeUserCenter/lib/arm64/libstlport_shared.so 203749-203813
//my_stock/priv-app/KeKeUserCenter/oat/arm64/KeKeUserCenter.vdex 203814-203890
//my_stock/priv-app/MDSService/MDSService.apk 203891-204854
//my_stock/priv-app/MDSService/oat/arm64/MDSService.vdex 204856-204869
//my_stock/priv-app/Metis/Metis.apk 204870-206934
//my_stock/priv-app/Metis/oat/arm64/Metis.vdex 206937-206978
//my_stock/priv-app/ONet/ONet.apk 206979-208186
//my_stock/priv-app/ONet/oat/arm64/ONet.vdex 208189-208207
//my_stock/priv-app/OPSynergy/OPSynergy.apk 208208-211796
//my_stock/priv-app/OPSynergy/oat/arm64/OPSynergy.vdex 211801-211850
//my_stock/priv-app/Omacp/Omacp.apk 211851-212849
//my_stock/priv-app/Omacp/oat/arm64/Omacp.vdex 212850-212862
//my_stock/priv-app/OplusBootReg/OplusBootReg.apk 212863-217702
//my_stock/priv-app/OplusBootReg/oat/arm64/OplusBootReg.vdex 217708-217744
//my_stock/priv-app/OplusScreenRecorder/OplusScreenRecorder.apk 217745-219258
//my_stock/priv-app/OplusScreenRecorder/oat/arm64/OplusScreenRecorder.vdex 219261-219280
//my_stock/priv-app/PlayAutoInstallConfig/PlayAutoInstallConfig.apk 219281
//my_stock/priv-app/SOSHelper/SOSHelper.apk 219282-221399
//my_stock/priv-app/SOSHelper/oat/arm64/SOSHelper.vdex 221403-221425
//my_stock/priv-app/Screenshot/Screenshot.apk 221426-226271
//my_stock/priv-app/Screenshot/oat/arm64/Screenshot.vdex 226276-226316
