//my_stock/apkcerts.txt 1
//my_stock/app/Aod/Aod.apk 2-14469
//my_stock/app/Aod/lib/arm64/libVFX.so 14478-15026
//my_stock/app/Aod/lib/arm64/libhandpaintedeffects.so 15028-15082
//my_stock/app/Aod/lib/arm64/liboplus_gifdecoder.so 15083-15112
//my_stock/app/Aod/lib/arm64/liboplus_image_process.so 15113-15114
//my_stock/app/Aod/lib/arm64/liboplusos_lunar.so 15115-15117
//my_stock/app/COSA/COSA.apk 15118-21203
//my_stock/app/Calculator2/Calculator2.apk 21209-22665
//my_stock/app/ChildrenSpace/ChildrenSpace.apk 22668-29505
//my_stock/app/Clock/Clock.apk 29511-32988
//my_stock/app/FileEncryption/FileEncryption.apk 32992-34012
//my_stock/app/FileManager/FileManager.apk 34013-36746
//my_stock/app/LocationProxy/LocationProxy.apk 36750-37441
//my_stock/app/OpenCapabilityService/OpenCapabilityService.apk 37442-37867
//my_stock/app/OplusOperationManual/OplusOperationManual.apk 37868-40913
//my_stock/app/OplusSecurityKeyboard/OplusSecurityKeyboard.apk 40916-40995
//my_stock/app/OppoWeather2/OppoWeather2.apk 40996-46385
//my_stock/app/OppoWeatherService/OppoWeatherService.apk 46390-47610
//my_stock/app/Portrait/Portrait.apk 47613-57702
//my_stock/app/Portrait/lib/arm64/libAncSegBaseJni.so 57709-57755
//my_stock/app/Portrait/lib/arm64/libAncSegBaseSdk.so 57756-58356
//my_stock/app/Portrait/lib/arm64/libCaptureBokeh.so 58357-58476
//my_stock/app/Portrait/lib/arm64/libMNN.so 58477-58667
//my_stock/app/Portrait/lib/arm64/libNvEffectSdkCore.so 58668-59660
//my_stock/app/Portrait/lib/arm64/libancbase_segbase.so 59661-61532
//my_stock/app/Portrait/lib/arm64/libc++_shared.so 61535-61633
//my_stock/app/Portrait/lib/arm64/libcvface_api.so 61634-65260
//my_stock/app/Portrait/lib/arm64/libgraphics-lib.so 65264-65290
//my_stock/app/Portrait/lib/arm64/libimageProcessing.so 65291-65304
//my_stock/app/Portrait/lib/arm64/libjni_cvface_api.so 65305-65337
//my_stock/app/Portrait/lib/arm64/libmsai.so 65338-65739
//my_stock/app/Portrait/lib/arm64/libop-aod-bokeh-jni.qti.so 65740-65763
//my_stock/app/Portrait/lib/arm64/libopencv_java4.so 65764-68210
//my_stock/app/Portrait/lib/arm64/liboplus_image_process.so 68214-68215
//my_stock/app/Portrait/lib/arm64/libyuv2.so 68216-68257
//my_stock/app/RomUpdate/RomUpdate.apk 68258-68596
//my_stock/app/SceneMode/SceneMode.apk 68597-73364
//my_stock/app/SmartEngine/SmartEngine.apk 73368-75993
//my_stock/app/SmartEngine/lib/arm/libETC2Loader.so 75996-75998
//my_stock/app/SmartEngine/lib/arm64/libETC2Loader.so 75999
//my_stock/app/SmartSideBar/SmartSideBar.apk 76000-77249
//my_stock/app/VariUIEngine/VariUIEngine.apk 77250-79040
//my_stock/app/VariUIEngine/lib/arm64/libVFX.so 79043-79591
//my_stock/app/VariUIEngine/lib/arm64/libhandpaintedeffects.so 79592-79646
//my_stock/app/VariUIEngine/lib/arm64/libliquidfun.so 79647-79693
//my_stock/app/VariUIEngine/lib/arm64/libliquidfun_jni.so 79694-79728
//my_stock/app/VariUIEngine/lib/arm64/liboplus_gifdecoder.so 79729-79758
//my_stock/app/VariUIEngine/lib/arm64/liboplusos_lunar.so 79759-79761
//my_stock/app/ViewTalk/ViewTalk.apk 79762-83117
//my_stock/app/Wallpapers/Wallpapers.apk 83121-90091
//my_stock/del-app/BackupAndRestore/BackupAndRestore.apk 90097-93116
//my_stock/del-app/OPBreathMode/OPBreathMode.apk 93120-108266
//my_stock/del-app/OPForum/OPForum.apk 108276-112160
//my_stock/del-app/OPWidget/OPWidget.apk 112164-112657
//my_stock/del-app/OppoNote2/OppoNote2.apk 112658-117962
//my_stock/del-app/OppoRelax/OppoRelax.apk 117967-141293
//my_stock/etc/NOTICE.xml.gz 141307-141318
//my_stock/etc/Operator_Ringback_Tone_List.xml 141319
//my_stock/etc/config/data_migrate_config.xml 141320
//my_stock/etc/extension/com.oplus.app-features.xml 141321
//my_stock/etc/extension/config_clear_settings_provider_key_settings_app_op.xml 141322
//my_stock/etc/permissions/default_grant_permissions_list.xml 141324
//my_stock/etc/permissions/privapp-permissions-oplus.xml 141325
//my_stock/media/theme/allApps.xml 141327-141330
//my_stock/media/theme/uxicons/xhdpi/com.airbnb.android/art_off.png 141331-141333
//my_stock/media/theme/uxicons/xhdpi/com.airbnb.android/mat.png 141335-141337
//my_stock/media/theme/uxicons/xhdpi/com.airbnb.android/recfg.png 141339-141340
//my_stock/media/theme/uxicons/xhdpi/com.android.contacts/dialer_recbg.png 141343-141344
//my_stock/media/theme/uxicons/xhdpi/com.android.contacts/dialer_recfg.png 141346
//my_stock/media/theme/uxicons/xhdpi/com.android.contacts/recbg.png 141349-141350
//my_stock/media/theme/uxicons/xhdpi/com.android.contacts/recfg.png 141352-141353
//my_stock/media/theme/uxicons/xhdpi/com.android.mms/recbg.png 141356-141357
//my_stock/media/theme/uxicons/xhdpi/com.android.mms/recfg.png 141359-141360
//my_stock/media/theme/uxicons/xhdpi/com.android.settings/mat.png 141362-141363
//my_stock/media/theme/uxicons/xhdpi/com.android.settings/recbg.png 141366
//my_stock/media/theme/uxicons/xhdpi/com.android.settings/recfg.png 141368-141369
//my_stock/media/theme/uxicons/xhdpi/com.android.stk/mat.png 141371-141372
//my_stock/media/theme/uxicons/xhdpi/com.android.stk/peb.png 141373
//my_stock/media/theme/uxicons/xhdpi/com.android.stk/recbg.png 141375-141376
//my_stock/media/theme/uxicons/xhdpi/com.android.stk/recfg.png 141378
//my_stock/media/theme/uxicons/xhdpi/com.ebay.mobile/art_off.png 141381-141382
//my_stock/media/theme/uxicons/xhdpi/com.ebay.mobile/recfg.png 141383
//my_stock/media/theme/uxicons/xhdpi/com.facebook.katana/art_off.png 141385
//my_stock/media/theme/uxicons/xhdpi/com.heytap.browser/mat.png 141390
//my_stock/media/theme/uxicons/xhdpi/com.heytap.browser/recfg.png 141392
//my_stock/media/theme/uxicons/xhdpi/com.heytap.cloud/recbg.png 141394
//my_stock/media/theme/uxicons/xhdpi/com.heytap.market/mat.png 141397-141398
//my_stock/media/theme/uxicons/xhdpi/com.heytap.market/recbg.png 141401-141402
//my_stock/media/theme/uxicons/xhdpi/com.heytap.market/recfg.png 141404-141405
//my_stock/media/theme/uxicons/xhdpi/com.heytap.speechassist/mat.png 141409-141410
//my_stock/media/theme/uxicons/xhdpi/com.heytap.speechassist/recfg.png 141412-141413
//my_stock/media/theme/uxicons/xhdpi/com.heytap.themestore/mat.png 141415-141417
//my_stock/media/theme/uxicons/xhdpi/com.heytap.themestore/recbg.png 141419-141421
//my_stock/media/theme/uxicons/xhdpi/com.instagram.android/art_off.png 141422-141424
//my_stock/media/theme/uxicons/xhdpi/com.instagram.android/mat.png 141426
//my_stock/media/theme/uxicons/xhdpi/com.instagram.android/recbg.png 141427
//my_stock/media/theme/uxicons/xhdpi/com.microsoft.office.outlook/art_off.png 141428-141431
//my_stock/media/theme/uxicons/xhdpi/com.microsoft.office.outlook/mat.png 141432
//my_stock/media/theme/uxicons/xhdpi/com.microsoft.office.outlook/recfg.png 141434
//my_stock/media/theme/uxicons/xhdpi/com.oneplus.backuprestore/mat.png 141437-141439
//my_stock/media/theme/uxicons/xhdpi/com.oneplus.backuprestore/recbg.png 141442-141443
//my_stock/media/theme/uxicons/xhdpi/com.oneplus.backuprestore/recfg.png 141444-141446
//my_stock/media/theme/uxicons/xhdpi/com.oneplus.brickmode/mat.png 141447-141448
//my_stock/media/theme/uxicons/xhdpi/com.oneplus.brickmode/peb.png 141451
//my_stock/media/theme/uxicons/xhdpi/com.oneplus.brickmode/recbg.png 141452-141454
//my_stock/media/theme/uxicons/xhdpi/com.oneplus.brickmode/recfg.png 141455-141456
//my_stock/media/theme/uxicons/xhdpi/com.oneplus.calculator/mat.png 141458-141459
//my_stock/media/theme/uxicons/xhdpi/com.oneplus.calculator/recbg.png 141461-141462
//my_stock/media/theme/uxicons/xhdpi/com.oneplus.camera/mat.png 141464-141466
//my_stock/media/theme/uxicons/xhdpi/com.oneplus.camera/peb.png 141467
//my_stock/media/theme/uxicons/xhdpi/com.oneplus.camera/recbg.png 141468
//my_stock/media/theme/uxicons/xhdpi/com.oneplus.camera/recfg.png 141470-141472
//my_stock/media/theme/uxicons/xhdpi/com.oneplus.deskclock/mat.png 141474-141475
//my_stock/media/theme/uxicons/xhdpi/com.oneplus.deskclock/recbg.png 141478-141479
//my_stock/media/theme/uxicons/xhdpi/com.oneplus.filemanager/mat.png 141481-141482
//my_stock/media/theme/uxicons/xhdpi/com.oneplus.filemanager/recbg.png 141485-141486
//my_stock/media/theme/uxicons/xhdpi/com.oneplus.gallery/mat.png 141487-141488
//my_stock/media/theme/uxicons/xhdpi/com.oneplus.gallery/recbg.png 141491-141492
//my_stock/media/theme/uxicons/xhdpi/com.oneplus.member/recbg.png 141494-141495
//my_stock/media/theme/uxicons/xhdpi/com.oneplus.member/recfg.png 141497-141498
//my_stock/media/theme/uxicons/xhdpi/com.oneplus.mms/recbg.png 141501-141502
//my_stock/media/theme/uxicons/xhdpi/com.oneplus.mms/recfg.png 141504-141505
//my_stock/media/theme/uxicons/xhdpi/com.oneplus.note/mat.png 141507-141508
//my_stock/media/theme/uxicons/xhdpi/com.oneplus.note/recbg.png 141510-141511
//my_stock/media/theme/uxicons/xhdpi/com.oneplus.note/recfg.png 141512
//my_stock/media/theme/uxicons/xhdpi/com.oneplus.soundrecorder/mat.png 141514-141515
//my_stock/media/theme/uxicons/xhdpi/com.oneplus.soundrecorder/recbg.png 141518
//my_stock/media/theme/uxicons/xhdpi/com.oplus.camera/recbg.png 141521-141522
//my_stock/media/theme/uxicons/xhdpi/com.oplus.camera/recfg.png 141524-141527
//my_stock/media/theme/uxicons/xhdpi/com.oplus.consumerIRApp/mat.png 141528
//my_stock/media/theme/uxicons/xhdpi/com.oplus.consumerIRApp/recbg.png 141532-141534
//my_stock/media/theme/uxicons/xhdpi/com.oplus.consumerIRApp/recfg.png 141535
//my_stock/media/theme/uxicons/xhdpi/com.oplus.games/mat.png 141537-141539
//my_stock/media/theme/uxicons/xhdpi/com.oplus.games/recbg.png 141542-141544
//my_stock/media/theme/uxicons/xhdpi/com.oplus.games/recfg.png 141545-141548
//my_stock/media/theme/uxicons/xhdpi/com.oplus.logkit/recfg.png 141550
//my_stock/media/theme/uxicons/xhdpi/com.oplus.themestore/mat.png 141554-141555
//my_stock/media/theme/uxicons/xhdpi/com.oplus.themestore/recbg.png 141556-141557
//my_stock/media/theme/uxicons/xhdpi/com.oplus.themestore/recfg.png 141559-141560
//my_stock/media/theme/uxicons/xhdpi/com.oplus.vip/recbg.png 141561-141562
//my_stock/media/theme/uxicons/xhdpi/com.oplus.vip/recfg.png 141564-141565
//my_stock/media/theme/uxicons/xhdpi/com.paypal.android.p2pmobile/art_off.png 141567-141573
//my_stock/media/theme/uxicons/xhdpi/com.paypal.android.p2pmobile/mat.png 141574
//my_stock/media/theme/uxicons/xhdpi/com.paypal.android.p2pmobile/recbg.png 141575-141582
//my_stock/media/theme/uxicons/xhdpi/com.paypal.android.p2pmobile/recfg.png 141584
//my_stock/media/theme/uxicons/xhdpi/com.pinterest/art_off.png 141585
//my_stock/media/theme/uxicons/xhdpi/icons-meterial 141591-141593
//my_stock/media/theme/uxicons/xhdpi/icons-pebble 141594-141597
//my_stock/media/theme/uxicons/xhdpi/icons-rectangle 141598-141607
//my_stock/media/theme/uxicons/xhdpi/in.amazon.mShop.android.shopping/mat.png 141608
//my_stock/media/theme/uxicons/xhdpi/in.amazon.mShop.android.shopping/recbg.png 141610-141611
//my_stock/media/theme/uxicons/xhdpi/net.oneplus.forums/mat.png 141612-141614
//my_stock/media/theme/uxicons/xhdpi/net.oneplus.forums/recbg.png 141616-141617
//my_stock/media/theme/uxicons/xhdpi/net.oneplus.weather/mat.png 141620-141621
//my_stock/media/theme/uxicons/xhdpi/net.oneplus.weather/recbg.png 141624
//my_stock/media/theme/uxicons/xhdpi/net.oneplus.weather/recfg.png 141625-141626
//my_stock/media/theme/uxicons/xxhdpi/com.airbnb.android/art_off.png 141629-141631
//my_stock/media/theme/uxicons/xxhdpi/com.airbnb.android/mat.png 141633-141635
//my_stock/media/theme/uxicons/xxhdpi/com.airbnb.android/recfg.png 141636-141637
//my_stock/media/theme/uxicons/xxhdpi/com.android.contacts/dialer_mat.png 141639
//my_stock/media/theme/uxicons/xxhdpi/com.android.contacts/dialer_recbg.png 141640-141645
//my_stock/media/theme/uxicons/xxhdpi/com.android.contacts/dialer_recfg.png 141646-141648
//my_stock/media/theme/uxicons/xxhdpi/com.android.contacts/recbg.png 141651-141656
//my_stock/media/theme/uxicons/xxhdpi/com.android.contacts/recfg.png 141657-141660
//my_stock/media/theme/uxicons/xxhdpi/com.android.mms/recbg.png 141665-141670
//my_stock/media/theme/uxicons/xxhdpi/com.android.mms/recfg.png 141671-141675
//my_stock/media/theme/uxicons/xxhdpi/com.android.settings/mat.png 141677-141680
//my_stock/media/theme/uxicons/xxhdpi/com.android.settings/peb.png 141683
//my_stock/media/theme/uxicons/xxhdpi/com.android.settings/recbg.png 141684-141687
//my_stock/media/theme/uxicons/xxhdpi/com.android.settings/recfg.png 141689-141692
//my_stock/media/theme/uxicons/xxhdpi/com.ebay.mobile/art_off.png 141696-141697
//my_stock/media/theme/uxicons/xxhdpi/com.ebay.mobile/mat.png 141699-141700
//my_stock/media/theme/uxicons/xxhdpi/com.ebay.mobile/recfg.png 141701
//my_stock/media/theme/uxicons/xxhdpi/com.facebook.katana/art_off.png 141703-141705
//my_stock/media/theme/uxicons/xxhdpi/com.facebook.katana/mat.png 141707
//my_stock/media/theme/uxicons/xxhdpi/com.facebook.katana/recbg.png 141708
//my_stock/media/theme/uxicons/xxhdpi/com.heytap.browser/mat.png 141713-141714
//my_stock/media/theme/uxicons/xxhdpi/com.heytap.browser/recfg.png 141716-141717
//my_stock/media/theme/uxicons/xxhdpi/com.heytap.cloud/mat.png 141719-141724
//my_stock/media/theme/uxicons/xxhdpi/com.heytap.cloud/peb.png 141725 141726
//my_stock/media/theme/uxicons/xxhdpi/com.heytap.cloud/recbg.png 141727-141732
//my_stock/media/theme/uxicons/xxhdpi/com.heytap.cloud/recfg.png 141733-141734
//my_stock/media/theme/uxicons/xxhdpi/com.heytap.market/mat.png 141736-141740
//my_stock/media/theme/uxicons/xxhdpi/com.heytap.market/peb.png 141742
//my_stock/media/theme/uxicons/xxhdpi/com.heytap.market/recbg.png 141744-141748
//my_stock/media/theme/uxicons/xxhdpi/com.heytap.market/recfg.png 141749-141752
//my_stock/media/theme/uxicons/xxhdpi/com.heytap.music/mat.png 141753
//my_stock/media/theme/uxicons/xxhdpi/com.heytap.smarthome/recfg.png 141757
//my_stock/media/theme/uxicons/xxhdpi/com.heytap.speechassist/mat.png 141759-141762
//my_stock/media/theme/uxicons/xxhdpi/com.heytap.speechassist/recfg.png 141764-141768
//my_stock/media/theme/uxicons/xxhdpi/com.heytap.themestore/mat.png 141770-141775
//my_stock/media/theme/uxicons/xxhdpi/com.heytap.themestore/peb.png 141776
//my_stock/media/theme/uxicons/xxhdpi/com.heytap.themestore/recbg.png 141777-141782
//my_stock/media/theme/uxicons/xxhdpi/com.instagram.android/art_off.png 141783-141789
//my_stock/media/theme/uxicons/xxhdpi/com.instagram.android/mat.png 141790
//my_stock/media/theme/uxicons/xxhdpi/com.instagram.android/recbg.png 141792-141795
//my_stock/media/theme/uxicons/xxhdpi/com.microsoft.office.outlook/art_off.png 141798-141801
//my_stock/media/theme/uxicons/xxhdpi/com.microsoft.office.outlook/mat.png 141802
//my_stock/media/theme/uxicons/xxhdpi/com.nearme.gamecenter/recfg.png 141806
//my_stock/media/theme/uxicons/xxhdpi/com.oneplus.backuprestore/mat.png 141808-141814
//my_stock/media/theme/uxicons/xxhdpi/com.oneplus.backuprestore/peb.png 141815
//my_stock/media/theme/uxicons/xxhdpi/com.oneplus.backuprestore/recbg.png 141816-141819
//my_stock/media/theme/uxicons/xxhdpi/com.oneplus.backuprestore/recfg.png 141820-141825
//my_stock/media/theme/uxicons/xxhdpi/com.oneplus.brickmode/mat.png 141827-141830
//my_stock/media/theme/uxicons/xxhdpi/com.oneplus.brickmode/peb.png 141833
//my_stock/media/theme/uxicons/xxhdpi/com.oneplus.brickmode/recbg.png 141835-141840
//my_stock/media/theme/uxicons/xxhdpi/com.oneplus.brickmode/recfg.png 141842-141846
//my_stock/media/theme/uxicons/xxhdpi/com.oneplus.calculator/mat.png 141848-141851
//my_stock/media/theme/uxicons/xxhdpi/com.oneplus.calculator/peb.png 141853
//my_stock/media/theme/uxicons/xxhdpi/com.oneplus.calculator/recbg.png 141854-141857
//my_stock/media/theme/uxicons/xxhdpi/com.oneplus.camera/mat.png 141859-141864
//my_stock/media/theme/uxicons/xxhdpi/com.oneplus.camera/peb.png 141866
//my_stock/media/theme/uxicons/xxhdpi/com.oneplus.camera/recbg.png 141868-141871
//my_stock/media/theme/uxicons/xxhdpi/com.oneplus.camera/recfg.png 141872-141878
//my_stock/media/theme/uxicons/xxhdpi/com.oneplus.deskclock/mat.png 141879-141882
//my_stock/media/theme/uxicons/xxhdpi/com.oneplus.deskclock/peb.png 141884
//my_stock/media/theme/uxicons/xxhdpi/com.oneplus.deskclock/recbg.png 141885-141888
//my_stock/media/theme/uxicons/xxhdpi/com.oneplus.deskclock/recfg.png 141890
//my_stock/media/theme/uxicons/xxhdpi/com.oneplus.filemanager/mat.png 141892-141895
//my_stock/media/theme/uxicons/xxhdpi/com.oneplus.filemanager/monochrome.png 141897
//my_stock/media/theme/uxicons/xxhdpi/com.oneplus.filemanager/recbg.png 141900-141903
//my_stock/media/theme/uxicons/xxhdpi/com.oneplus.gallery/mat.png 141904-141908
//my_stock/media/theme/uxicons/xxhdpi/com.oneplus.gallery/peb.png 141910
//my_stock/media/theme/uxicons/xxhdpi/com.oneplus.gallery/recbg.png 141911-141915
//my_stock/media/theme/uxicons/xxhdpi/com.oneplus.member/recbg.png 141916-141920
//my_stock/media/theme/uxicons/xxhdpi/com.oneplus.member/recfg.png 141922-141926
//my_stock/media/theme/uxicons/xxhdpi/com.oneplus.mms/recbg.png 141929-141934
//my_stock/media/theme/uxicons/xxhdpi/com.oneplus.mms/recfg.png 141935-141939
//my_stock/media/theme/uxicons/xxhdpi/com.oneplus.note/mat.png 141941-141945
//my_stock/media/theme/uxicons/xxhdpi/com.oneplus.note/recbg.png 141947-141950
//my_stock/media/theme/uxicons/xxhdpi/com.oneplus.note/recfg.png 141952-141954
//my_stock/media/theme/uxicons/xxhdpi/com.oneplus.soundrecorder/mat.png 141955-141959
//my_stock/media/theme/uxicons/xxhdpi/com.oneplus.soundrecorder/recbg.png 141962-141964
//my_stock/media/theme/uxicons/xxhdpi/com.oplus.camera/mat.png 141966
//my_stock/media/theme/uxicons/xxhdpi/com.oplus.camera/recbg.png 141967-141971
//my_stock/media/theme/uxicons/xxhdpi/com.oplus.camera/recfg.png 141973-141980
//my_stock/media/theme/uxicons/xxhdpi/com.oplus.consumerIRApp/mat.png 141981-141983
//my_stock/media/theme/uxicons/xxhdpi/com.oplus.consumerIRApp/monochrome.png 141985
//my_stock/media/theme/uxicons/xxhdpi/com.oplus.consumerIRApp/peb.png 141986
//my_stock/media/theme/uxicons/xxhdpi/com.oplus.consumerIRApp/recbg.png 141987-141993
//my_stock/media/theme/uxicons/xxhdpi/com.oplus.consumerIRApp/recfg.png 141994-141996
//my_stock/media/theme/uxicons/xxhdpi/com.oplus.games/mat.png 141997-142003
//my_stock/media/theme/uxicons/xxhdpi/com.oplus.games/peb.png 142004
//my_stock/media/theme/uxicons/xxhdpi/com.oplus.games/recbg.png 142006-142011
//my_stock/media/theme/uxicons/xxhdpi/com.oplus.games/recfg.png 142013-142021
//my_stock/media/theme/uxicons/xxhdpi/com.oplus.logkit/recfg.png 142022-142023
//my_stock/media/theme/uxicons/xxhdpi/com.oplus.play/mat.png 142024
//my_stock/media/theme/uxicons/xxhdpi/com.oplus.themestore/mat.png 142027-142029
//my_stock/media/theme/uxicons/xxhdpi/com.oplus.themestore/recbg.png 142030-142035
//my_stock/media/theme/uxicons/xxhdpi/com.oplus.themestore/recfg.png 142036-142039
//my_stock/media/theme/uxicons/xxhdpi/com.oplus.vip/recbg.png 142041-142045
//my_stock/media/theme/uxicons/xxhdpi/com.oplus.vip/recfg.png 142047-142051
//my_stock/media/theme/uxicons/xxhdpi/com.paypal.android.p2pmobile/art_off.png 142053-142059
//my_stock/media/theme/uxicons/xxhdpi/com.paypal.android.p2pmobile/mat.png 142060
//my_stock/media/theme/uxicons/xxhdpi/com.paypal.android.p2pmobile/recbg.png 142062-142069
//my_stock/media/theme/uxicons/xxhdpi/com.paypal.android.p2pmobile/recfg.png 142071
//my_stock/media/theme/uxicons/xxhdpi/com.pinterest/art_off.png 142072-142073
//my_stock/media/theme/uxicons/xxhdpi/com.pinterest/mat.png 142074
//my_stock/media/theme/uxicons/xxhdpi/com.snapchat.android/mat.png 142076
//my_stock/media/theme/uxicons/xxhdpi/com.twitter.android/art_off.png 142078
//my_stock/media/theme/uxicons/xxhdpi/icons-meterial 142081-142083
//my_stock/media/theme/uxicons/xxhdpi/icons-pebble 142084-142087
//my_stock/media/theme/uxicons/xxhdpi/icons-rectangle 142088-142100
//my_stock/media/theme/uxicons/xxhdpi/in.amazon.mShop.android.shopping/mat.png 142101-142103
//my_stock/media/theme/uxicons/xxhdpi/in.amazon.mShop.android.shopping/recbg.png 142104-142107
//my_stock/media/theme/uxicons/xxhdpi/net.oneplus.forums/mat.png 142109-142114
//my_stock/media/theme/uxicons/xxhdpi/net.oneplus.forums/peb.png 142115
//my_stock/media/theme/uxicons/xxhdpi/net.oneplus.forums/recbg.png 142116-142120
//my_stock/media/theme/uxicons/xxhdpi/net.oneplus.forums/recfg.png 142122
//my_stock/media/theme/uxicons/xxhdpi/net.oneplus.weather/mat.png 142124-142128
//my_stock/media/theme/uxicons/xxhdpi/net.oneplus.weather/peb.png 142130
//my_stock/media/theme/uxicons/xxhdpi/net.oneplus.weather/recbg.png 142131-142132
//my_stock/media/theme/uxicons/xxhdpi/net.oneplus.weather/recfg.png 142134-142138
//my_stock/media/theme/uxicons/xxxhdpi/com.airbnb.android/art_off.png 142140-142142
//my_stock/media/theme/uxicons/xxxhdpi/com.airbnb.android/mat.png 142144-142146
//my_stock/media/theme/uxicons/xxxhdpi/com.airbnb.android/recfg.png 142147-142148
//my_stock/media/theme/uxicons/xxxhdpi/com.android.bluetooth/share_blue.png 142150
//my_stock/media/theme/uxicons/xxxhdpi/com.android.contacts/dialer_mat.png 142151
//my_stock/media/theme/uxicons/xxxhdpi/com.android.contacts/dialer_recbg.png 142153-142162
//my_stock/media/theme/uxicons/xxxhdpi/com.android.contacts/dialer_recfg.png 142164-142167
//my_stock/media/theme/uxicons/xxxhdpi/com.android.contacts/mat.png 142169
//my_stock/media/theme/uxicons/xxxhdpi/com.android.contacts/recbg.png 142170-142179
//my_stock/media/theme/uxicons/xxxhdpi/com.android.contacts/recfg.png 142181-142187
//my_stock/media/theme/uxicons/xxxhdpi/com.android.fmradio/mat.png 142190
//my_stock/media/theme/uxicons/xxxhdpi/com.android.fmradio/recfg.png 142191
//my_stock/media/theme/uxicons/xxxhdpi/com.android.mms/recbg.png 142193-142202
//my_stock/media/theme/uxicons/xxxhdpi/com.android.mms/recfg.png 142204-142212
//my_stock/media/theme/uxicons/xxxhdpi/com.android.settings/mat.png 142214-142220
//my_stock/media/theme/uxicons/xxxhdpi/com.android.settings/peb.png 142223-142224
//my_stock/media/theme/uxicons/xxxhdpi/com.android.settings/recbg.png 142226-142237
//my_stock/media/theme/uxicons/xxxhdpi/com.android.settings/recfg.png 142238-142241
//my_stock/media/theme/uxicons/xxxhdpi/com.android.stk/mat.png 142242
//my_stock/media/theme/uxicons/xxxhdpi/com.caf.fmradio/mat.png 142244
//my_stock/media/theme/uxicons/xxxhdpi/com.caf.fmradio/recfg.png 142245
//my_stock/media/theme/uxicons/xxxhdpi/com.ebay.mobile/art_off.png 142246-142247
//my_stock/media/theme/uxicons/xxxhdpi/com.ebay.mobile/mat.png 142248-142249
//my_stock/media/theme/uxicons/xxxhdpi/com.ebay.mobile/recfg.png 142250
//my_stock/media/theme/uxicons/xxxhdpi/com.facebook.katana/art_off.png 142251-142258
//my_stock/media/theme/uxicons/xxxhdpi/com.facebook.katana/mat.png 142259
//my_stock/media/theme/uxicons/xxxhdpi/com.facebook.katana/recbg.png 142261-142262
//my_stock/media/theme/uxicons/xxxhdpi/com.heytap.browser/mat.png 142267-142269
//my_stock/media/theme/uxicons/xxxhdpi/com.heytap.browser/recfg.png 142271-142274
//my_stock/media/theme/uxicons/xxxhdpi/com.heytap.cloud/recbg.png 142277-142281
//my_stock/media/theme/uxicons/xxxhdpi/com.heytap.cloud/recfg.png 142282-142283
//my_stock/media/theme/uxicons/xxxhdpi/com.heytap.market/mat.png 142285-142293
//my_stock/media/theme/uxicons/xxxhdpi/com.heytap.market/peb.png 142295-142296
//my_stock/media/theme/uxicons/xxxhdpi/com.heytap.market/recbg.png 142297-142304
//my_stock/media/theme/uxicons/xxxhdpi/com.heytap.market/recfg.png 142306-142311
//my_stock/media/theme/uxicons/xxxhdpi/com.heytap.music/mat.png 142312
//my_stock/media/theme/uxicons/xxxhdpi/com.heytap.smarthome/recfg.png 142317-142318
//my_stock/media/theme/uxicons/xxxhdpi/com.heytap.speechassist/mat.png 142320-142323
//my_stock/media/theme/uxicons/xxxhdpi/com.heytap.speechassist/recfg.png 142326-142331
//my_stock/media/theme/uxicons/xxxhdpi/com.heytap.themestore/mat.png 142333-142342
//my_stock/media/theme/uxicons/xxxhdpi/com.heytap.themestore/peb.png 142343
//my_stock/media/theme/uxicons/xxxhdpi/com.heytap.themestore/recbg.png 142345-142354
//my_stock/media/theme/uxicons/xxxhdpi/com.instagram.android/art_off.png 142356-142366
//my_stock/media/theme/uxicons/xxxhdpi/com.instagram.android/mat.png 142368-142369
//my_stock/media/theme/uxicons/xxxhdpi/com.instagram.android/recbg.png 142370-142377
//my_stock/media/theme/uxicons/xxxhdpi/com.microsoft.office.outlook/art_off.png 142379-142382
//my_stock/media/theme/uxicons/xxxhdpi/com.microsoft.office.outlook/mat.png 142383
//my_stock/media/theme/uxicons/xxxhdpi/com.microsoft.office.outlook/recfg.png 142385
//my_stock/media/theme/uxicons/xxxhdpi/com.nearme.gamecenter/recbg.png 142387
//my_stock/media/theme/uxicons/xxxhdpi/com.nearme.gamecenter/recfg.png 142388-142389
//my_stock/media/theme/uxicons/xxxhdpi/com.oneplus.backuprestore/mat.png 142391-142402
//my_stock/media/theme/uxicons/xxxhdpi/com.oneplus.backuprestore/peb.png 142403
//my_stock/media/theme/uxicons/xxxhdpi/com.oneplus.backuprestore/recbg.png 142405-142411
//my_stock/media/theme/uxicons/xxxhdpi/com.oneplus.backuprestore/recfg.png 142413-142423
//my_stock/media/theme/uxicons/xxxhdpi/com.oneplus.calculator/mat.png 142425-142431
//my_stock/media/theme/uxicons/xxxhdpi/com.oneplus.calculator/peb.png 142432
//my_stock/media/theme/uxicons/xxxhdpi/com.oneplus.calculator/recbg.png 142434-142440
//my_stock/media/theme/uxicons/xxxhdpi/com.oneplus.calculator/recfg.png 142441
//my_stock/media/theme/uxicons/xxxhdpi/com.oneplus.camera/mat.png 142442-142451
//my_stock/media/theme/uxicons/xxxhdpi/com.oneplus.camera/peb.png 142454-142455
//my_stock/media/theme/uxicons/xxxhdpi/com.oneplus.camera/recbg.png 142456-142462
//my_stock/media/theme/uxicons/xxxhdpi/com.oneplus.camera/recfg.png 142463-142473 142474
//my_stock/media/theme/uxicons/xxxhdpi/com.oneplus.deskclock/mat.png 142475-142481
//my_stock/media/theme/uxicons/xxxhdpi/com.oneplus.deskclock/peb.png 142482
//my_stock/media/theme/uxicons/xxxhdpi/com.oneplus.deskclock/recbg.png 142484-142491
//my_stock/media/theme/uxicons/xxxhdpi/com.oneplus.deskclock/recfg.png 142492-142493
//my_stock/media/theme/uxicons/xxxhdpi/com.oneplus.filemanager/mat.png 142495-142501
//my_stock/media/theme/uxicons/xxxhdpi/com.oneplus.filemanager/monochrome.png 142503-142504
//my_stock/media/theme/uxicons/xxxhdpi/com.oneplus.filemanager/peb.png 142506
//my_stock/media/theme/uxicons/xxxhdpi/com.oneplus.filemanager/recbg.png 142507-142512 142513
//my_stock/media/theme/uxicons/xxxhdpi/com.oneplus.gallery/mat.png 142514-142522
//my_stock/media/theme/uxicons/xxxhdpi/com.oneplus.gallery/peb.png 142523
//my_stock/media/theme/uxicons/xxxhdpi/com.oneplus.gallery/recbg.png 142525-142532
//my_stock/media/theme/uxicons/xxxhdpi/com.oneplus.member/recbg.png 142535-142544
//my_stock/media/theme/uxicons/xxxhdpi/com.oneplus.member/recfg.png 142546-142555
//my_stock/media/theme/uxicons/xxxhdpi/com.oneplus.mms/recbg.png 142557-142566
//my_stock/media/theme/uxicons/xxxhdpi/com.oneplus.mms/recfg.png 142568-142576
//my_stock/media/theme/uxicons/xxxhdpi/com.oneplus.note/mat.png 142578-142585
//my_stock/media/theme/uxicons/xxxhdpi/com.oneplus.note/peb.png 142587
//my_stock/media/theme/uxicons/xxxhdpi/com.oneplus.note/recbg.png 142588-142594
//my_stock/media/theme/uxicons/xxxhdpi/com.oneplus.note/recfg.png 142596-142599
//my_stock/media/theme/uxicons/xxxhdpi/com.oneplus.soundrecorder/mat.png 142601-142609
//my_stock/media/theme/uxicons/xxxhdpi/com.oneplus.soundrecorder/peb.png 142610
//my_stock/media/theme/uxicons/xxxhdpi/com.oneplus.soundrecorder/recbg.png 142611-142615
//my_stock/media/theme/uxicons/xxxhdpi/com.oplus.camera/mat.png 142619
//my_stock/media/theme/uxicons/xxxhdpi/com.oplus.camera/recbg.png 142622-142630
//my_stock/media/theme/uxicons/xxxhdpi/com.oplus.camera/recfg.png 142631-142642
//my_stock/media/theme/uxicons/xxxhdpi/com.oplus.consumerIRApp/mat.png 142644-142649
//my_stock/media/theme/uxicons/xxxhdpi/com.oplus.consumerIRApp/monochrome.png 142650
//my_stock/media/theme/uxicons/xxxhdpi/com.oplus.consumerIRApp/peb.png 142652
//my_stock/media/theme/uxicons/xxxhdpi/com.oplus.consumerIRApp/recbg.png 142654-142665
//my_stock/media/theme/uxicons/xxxhdpi/com.oplus.consumerIRApp/recfg.png 142666-142670
//my_stock/media/theme/uxicons/xxxhdpi/com.oplus.games/mat.png 142672-142682
//my_stock/media/theme/uxicons/xxxhdpi/com.oplus.games/peb.png 142684
//my_stock/media/theme/uxicons/xxxhdpi/com.oplus.games/recbg.png 142686-142696
//my_stock/media/theme/uxicons/xxxhdpi/com.oplus.games/recfg.png 142698-142712
//my_stock/media/theme/uxicons/xxxhdpi/com.oplus.logkit/recfg.png 142713-142715
//my_stock/media/theme/uxicons/xxxhdpi/com.oplus.play/mat.png 142717
//my_stock/media/theme/uxicons/xxxhdpi/com.oplus.play/recfg.png 142720
//my_stock/media/theme/uxicons/xxxhdpi/com.oplus.themestore/mat.png 142721-142724
//my_stock/media/theme/uxicons/xxxhdpi/com.oplus.themestore/recbg.png 142726-142735
//my_stock/media/theme/uxicons/xxxhdpi/com.oplus.themestore/recfg.png 142737-142742
//my_stock/media/theme/uxicons/xxxhdpi/com.oplus.vip/recbg.png 142744-142753
//my_stock/media/theme/uxicons/xxxhdpi/com.oplus.vip/recfg.png 142754-142763
//my_stock/media/theme/uxicons/xxxhdpi/com.paypal.android.p2pmobile/art_off.png 142764-142770
//my_stock/media/theme/uxicons/xxxhdpi/com.paypal.android.p2pmobile/mat.png 142771
//my_stock/media/theme/uxicons/xxxhdpi/com.paypal.android.p2pmobile/recbg.png 142772-142779
//my_stock/media/theme/uxicons/xxxhdpi/com.paypal.android.p2pmobile/recfg.png 142781
//my_stock/media/theme/uxicons/xxxhdpi/com.pinterest/art_off.png 142782-142784
//my_stock/media/theme/uxicons/xxxhdpi/com.pinterest/mat.png 142785
//my_stock/media/theme/uxicons/xxxhdpi/com.snapchat.android/mat.png 142788
//my_stock/media/theme/uxicons/xxxhdpi/com.twitter.android/art_off.png 142792
//my_stock/media/theme/uxicons/xxxhdpi/icons-meterial 142796-142798
//my_stock/media/theme/uxicons/xxxhdpi/icons-pebble 142799-142802
//my_stock/media/theme/uxicons/xxxhdpi/icons-rectangle 142803-142820
//my_stock/media/theme/uxicons/xxxhdpi/in.amazon.mShop.android.shopping/mat.png 142821-142825
//my_stock/media/theme/uxicons/xxxhdpi/in.amazon.mShop.android.shopping/recbg.png 142826-142832
//my_stock/media/theme/uxicons/xxxhdpi/net.oneplus.forums/mat.png 142834-142842
//my_stock/media/theme/uxicons/xxxhdpi/net.oneplus.forums/peb.png 142844
//my_stock/media/theme/uxicons/xxxhdpi/net.oneplus.forums/recbg.png 142846-142854
//my_stock/media/theme/uxicons/xxxhdpi/net.oneplus.forums/recfg.png 142856-142857
//my_stock/media/theme/uxicons/xxxhdpi/net.oneplus.weather/mat.png 142859-142867
//my_stock/media/theme/uxicons/xxxhdpi/net.oneplus.weather/peb.png 142868
//my_stock/media/theme/uxicons/xxxhdpi/net.oneplus.weather/recbg.png 142870-142873
//my_stock/media/theme/uxicons/xxxhdpi/net.oneplus.weather/recfg.png 142874-142882
//my_stock/priv-app/AccessoryFramework/AccessoryFramework.apk 142884-146446
//my_stock/priv-app/Cota/Cota.apk 146450-147587
//my_stock/priv-app/DCS/DCS.apk 147589-147781
//my_stock/priv-app/Games/Games.apk 147782-157432
//my_stock/priv-app/GlobalSearch/GlobalSearch.apk 157442-159926
//my_stock/priv-app/HeyCast/HeyCast.apk 159929-162305
//my_stock/priv-app/HeySynergy/HeySynergy.apk 162309-163014
//my_stock/priv-app/MDSService/MDSService.apk 163015-164070
//my_stock/priv-app/Metis/Metis.apk 164071-166079
//my_stock/priv-app/ONet/ONet.apk 166082-167286
//my_stock/priv-app/OPSynergy/OPSynergy.apk 167289-170974
//my_stock/priv-app/Omacp/Omacp.apk 170979-171976
//my_stock/priv-app/OplusBootReg/OplusBootReg.apk 171977-176663
//my_stock/priv-app/OplusScreenRecorder/OplusScreenRecorder.apk 176669-178182
//my_stock/priv-app/PlayAutoInstallConfig/PlayAutoInstallConfig.apk 178185
//my_stock/priv-app/SOSHelper/SOSHelper.apk 178186-180291
//my_stock/priv-app/Screenshot/Screenshot.apk 180295-184587
