//my_stock/apkcerts.txt 1
//my_stock/app/AIUnit/AIUnit.apk 2-32727
//my_stock/app/AIUnit/lib/arm64/libaiunit_sdk_core.so 32746-32747
//my_stock/app/AIUnit/oat/arm64/AIUnit.vdex 32748-32781
//my_stock/app/Aod/Aod.apk 32782-43477
//my_stock/app/Aod/lib/arm64/libVFX.so 43485-43867
//my_stock/app/Aod/lib/arm64/libhandpaintedeffects.so 43868-43917
//my_stock/app/Aod/lib/arm64/liboplus_gifdecoder.so 43918-43944
//my_stock/app/Aod/lib/arm64/liboplus_image_process.so 43945-43946
//my_stock/app/Aod/lib/arm64/liboplusos_lunar.so 43947-43949
//my_stock/app/Aod/oat/arm64/Aod.vdex 43950-43973
//my_stock/app/COSA/COSA.apk 43974-49784
//my_stock/app/COSA/oat/arm64/COSA.vdex 49790-49811
//my_stock/app/Calculator2/Calculator2.apk 49812-51369
//my_stock/app/Calculator2/oat/arm64/Calculator2.vdex 51372-51391
//my_stock/app/ChildrenSpace/ChildrenSpace.apk 51392-61723
//my_stock/app/ChildrenSpace/oat/arm64/ChildrenSpace.vdex 61731-61773
//my_stock/app/Clock/Clock.apk 61774-64875
//my_stock/app/Clock/lib/arm64/libwatergradient.so 64878-64902
//my_stock/app/ColorDirectService/ColorDirectService.apk 64903-66617
//my_stock/app/ColorDirectService/oat/arm64/ColorDirectService.vdex 66620-66646
//my_stock/app/FileEncryption/FileEncryption.apk 66647-67991
//my_stock/app/FileEncryption/oat/arm64/FileEncryption.vdex 67994-68012
//my_stock/app/FileManager/FileManager.apk 68013-71952
//my_stock/app/FileManager/oat/arm64/FileManager.vdex 71957-72004
//my_stock/app/HealthCheck/HealthCheck.apk 72005-73501
//my_stock/app/HealthCheck/oat/arm64/HealthCheck.vdex 73504-73521
//my_stock/app/LocationProxy/LocationProxy.apk 73522-74345
//my_stock/app/LocationProxy/oat/arm64/LocationProxy.vdex 74346-74357
//my_stock/app/OpenCapabilityService/OpenCapabilityService.apk 74358-75868
//my_stock/app/OpenCapabilityService/oat/arm64/OpenCapabilityService.vdex 75871-75895
//my_stock/app/OplusOperationManual/OplusOperationManual.apk 75896-79396
//my_stock/app/OplusOperationManual/oat/arm64/OplusOperationManual.vdex 79401-79437
//my_stock/app/OplusSecurityKeyboard/OplusSecurityKeyboard.apk 79438-79518
//my_stock/app/OppoWeather2/OppoWeather2.apk 79519-84509
//my_stock/app/OppoWeather2/oat/arm64/OppoWeather2.vdex 84514-84556
//my_stock/app/OppoWeatherService/OppoWeatherService.apk 84557-85799
//my_stock/app/OppoWeatherService/oat/arm64/OppoWeatherService.vdex 85802-85819
//my_stock/app/Portrait/Portrait.apk 85820-96110
//my_stock/app/Portrait/lib/arm64/libAncSegBaseJni.so 96117-96158
//my_stock/app/Portrait/lib/arm64/libAncSegBaseSdk.so 96159-96684
//my_stock/app/Portrait/lib/arm64/libCaptureBokeh.so 96685-96792
//my_stock/app/Portrait/lib/arm64/libMNN.so 96793-96962
//my_stock/app/Portrait/lib/arm64/libNvEffectSdkCore.so 96963-98062
//my_stock/app/Portrait/lib/arm64/libancbase_segbase.so 98065-99655
//my_stock/app/Portrait/lib/arm64/libc++_shared.so 99658-99745
//my_stock/app/Portrait/lib/arm64/libcvface_api.so 99746-103046
//my_stock/app/Portrait/lib/arm64/libgraphics-lib.so 103050-103074
//my_stock/app/Portrait/lib/arm64/libimageProcessing.so 103075-103087
//my_stock/app/Portrait/lib/arm64/libjni_cvface_api.so 103088-103116
//my_stock/app/Portrait/lib/arm64/libmsai.so 103117-103477
//my_stock/app/Portrait/lib/arm64/libop-aod-bokeh-jni.qti.so 103478-103499
//my_stock/app/Portrait/lib/arm64/libopencv_java4.so 103500-105656
//my_stock/app/Portrait/lib/arm64/liboplus_image_process.so 105660-105661
//my_stock/app/Portrait/lib/arm64/libyuv2.so 105662-105700
//my_stock/app/Portrait/oat/arm64/Portrait.vdex 105701-105715
//my_stock/app/RomUpdate/RomUpdate.apk 105716-106088
//my_stock/app/SceneMode/SceneMode.apk 106089-108115
//my_stock/app/SceneMode/oat/arm64/SceneMode.vdex 108118-108142
//my_stock/app/SmartEngine/SmartEngine.apk 108143-111226
//my_stock/app/SmartEngine/lib/arm/libETC2Loader.so 111230-111232
//my_stock/app/SmartEngine/lib/arm64/libETC2Loader.so 111233
//my_stock/app/SmartEngine/oat/arm/SmartEngine.vdex 111234-111266
//my_stock/app/SmartEngine/oat/arm64/SmartEngine.vdex 111267-111299
//my_stock/app/SmartSideBar/SmartSideBar.apk 111300-114229
//my_stock/app/SmartSideBar/oat/arm64/SmartSideBar.vdex 114233-114284
//my_stock/app/VariUIEngine/VariUIEngine.apk 114285-116066
//my_stock/app/VariUIEngine/lib/arm64/libVFX.so 116069-116562
//my_stock/app/VariUIEngine/lib/arm64/libffavc.so 116563-116693
//my_stock/app/VariUIEngine/lib/arm64/libglide-webp.so 116694-116739
//my_stock/app/VariUIEngine/lib/arm64/libhandpaintedeffects.so 116740-116789
//my_stock/app/VariUIEngine/lib/arm64/libliquidfun.so 116790-116832
//my_stock/app/VariUIEngine/lib/arm64/libliquidfun_jni.so 116833-116864
//my_stock/app/VariUIEngine/lib/arm64/liboplus_gifdecoder.so 116865-116891
//my_stock/app/VariUIEngine/lib/arm64/liboplusos_lunar.so 116892-116894
//my_stock/app/VariUIEngine/lib/arm64/libpag.so 116895-117229
//my_stock/app/VariUIEngine/oat/arm64/VariUIEngine.vdex 117230-117255
//my_stock/app/ViewTalk/ViewTalk.apk 117256-120639
//my_stock/app/ViewTalk/oat/arm64/ViewTalk.vdex 120643-120661
//my_stock/del-app/BackupAndRestore/BackupAndRestore.apk 120662-125154
//my_stock/del-app/OPBreathMode/OPBreathMode.apk 125159-139406
//my_stock/del-app/OPForum/OPForum.apk 139416-144775
//my_stock/del-app/OPWidget/OPWidget.apk 144780-145251
//my_stock/del-app/OppoNote2/OppoNote2.apk 145252-150756
//my_stock/del-app/OppoRelax/OppoRelax.apk 150761-173973
//my_stock/etc/NOTICE.xml.gz 173988-174002
//my_stock/etc/Operator_Ringback_Tone_List.xml 174003
//my_stock/etc/extension/com.oplus.app-features.xml 174004
//my_stock/etc/extension/config_clear_settings_provider_key_settings_app_op.xml 174005
//my_stock/etc/extension/sys_osense_appmng_decisionmaker_config.xml 174006
//my_stock/etc/extension/sys_osense_memory_decisionmaker_config.xml 174007
//my_stock/etc/extension/sys_preload_second_config_list.xml 174008
//my_stock/etc/permissions/default_grant_permissions_list.xml 174009
//my_stock/etc/permissions/privapp-permissions-oplus.xml 174010
//my_stock/media/theme/allApps.xml 174011-174013
//my_stock/media/theme/uxicons/xhdpi/com.airbnb.android/art_off.png 174014-174016
//my_stock/media/theme/uxicons/xhdpi/com.airbnb.android/mat.png 174018-174020
//my_stock/media/theme/uxicons/xhdpi/com.airbnb.android/recfg.png 174021-174022
//my_stock/media/theme/uxicons/xhdpi/com.android.contacts/dialer_recbg.png 174026-174027
//my_stock/media/theme/uxicons/xhdpi/com.android.contacts/dialer_recfg.png 174029
//my_stock/media/theme/uxicons/xhdpi/com.android.contacts/recbg.png 174032-174033
//my_stock/media/theme/uxicons/xhdpi/com.android.contacts/recfg.png 174035-174036
//my_stock/media/theme/uxicons/xhdpi/com.android.mms/recbg.png 174039-174040
//my_stock/media/theme/uxicons/xhdpi/com.android.mms/recfg.png 174042-174043
//my_stock/media/theme/uxicons/xhdpi/com.android.settings/mat.png 174045-174046
//my_stock/media/theme/uxicons/xhdpi/com.android.settings/recbg.png 174049
//my_stock/media/theme/uxicons/xhdpi/com.android.settings/recfg.png 174051-174052
//my_stock/media/theme/uxicons/xhdpi/com.android.stk/mat.png 174053-174054
//my_stock/media/theme/uxicons/xhdpi/com.android.stk/peb.png 174056
//my_stock/media/theme/uxicons/xhdpi/com.android.stk/recbg.png 174057-174058
//my_stock/media/theme/uxicons/xhdpi/com.android.stk/recfg.png 174060
//my_stock/media/theme/uxicons/xhdpi/com.ebay.mobile/art_off.png 174063-174064
//my_stock/media/theme/uxicons/xhdpi/com.ebay.mobile/recfg.png 174066
//my_stock/media/theme/uxicons/xhdpi/com.facebook.katana/art_off.png 174068
//my_stock/media/theme/uxicons/xhdpi/com.heytap.browser/mat.png 174073
//my_stock/media/theme/uxicons/xhdpi/com.heytap.browser/recfg.png 174075
//my_stock/media/theme/uxicons/xhdpi/com.heytap.cloud/recbg.png 174077
//my_stock/media/theme/uxicons/xhdpi/com.heytap.speechassist/mat.png 174083-174084
//my_stock/media/theme/uxicons/xhdpi/com.heytap.speechassist/recfg.png 174086-174087
//my_stock/media/theme/uxicons/xhdpi/com.heytap.themestore/mat.png 174089-174091
//my_stock/media/theme/uxicons/xhdpi/com.heytap.themestore/recbg.png 174093-174095
//my_stock/media/theme/uxicons/xhdpi/com.instagram.android/art_off.png 174096-174098
//my_stock/media/theme/uxicons/xhdpi/com.instagram.android/mat.png 174100
//my_stock/media/theme/uxicons/xhdpi/com.instagram.android/recbg.png 174101
//my_stock/media/theme/uxicons/xhdpi/com.microsoft.office.outlook/art_off.png 174102-174105
//my_stock/media/theme/uxicons/xhdpi/com.microsoft.office.outlook/mat.png 174106
//my_stock/media/theme/uxicons/xhdpi/com.microsoft.office.outlook/recfg.png 174108
//my_stock/media/theme/uxicons/xhdpi/com.oneplus.backuprestore/mat.png 174111-174113
//my_stock/media/theme/uxicons/xhdpi/com.oneplus.backuprestore/recbg.png 174116-174117
//my_stock/media/theme/uxicons/xhdpi/com.oneplus.backuprestore/recfg.png 174118-174120
//my_stock/media/theme/uxicons/xhdpi/com.oneplus.brickmode/mat.png 174121-174122
//my_stock/media/theme/uxicons/xhdpi/com.oneplus.brickmode/peb.png 174125
//my_stock/media/theme/uxicons/xhdpi/com.oneplus.brickmode/recbg.png 174126-174128
//my_stock/media/theme/uxicons/xhdpi/com.oneplus.brickmode/recfg.png 174129-174130
//my_stock/media/theme/uxicons/xhdpi/com.oneplus.calculator/mat.png 174132-174133
//my_stock/media/theme/uxicons/xhdpi/com.oneplus.calculator/recbg.png 174135-174136
//my_stock/media/theme/uxicons/xhdpi/com.oneplus.camera/mat.png 174138-174140
//my_stock/media/theme/uxicons/xhdpi/com.oneplus.camera/peb.png 174141
//my_stock/media/theme/uxicons/xhdpi/com.oneplus.camera/recbg.png 174142
//my_stock/media/theme/uxicons/xhdpi/com.oneplus.camera/recfg.png 174144-174146
//my_stock/media/theme/uxicons/xhdpi/com.oneplus.deskclock/mat.png 174148-174149
//my_stock/media/theme/uxicons/xhdpi/com.oneplus.deskclock/recbg.png 174152-174153
//my_stock/media/theme/uxicons/xhdpi/com.oneplus.filemanager/mat.png 174155-174156
//my_stock/media/theme/uxicons/xhdpi/com.oneplus.filemanager/recbg.png 174159-174160
//my_stock/media/theme/uxicons/xhdpi/com.oneplus.gallery/mat.png 174161-174162
//my_stock/media/theme/uxicons/xhdpi/com.oneplus.gallery/recbg.png 174165-174166
//my_stock/media/theme/uxicons/xhdpi/com.oneplus.member/recbg.png 174168-174169
//my_stock/media/theme/uxicons/xhdpi/com.oneplus.member/recfg.png 174171-174172
//my_stock/media/theme/uxicons/xhdpi/com.oneplus.mms/recbg.png 174175-174176
//my_stock/media/theme/uxicons/xhdpi/com.oneplus.mms/recfg.png 174178-174179
//my_stock/media/theme/uxicons/xhdpi/com.oneplus.note/mat.png 174181-174182
//my_stock/media/theme/uxicons/xhdpi/com.oneplus.note/recbg.png 174184-174185
//my_stock/media/theme/uxicons/xhdpi/com.oneplus.note/recfg.png 174186
//my_stock/media/theme/uxicons/xhdpi/com.oneplus.soundrecorder/mat.png 174188-174189
//my_stock/media/theme/uxicons/xhdpi/com.oneplus.soundrecorder/recbg.png 174192
//my_stock/media/theme/uxicons/xhdpi/com.oplus.camera/recbg.png 174195-174196
//my_stock/media/theme/uxicons/xhdpi/com.oplus.camera/recfg.png 174198-174201
//my_stock/media/theme/uxicons/xhdpi/com.oplus.consumerIRApp/mat.png 174202
//my_stock/media/theme/uxicons/xhdpi/com.oplus.consumerIRApp/recbg.png 174206-174208
//my_stock/media/theme/uxicons/xhdpi/com.oplus.consumerIRApp/recfg.png 174209
//my_stock/media/theme/uxicons/xhdpi/com.oplus.games/mat.png 174211-174213
//my_stock/media/theme/uxicons/xhdpi/com.oplus.games/recbg.png 174216-174218
//my_stock/media/theme/uxicons/xhdpi/com.oplus.games/recfg.png 174219-174222
//my_stock/media/theme/uxicons/xhdpi/com.oplus.logkit/recfg.png 174224
//my_stock/media/theme/uxicons/xhdpi/com.oplus.themestore/mat.png 174228-174229
//my_stock/media/theme/uxicons/xhdpi/com.oplus.themestore/recbg.png 174230-174231
//my_stock/media/theme/uxicons/xhdpi/com.oplus.themestore/recfg.png 174233-174234
//my_stock/media/theme/uxicons/xhdpi/com.oplus.vip/recbg.png 174235-174236
//my_stock/media/theme/uxicons/xhdpi/com.oplus.vip/recfg.png 174238-174239
//my_stock/media/theme/uxicons/xhdpi/com.paypal.android.p2pmobile/art_off.png 174241-174247
//my_stock/media/theme/uxicons/xhdpi/com.paypal.android.p2pmobile/mat.png 174248
//my_stock/media/theme/uxicons/xhdpi/com.paypal.android.p2pmobile/recbg.png 174249-174256
//my_stock/media/theme/uxicons/xhdpi/com.paypal.android.p2pmobile/recfg.png 174258
//my_stock/media/theme/uxicons/xhdpi/com.pinterest/art_off.png 174259
//my_stock/media/theme/uxicons/xhdpi/icons-meterial 174265-174266
//my_stock/media/theme/uxicons/xhdpi/icons-pebble 174267-174270
//my_stock/media/theme/uxicons/xhdpi/icons-rectangle 174271-174280
//my_stock/media/theme/uxicons/xhdpi/in.amazon.mShop.android.shopping/mat.png 174281
//my_stock/media/theme/uxicons/xhdpi/in.amazon.mShop.android.shopping/recbg.png 174283-174284
//my_stock/media/theme/uxicons/xhdpi/net.oneplus.forums/mat.png 174285-174287
//my_stock/media/theme/uxicons/xhdpi/net.oneplus.forums/recbg.png 174289-174290
//my_stock/media/theme/uxicons/xhdpi/net.oneplus.weather/mat.png 174293-174294
//my_stock/media/theme/uxicons/xhdpi/net.oneplus.weather/recbg.png 174297
//my_stock/media/theme/uxicons/xhdpi/net.oneplus.weather/recfg.png 174298-174299
//my_stock/media/theme/uxicons/xxhdpi/com.airbnb.android/art_off.png 174302-174304
//my_stock/media/theme/uxicons/xxhdpi/com.airbnb.android/mat.png 174306-174308
//my_stock/media/theme/uxicons/xxhdpi/com.airbnb.android/recfg.png 174309-174310
//my_stock/media/theme/uxicons/xxhdpi/com.android.contacts/dialer_mat.png 174312
//my_stock/media/theme/uxicons/xxhdpi/com.android.contacts/dialer_recbg.png 174313-174318
//my_stock/media/theme/uxicons/xxhdpi/com.android.contacts/dialer_recfg.png 174319-174321
//my_stock/media/theme/uxicons/xxhdpi/com.android.contacts/recbg.png 174324-174329
//my_stock/media/theme/uxicons/xxhdpi/com.android.contacts/recfg.png 174330-174333
//my_stock/media/theme/uxicons/xxhdpi/com.android.mms/recbg.png 174338-174343
//my_stock/media/theme/uxicons/xxhdpi/com.android.mms/recfg.png 174345-174349
//my_stock/media/theme/uxicons/xxhdpi/com.android.settings/mat.png 174351-174354
//my_stock/media/theme/uxicons/xxhdpi/com.android.settings/peb.png 174356
//my_stock/media/theme/uxicons/xxhdpi/com.android.settings/recbg.png 174357-174360
//my_stock/media/theme/uxicons/xxhdpi/com.android.settings/recfg.png 174362-174365
//my_stock/media/theme/uxicons/xxhdpi/com.ebay.mobile/art_off.png 174370-174371
//my_stock/media/theme/uxicons/xxhdpi/com.ebay.mobile/mat.png 174373-174374
//my_stock/media/theme/uxicons/xxhdpi/com.ebay.mobile/recfg.png 174375
//my_stock/media/theme/uxicons/xxhdpi/com.facebook.katana/art_off.png 174377-174379
//my_stock/media/theme/uxicons/xxhdpi/com.facebook.katana/mat.png 174381
//my_stock/media/theme/uxicons/xxhdpi/com.facebook.katana/recbg.png 174382
//my_stock/media/theme/uxicons/xxhdpi/com.heytap.browser/mat.png 174387-174388
//my_stock/media/theme/uxicons/xxhdpi/com.heytap.browser/recfg.png 174390-174391
//my_stock/media/theme/uxicons/xxhdpi/com.heytap.cloud/mat.png 174393-174398
//my_stock/media/theme/uxicons/xxhdpi/com.heytap.cloud/peb.png 174399 174400
//my_stock/media/theme/uxicons/xxhdpi/com.heytap.cloud/recbg.png 174401-174406
//my_stock/media/theme/uxicons/xxhdpi/com.heytap.cloud/recfg.png 174407-174408
//my_stock/media/theme/uxicons/xxhdpi/com.heytap.music/mat.png 174410
//my_stock/media/theme/uxicons/xxhdpi/com.heytap.smarthome/recfg.png 174414
//my_stock/media/theme/uxicons/xxhdpi/com.heytap.speechassist/mat.png 174416-174419
//my_stock/media/theme/uxicons/xxhdpi/com.heytap.speechassist/recfg.png 174421-174425
//my_stock/media/theme/uxicons/xxhdpi/com.heytap.themestore/mat.png 174427-174432
//my_stock/media/theme/uxicons/xxhdpi/com.heytap.themestore/peb.png 174433
//my_stock/media/theme/uxicons/xxhdpi/com.heytap.themestore/recbg.png 174434-174439
//my_stock/media/theme/uxicons/xxhdpi/com.instagram.android/art_off.png 174440-174446
//my_stock/media/theme/uxicons/xxhdpi/com.instagram.android/mat.png 174447
//my_stock/media/theme/uxicons/xxhdpi/com.instagram.android/recbg.png 174449-174452
//my_stock/media/theme/uxicons/xxhdpi/com.microsoft.office.outlook/art_off.png 174455-174458
//my_stock/media/theme/uxicons/xxhdpi/com.microsoft.office.outlook/mat.png 174459
//my_stock/media/theme/uxicons/xxhdpi/com.nearme.gamecenter/recfg.png 174463
//my_stock/media/theme/uxicons/xxhdpi/com.oneplus.backuprestore/mat.png 174465-174471
//my_stock/media/theme/uxicons/xxhdpi/com.oneplus.backuprestore/peb.png 174472
//my_stock/media/theme/uxicons/xxhdpi/com.oneplus.backuprestore/recbg.png 174473-174476
//my_stock/media/theme/uxicons/xxhdpi/com.oneplus.backuprestore/recfg.png 174477-174482
//my_stock/media/theme/uxicons/xxhdpi/com.oneplus.brickmode/mat.png 174484-174487
//my_stock/media/theme/uxicons/xxhdpi/com.oneplus.brickmode/peb.png 174490
//my_stock/media/theme/uxicons/xxhdpi/com.oneplus.brickmode/recbg.png 174492-174497
//my_stock/media/theme/uxicons/xxhdpi/com.oneplus.brickmode/recfg.png 174499-174503
//my_stock/media/theme/uxicons/xxhdpi/com.oneplus.calculator/mat.png 174504-174507
//my_stock/media/theme/uxicons/xxhdpi/com.oneplus.calculator/peb.png 174509
//my_stock/media/theme/uxicons/xxhdpi/com.oneplus.calculator/recbg.png 174510-174513
//my_stock/media/theme/uxicons/xxhdpi/com.oneplus.camera/mat.png 174515-174520
//my_stock/media/theme/uxicons/xxhdpi/com.oneplus.camera/peb.png 174522
//my_stock/media/theme/uxicons/xxhdpi/com.oneplus.camera/recbg.png 174524-174527
//my_stock/media/theme/uxicons/xxhdpi/com.oneplus.camera/recfg.png 174528-174534
//my_stock/media/theme/uxicons/xxhdpi/com.oneplus.deskclock/mat.png 174535-174538
//my_stock/media/theme/uxicons/xxhdpi/com.oneplus.deskclock/peb.png 174540
//my_stock/media/theme/uxicons/xxhdpi/com.oneplus.deskclock/recbg.png 174541-174544
//my_stock/media/theme/uxicons/xxhdpi/com.oneplus.deskclock/recfg.png 174546
//my_stock/media/theme/uxicons/xxhdpi/com.oneplus.filemanager/mat.png 174548-174551
//my_stock/media/theme/uxicons/xxhdpi/com.oneplus.filemanager/monochrome.png 174553
//my_stock/media/theme/uxicons/xxhdpi/com.oneplus.filemanager/recbg.png 174556-174559
//my_stock/media/theme/uxicons/xxhdpi/com.oneplus.gallery/mat.png 174560-174564
//my_stock/media/theme/uxicons/xxhdpi/com.oneplus.gallery/peb.png 174566
//my_stock/media/theme/uxicons/xxhdpi/com.oneplus.gallery/recbg.png 174567-174571
//my_stock/media/theme/uxicons/xxhdpi/com.oneplus.member/recbg.png 174573-174577
//my_stock/media/theme/uxicons/xxhdpi/com.oneplus.member/recfg.png 174579-174583
//my_stock/media/theme/uxicons/xxhdpi/com.oneplus.mms/recbg.png 174585-174590
//my_stock/media/theme/uxicons/xxhdpi/com.oneplus.mms/recfg.png 174591-174595
//my_stock/media/theme/uxicons/xxhdpi/com.oneplus.note/mat.png 174597-174601
//my_stock/media/theme/uxicons/xxhdpi/com.oneplus.note/recbg.png 174603-174606
//my_stock/media/theme/uxicons/xxhdpi/com.oneplus.note/recfg.png 174608-174610
//my_stock/media/theme/uxicons/xxhdpi/com.oneplus.soundrecorder/mat.png 174611-174615
//my_stock/media/theme/uxicons/xxhdpi/com.oneplus.soundrecorder/recbg.png 174618-174620
//my_stock/media/theme/uxicons/xxhdpi/com.oplus.camera/mat.png 174622
//my_stock/media/theme/uxicons/xxhdpi/com.oplus.camera/recbg.png 174624-174628
//my_stock/media/theme/uxicons/xxhdpi/com.oplus.camera/recfg.png 174629-174636
//my_stock/media/theme/uxicons/xxhdpi/com.oplus.consumerIRApp/mat.png 174637-174639
//my_stock/media/theme/uxicons/xxhdpi/com.oplus.consumerIRApp/monochrome.png 174641
//my_stock/media/theme/uxicons/xxhdpi/com.oplus.consumerIRApp/peb.png 174642
//my_stock/media/theme/uxicons/xxhdpi/com.oplus.consumerIRApp/recbg.png 174643-174649
//my_stock/media/theme/uxicons/xxhdpi/com.oplus.consumerIRApp/recfg.png 174650-174652
//my_stock/media/theme/uxicons/xxhdpi/com.oplus.games/mat.png 174654-174660
//my_stock/media/theme/uxicons/xxhdpi/com.oplus.games/peb.png 174661
//my_stock/media/theme/uxicons/xxhdpi/com.oplus.games/recbg.png 174663-174668
//my_stock/media/theme/uxicons/xxhdpi/com.oplus.games/recfg.png 174670-174678
//my_stock/media/theme/uxicons/xxhdpi/com.oplus.logkit/recfg.png 174679-174680
//my_stock/media/theme/uxicons/xxhdpi/com.oplus.play/mat.png 174681
//my_stock/media/theme/uxicons/xxhdpi/com.oplus.themestore/mat.png 174684-174686
//my_stock/media/theme/uxicons/xxhdpi/com.oplus.themestore/recbg.png 174688-174693
//my_stock/media/theme/uxicons/xxhdpi/com.oplus.themestore/recfg.png 174694-174697
//my_stock/media/theme/uxicons/xxhdpi/com.oplus.vip/recbg.png 174699-174703
//my_stock/media/theme/uxicons/xxhdpi/com.oplus.vip/recfg.png 174705-174709
//my_stock/media/theme/uxicons/xxhdpi/com.paypal.android.p2pmobile/art_off.png 174711-174717
//my_stock/media/theme/uxicons/xxhdpi/com.paypal.android.p2pmobile/mat.png 174718
//my_stock/media/theme/uxicons/xxhdpi/com.paypal.android.p2pmobile/recbg.png 174720-174727
//my_stock/media/theme/uxicons/xxhdpi/com.paypal.android.p2pmobile/recfg.png 174729
//my_stock/media/theme/uxicons/xxhdpi/com.pinterest/art_off.png 174730-174731
//my_stock/media/theme/uxicons/xxhdpi/com.pinterest/mat.png 174732
//my_stock/media/theme/uxicons/xxhdpi/com.snapchat.android/mat.png 174734
//my_stock/media/theme/uxicons/xxhdpi/com.twitter.android/art_off.png 174737
//my_stock/media/theme/uxicons/xxhdpi/icons-meterial 174739-174740
//my_stock/media/theme/uxicons/xxhdpi/icons-pebble 174741-174744
//my_stock/media/theme/uxicons/xxhdpi/icons-rectangle 174745-174757
//my_stock/media/theme/uxicons/xxhdpi/in.amazon.mShop.android.shopping/mat.png 174758-174760
//my_stock/media/theme/uxicons/xxhdpi/in.amazon.mShop.android.shopping/recbg.png 174761-174764
//my_stock/media/theme/uxicons/xxhdpi/net.oneplus.forums/mat.png 174766-174771
//my_stock/media/theme/uxicons/xxhdpi/net.oneplus.forums/peb.png 174772
//my_stock/media/theme/uxicons/xxhdpi/net.oneplus.forums/recbg.png 174773-174777
//my_stock/media/theme/uxicons/xxhdpi/net.oneplus.forums/recfg.png 174779
//my_stock/media/theme/uxicons/xxhdpi/net.oneplus.weather/mat.png 174781-174785
//my_stock/media/theme/uxicons/xxhdpi/net.oneplus.weather/peb.png 174787
//my_stock/media/theme/uxicons/xxhdpi/net.oneplus.weather/recbg.png 174788-174789
//my_stock/media/theme/uxicons/xxhdpi/net.oneplus.weather/recfg.png 174791-174795
//my_stock/media/theme/uxicons/xxxhdpi/com.airbnb.android/art_off.png 174797-174799
//my_stock/media/theme/uxicons/xxxhdpi/com.airbnb.android/mat.png 174801-174803
//my_stock/media/theme/uxicons/xxxhdpi/com.airbnb.android/recfg.png 174804-174805
//my_stock/media/theme/uxicons/xxxhdpi/com.android.bluetooth/share_blue.png 174807
//my_stock/media/theme/uxicons/xxxhdpi/com.android.contacts/dialer_mat.png 174808
//my_stock/media/theme/uxicons/xxxhdpi/com.android.contacts/dialer_recbg.png 174810-174819
//my_stock/media/theme/uxicons/xxxhdpi/com.android.contacts/dialer_recfg.png 174821-174824
//my_stock/media/theme/uxicons/xxxhdpi/com.android.contacts/mat.png 174826
//my_stock/media/theme/uxicons/xxxhdpi/com.android.contacts/recbg.png 174827-174836
//my_stock/media/theme/uxicons/xxxhdpi/com.android.contacts/recfg.png 174838-174844
//my_stock/media/theme/uxicons/xxxhdpi/com.android.fmradio/mat.png 174847
//my_stock/media/theme/uxicons/xxxhdpi/com.android.fmradio/recfg.png 174849
//my_stock/media/theme/uxicons/xxxhdpi/com.android.mms/recbg.png 174851-174860
//my_stock/media/theme/uxicons/xxxhdpi/com.android.mms/recfg.png 174862-174870
//my_stock/media/theme/uxicons/xxxhdpi/com.android.settings/mat.png 174872-174878
//my_stock/media/theme/uxicons/xxxhdpi/com.android.settings/peb.png 174881-174882
//my_stock/media/theme/uxicons/xxxhdpi/com.android.settings/recbg.png 174884-174895
//my_stock/media/theme/uxicons/xxxhdpi/com.android.settings/recfg.png 174896-174899
//my_stock/media/theme/uxicons/xxxhdpi/com.android.stk/mat.png 174900
//my_stock/media/theme/uxicons/xxxhdpi/com.caf.fmradio/mat.png 174901
//my_stock/media/theme/uxicons/xxxhdpi/com.caf.fmradio/recfg.png 174903
//my_stock/media/theme/uxicons/xxxhdpi/com.ebay.mobile/art_off.png 174904-174905
//my_stock/media/theme/uxicons/xxxhdpi/com.ebay.mobile/mat.png 174906-174907
//my_stock/media/theme/uxicons/xxxhdpi/com.ebay.mobile/recfg.png 174908
//my_stock/media/theme/uxicons/xxxhdpi/com.facebook.katana/art_off.png 174909-174916
//my_stock/media/theme/uxicons/xxxhdpi/com.facebook.katana/mat.png 174917
//my_stock/media/theme/uxicons/xxxhdpi/com.facebook.katana/recbg.png 174919-174920
//my_stock/media/theme/uxicons/xxxhdpi/com.heytap.browser/mat.png 174925-174927
//my_stock/media/theme/uxicons/xxxhdpi/com.heytap.browser/recfg.png 174929-174932
//my_stock/media/theme/uxicons/xxxhdpi/com.heytap.cloud/recbg.png 174935-174939
//my_stock/media/theme/uxicons/xxxhdpi/com.heytap.cloud/recfg.png 174940-174941
//my_stock/media/theme/uxicons/xxxhdpi/com.heytap.music/mat.png 174943
//my_stock/media/theme/uxicons/xxxhdpi/com.heytap.smarthome/recfg.png 174948-174949
//my_stock/media/theme/uxicons/xxxhdpi/com.heytap.speechassist/mat.png 174951-174954
//my_stock/media/theme/uxicons/xxxhdpi/com.heytap.speechassist/recfg.png 174957-174962
//my_stock/media/theme/uxicons/xxxhdpi/com.heytap.themestore/mat.png 174964-174973
//my_stock/media/theme/uxicons/xxxhdpi/com.heytap.themestore/peb.png 174974
//my_stock/media/theme/uxicons/xxxhdpi/com.heytap.themestore/recbg.png 174976-174985
//my_stock/media/theme/uxicons/xxxhdpi/com.instagram.android/art_off.png 174986-174996
//my_stock/media/theme/uxicons/xxxhdpi/com.instagram.android/mat.png 174998-174999
//my_stock/media/theme/uxicons/xxxhdpi/com.instagram.android/recbg.png 175000-175007
//my_stock/media/theme/uxicons/xxxhdpi/com.microsoft.office.outlook/art_off.png 175009-175012
//my_stock/media/theme/uxicons/xxxhdpi/com.microsoft.office.outlook/mat.png 175013
//my_stock/media/theme/uxicons/xxxhdpi/com.microsoft.office.outlook/recfg.png 175015
//my_stock/media/theme/uxicons/xxxhdpi/com.nearme.gamecenter/recbg.png 175018
//my_stock/media/theme/uxicons/xxxhdpi/com.nearme.gamecenter/recfg.png 175019-175020
//my_stock/media/theme/uxicons/xxxhdpi/com.oneplus.backuprestore/mat.png 175021-175032
//my_stock/media/theme/uxicons/xxxhdpi/com.oneplus.backuprestore/peb.png 175034
//my_stock/media/theme/uxicons/xxxhdpi/com.oneplus.backuprestore/recbg.png 175035-175041
//my_stock/media/theme/uxicons/xxxhdpi/com.oneplus.backuprestore/recfg.png 175043-175053
//my_stock/media/theme/uxicons/xxxhdpi/com.oneplus.calculator/mat.png 175055-175061
//my_stock/media/theme/uxicons/xxxhdpi/com.oneplus.calculator/peb.png 175063
//my_stock/media/theme/uxicons/xxxhdpi/com.oneplus.calculator/recbg.png 175064-175070
//my_stock/media/theme/uxicons/xxxhdpi/com.oneplus.calculator/recfg.png 175072
//my_stock/media/theme/uxicons/xxxhdpi/com.oneplus.camera/mat.png 175073-175082
//my_stock/media/theme/uxicons/xxxhdpi/com.oneplus.camera/peb.png 175085-175086
//my_stock/media/theme/uxicons/xxxhdpi/com.oneplus.camera/recbg.png 175087-175093
//my_stock/media/theme/uxicons/xxxhdpi/com.oneplus.camera/recfg.png 175094-175104 175105
//my_stock/media/theme/uxicons/xxxhdpi/com.oneplus.deskclock/mat.png 175106-175112
//my_stock/media/theme/uxicons/xxxhdpi/com.oneplus.deskclock/peb.png 175113
//my_stock/media/theme/uxicons/xxxhdpi/com.oneplus.deskclock/recbg.png 175115-175122
//my_stock/media/theme/uxicons/xxxhdpi/com.oneplus.deskclock/recfg.png 175123-175124
//my_stock/media/theme/uxicons/xxxhdpi/com.oneplus.filemanager/mat.png 175126-175132
//my_stock/media/theme/uxicons/xxxhdpi/com.oneplus.filemanager/monochrome.png 175134-175135
//my_stock/media/theme/uxicons/xxxhdpi/com.oneplus.filemanager/peb.png 175137
//my_stock/media/theme/uxicons/xxxhdpi/com.oneplus.filemanager/recbg.png 175138-175143 175144
//my_stock/media/theme/uxicons/xxxhdpi/com.oneplus.gallery/mat.png 175145-175153
//my_stock/media/theme/uxicons/xxxhdpi/com.oneplus.gallery/peb.png 175154
//my_stock/media/theme/uxicons/xxxhdpi/com.oneplus.gallery/recbg.png 175155-175162
//my_stock/media/theme/uxicons/xxxhdpi/com.oneplus.member/recbg.png 175166-175175
//my_stock/media/theme/uxicons/xxxhdpi/com.oneplus.member/recfg.png 175176-175185
//my_stock/media/theme/uxicons/xxxhdpi/com.oneplus.mms/recbg.png 175187-175196
//my_stock/media/theme/uxicons/xxxhdpi/com.oneplus.mms/recfg.png 175198-175206
//my_stock/media/theme/uxicons/xxxhdpi/com.oneplus.note/mat.png 175208-175215
//my_stock/media/theme/uxicons/xxxhdpi/com.oneplus.note/peb.png 175217
//my_stock/media/theme/uxicons/xxxhdpi/com.oneplus.note/recbg.png 175218-175224
//my_stock/media/theme/uxicons/xxxhdpi/com.oneplus.note/recfg.png 175226-175229
//my_stock/media/theme/uxicons/xxxhdpi/com.oneplus.soundrecorder/mat.png 175231-175239
//my_stock/media/theme/uxicons/xxxhdpi/com.oneplus.soundrecorder/peb.png 175241
//my_stock/media/theme/uxicons/xxxhdpi/com.oneplus.soundrecorder/recbg.png 175242-175246
//my_stock/media/theme/uxicons/xxxhdpi/com.oplus.camera/mat.png 175249
//my_stock/media/theme/uxicons/xxxhdpi/com.oplus.camera/recbg.png 175252-175260
//my_stock/media/theme/uxicons/xxxhdpi/com.oplus.camera/recfg.png 175261-175272
//my_stock/media/theme/uxicons/xxxhdpi/com.oplus.consumerIRApp/mat.png 175274-175279
//my_stock/media/theme/uxicons/xxxhdpi/com.oplus.consumerIRApp/monochrome.png 175280
//my_stock/media/theme/uxicons/xxxhdpi/com.oplus.consumerIRApp/peb.png 175282
//my_stock/media/theme/uxicons/xxxhdpi/com.oplus.consumerIRApp/recbg.png 175284-175295
//my_stock/media/theme/uxicons/xxxhdpi/com.oplus.consumerIRApp/recfg.png 175296-175300
//my_stock/media/theme/uxicons/xxxhdpi/com.oplus.games/mat.png 175302-175312
//my_stock/media/theme/uxicons/xxxhdpi/com.oplus.games/peb.png 175314
//my_stock/media/theme/uxicons/xxxhdpi/com.oplus.games/recbg.png 175316-175326
//my_stock/media/theme/uxicons/xxxhdpi/com.oplus.games/recfg.png 175328-175342
//my_stock/media/theme/uxicons/xxxhdpi/com.oplus.logkit/recfg.png 175343-175345
//my_stock/media/theme/uxicons/xxxhdpi/com.oplus.play/mat.png 175347
//my_stock/media/theme/uxicons/xxxhdpi/com.oplus.play/recfg.png 175350
//my_stock/media/theme/uxicons/xxxhdpi/com.oplus.themestore/mat.png 175351-175354
//my_stock/media/theme/uxicons/xxxhdpi/com.oplus.themestore/recbg.png 175356-175365
//my_stock/media/theme/uxicons/xxxhdpi/com.oplus.themestore/recfg.png 175367-175372
//my_stock/media/theme/uxicons/xxxhdpi/com.oplus.vip/recbg.png 175374-175383
//my_stock/media/theme/uxicons/xxxhdpi/com.oplus.vip/recfg.png 175384-175393
//my_stock/media/theme/uxicons/xxxhdpi/com.paypal.android.p2pmobile/art_off.png 175394-175400
//my_stock/media/theme/uxicons/xxxhdpi/com.paypal.android.p2pmobile/mat.png 175402
//my_stock/media/theme/uxicons/xxxhdpi/com.paypal.android.p2pmobile/recbg.png 175403-175410
//my_stock/media/theme/uxicons/xxxhdpi/com.paypal.android.p2pmobile/recfg.png 175412
//my_stock/media/theme/uxicons/xxxhdpi/com.pinterest/art_off.png 175413-175415
//my_stock/media/theme/uxicons/xxxhdpi/com.pinterest/mat.png 175416
//my_stock/media/theme/uxicons/xxxhdpi/com.snapchat.android/mat.png 175419
//my_stock/media/theme/uxicons/xxxhdpi/com.twitter.android/art_off.png 175423
//my_stock/media/theme/uxicons/xxxhdpi/icons-meterial 175428-175429
//my_stock/media/theme/uxicons/xxxhdpi/icons-pebble 175430-175433
//my_stock/media/theme/uxicons/xxxhdpi/icons-rectangle 175434-175451
//my_stock/media/theme/uxicons/xxxhdpi/in.amazon.mShop.android.shopping/mat.png 175452-175456
//my_stock/media/theme/uxicons/xxxhdpi/in.amazon.mShop.android.shopping/recbg.png 175457-175463
//my_stock/media/theme/uxicons/xxxhdpi/net.oneplus.forums/mat.png 175465-175473
//my_stock/media/theme/uxicons/xxxhdpi/net.oneplus.forums/peb.png 175475
//my_stock/media/theme/uxicons/xxxhdpi/net.oneplus.forums/recbg.png 175477-175485
//my_stock/media/theme/uxicons/xxxhdpi/net.oneplus.forums/recfg.png 175487-175488
//my_stock/media/theme/uxicons/xxxhdpi/net.oneplus.weather/mat.png 175490-175498
//my_stock/media/theme/uxicons/xxxhdpi/net.oneplus.weather/peb.png 175499
//my_stock/media/theme/uxicons/xxxhdpi/net.oneplus.weather/recbg.png 175501-175504
//my_stock/media/theme/uxicons/xxxhdpi/net.oneplus.weather/recfg.png 175505-175513
//my_stock/priv-app/AccessoryFramework/AccessoryFramework.apk 175515-178565
//my_stock/priv-app/AccessoryFramework/oat/arm64/AccessoryFramework.vdex 178569-178606
//my_stock/priv-app/Cota/Cota.apk 178607-180273
//my_stock/priv-app/Cota/oat/arm64/Cota.vdex 180276-180297
//my_stock/priv-app/DCS/DCS.apk 180298-180481
//my_stock/priv-app/DCS/oat/arm64/DCS.vdex 180482-180486
//my_stock/priv-app/DSF/DSF.apk 180487-181477
//my_stock/priv-app/DSF/oat/arm64/DSF.vdex 181479-181496
//my_stock/priv-app/DeviceIntegrationService/DeviceIntegrationService.apk 181497-181887
//my_stock/priv-app/DeviceIntegrationService/oat/arm64/DeviceIntegrationService.vdex 181888-181893
//my_stock/priv-app/Games/Games.apk 181894-196391
//my_stock/priv-app/Games/oat/arm64/Games.vdex 196406-196549
//my_stock/priv-app/HeyCast/HeyCast.apk 196550-198206
//my_stock/priv-app/HeyCast/oat/arm64/HeyCast.vdex 198209-198229
//my_stock/priv-app/HeySynergy/HeySynergy.apk 198230-198701
//my_stock/priv-app/HeySynergy/oat/arm64/HeySynergy.vdex 198702-198711
//my_stock/priv-app/KeKeUserCenter/KeKeUserCenter.apk 198712-212466
//my_stock/priv-app/KeKeUserCenter/oat/arm64/KeKeUserCenter.vdex 212479-212595
//my_stock/priv-app/LinktoWindows/LinktoWindows.apk 212596-224215
//my_stock/priv-app/LinktoWindows/lib/arm64/libOneAuth.so 224228-224834
//my_stock/priv-app/LinktoWindows/lib/arm64/libbarhopper_v3.so 224835-225342
//my_stock/priv-app/LinktoWindows/lib/arm64/libc++_shared.so 225343-225433
//my_stock/priv-app/LinktoWindows/lib/arm64/libhprof-jni.so 225434-225457
//my_stock/priv-app/LinktoWindows/lib/arm64/liblibnanoapi.so 225458-226526
//my_stock/priv-app/LinktoWindows/lib/arm64/libmaesdk.so 226529-226687
//my_stock/priv-app/LinktoWindows/oat/arm64/LinktoWindows.vdex 226688-226858
//my_stock/priv-app/LockAssistant/LockAssistant.apk 226859-227779
//my_stock/priv-app/LockAssistant/oat/arm64/LockAssistant.vdex 227780-227795
//my_stock/priv-app/MDSService/MDSService.apk 227796-228733
//my_stock/priv-app/MDSService/oat/arm64/MDSService.vdex 228735-228748
//my_stock/priv-app/Metis/Metis.apk 228749-230793
//my_stock/priv-app/Metis/oat/arm64/Metis.vdex 230796-230841
//my_stock/priv-app/ONet/ONet.apk 230842-232140
//my_stock/priv-app/ONet/oat/arm64/ONet.vdex 232143-232160
//my_stock/priv-app/OPSynergy/OPSynergy.apk 232161-240025
//my_stock/priv-app/OPSynergy/oat/arm64/OPSynergy.vdex 240031-240066
//my_stock/priv-app/Omacp/Omacp.apk 240067-241047
//my_stock/priv-app/Omacp/oat/arm64/Omacp.vdex 241049-241062
//my_stock/priv-app/OplusBootReg/OplusBootReg.apk 241063-245648
//my_stock/priv-app/OplusScreenRecorder/OplusScreenRecorder.apk 245655-247554
//my_stock/priv-app/OplusScreenRecorder/oat/arm64/OplusScreenRecorder.vdex 247557-247582
//my_stock/priv-app/SOSHelper/SOSHelper.apk 247583-249301
//my_stock/priv-app/SOSHelper/oat/arm64/SOSHelper.vdex 249304-249329
//my_stock/priv-app/Screenshot/Screenshot.apk 249330-253905
//my_stock/priv-app/Screenshot/oat/arm64/Screenshot.vdex 253910-253950
//my_stock/priv-app/UMS/UMS.apk 253951-261613
//my_stock/priv-app/UMS/oat/arm/UMS.vdex 261619-261676
//my_stock/priv-app/UMS/oat/arm64/UMS.vdex 261677-261734
//my_stock/priv-app/Wallpapers/Wallpapers.apk 261735-269437
//my_stock/priv-app/Wallpapers/oat/arm/Wallpapers.vdex 269444-269473
//my_stock/priv-app/Wallpapers/oat/arm64/Wallpapers.vdex 269474-269503
