//odm/bin/adsp_ssr_test 1
//odm/bin/climax 2-99
//odm/bin/commcenterd 100-112
//odm/bin/cwb_utils 113-117
//odm/bin/hw/android.hardware.power.stats-impl.oplus 120-136
//odm/bin/hw/dolbycodec2.p 137
//odm/bin/hw/dvs-hal-service.p 138-140
//odm/bin/hw/mdm_feature 141-143
//odm/bin/hw/subsys_daemon 144-163
//odm/bin/hw/vendor-oplus-hardware-engineer-V1-service 164-189
//odm/bin/hw/vendor-oplus-hardware-misc-V1-service 190-193
//odm/bin/hw/vendor-oplus-hardware-oplusSensor-V1-service 194-222
//odm/bin/hw/vendor-oplus-hardware-performance-V1-service 223-249
//odm/bin/hw/vendor-oplus-hardware-power-powermonitor-V1-service 250-253
//odm/bin/hw/vendor-oplus-hardware-touch-V1-service 254-257
//odm/bin/hw/vendor-oplus-hardware-transfer@1.0-service 258-260
//odm/bin/hw/vendor-oplus-hardware-transmessage@1.0-service 261-264
//odm/bin/hw/vendor.dolby_sp.hardware.dmssp@2.0-service 265
//odm/bin/hw/vendor.dolby_sp.media.c2@1.0-service 266
//odm/bin/hw/vendor.nxp.hardware.nfc@1.2-service 267-269
//odm/bin/hw/vendor.oplus.hardware.biometrics.face@1.0-service 270-306
//odm/bin/hw/vendor.oplus.hardware.biometrics.fingerprint@2.1-service_uff 307-363
//odm/bin/hw/vendor.oplus.hardware.biometrics.fingerprintpay@1.0-service 364-366
//odm/bin/hw/vendor.oplus.hardware.cammidasservice-V1-service 367-370
//odm/bin/hw/vendor.oplus.hardware.charger-V1-service 371-401
//odm/bin/hw/vendor.oplus.hardware.charger@1.0-service 403-431
//odm/bin/hw/vendor.oplus.hardware.cryptoeng@1.0-service 432-441
//odm/bin/hw/vendor.oplus.hardware.displaypanelfeature@1.0-service 442-450
//odm/bin/hw/vendor.oplus.hardware.esim@1.0-service 451-455
//odm/bin/hw/vendor.oplus.hardware.felica@1.0-service 456-458
//odm/bin/hw/vendor.oplus.hardware.fido.fido2ca@1.0-service 459-461
//odm/bin/hw/vendor.oplus.hardware.fido.fidoca@1.0-service 462-464
//odm/bin/hw/vendor.oplus.hardware.gameopt-service 465-605
//odm/bin/hw/vendor.oplus.hardware.mmdisplayfeature@1.0-service 606-608
//odm/bin/hw/vendor.oplus.hardware.nfc@1.0-service 609-619
//odm/bin/hw/vendor.oplus.hardware.olc2-V1-service 620-623
//odm/bin/hw/vendor.oplus.hardware.ormsHalService-aidl-service 624-632
//odm/bin/hw/vendor.oplus.hardware.rpmh-V1-service 633-639
//odm/bin/hw/vendor.oplus.hardware.stability.oplus_project-V1-service 640-647
//odm/bin/hw/vendor.oplus.hardware.wifi-aidl-service 648-727
//odm/bin/hw/vendor.pixelworks.hardware.feature.irisfeature-service 728-729
//odm/bin/hw/vendor.qti.esepowermanager@1.1-service 730-732
//odm/bin/hw/vendor.qti.secure_element@1.2-service 733-737
//odm/bin/hw/wlchgd 738-739
//odm/bin/hw/wlschgd 740-741
//odm/bin/init.vendor.wifi.autochmod.sh 745
//odm/bin/irisConfig 746-760
//odm/bin/iwpriv 761-763
//odm/bin/nqnfcinfo 764
//odm/bin/occe_create 765-785
//odm/bin/oldc_vnd 786
//odm/bin/oplus_sensor_fb 787
//odm/bin/oplus_sensor_test 788
//odm/bin/oplusmediaswcodec 789-790
//odm/bin/opnscr 791-812
//odm/bin/sharebufferTest 813-814
//odm/bin/tcpdump_vendor 815-1004
//odm/bin/tinyplay_ftm 1005-1007
//odm/bin/touchDaemon 1008-1028
//odm/bin/touchHidlTest 1030-1031
//odm/bin/vendor.autochmod.sh 1032
//odm/bin/wifi_diag 1033-1034
//odm/etc/Diag.cfg 1039
//odm/etc/NOTICE.xml.gz 1040-1049
//odm/etc/aac_richtap.config 1051-1068
//odm/etc/acdbdata/FTM/acdb_cal.acdb 1069-1149
//odm/etc/acdbdata/FTM/workspaceFileXml.qwsp 1150-1305
//odm/etc/acdbdata/acdb_cal.acdb 1307-1445
//odm/etc/audio_effects.xml 1447-1448
//odm/etc/binaural_record_algo_coeffs.xml 1450
//odm/etc/bt/btsar.cfg 1452
//odm/etc/bt/hpnv21_ch1.bin 1453
//odm/etc/bt/hpnv21g_ch1.bin 1454
//odm/etc/camera/CameraHWConfiguration.config 1456-1461
//odm/etc/camera/M_FaceAttribute_RGB_age_gender_1.7.1.model.hardcode 1462-1463
//odm/etc/camera/anc/fusion_model 1465-4426
//odm/etc/camera/anc/fusion_model_post 4429-10203
//odm/etc/camera/anc_cl_kernel.cache 10204-10247
//odm/etc/camera/anc_cl_kernel_ins.cache 10248-10302
//odm/etc/camera/ancbokehseg/anc_cl_kernel.cache 10303-10363
//odm/etc/camera/ancsegbase/anc_cl_kernel.cache 10364-10425
//odm/etc/camera/ancsegbase/ancsegmulti_2_model.data 10426-11989
//odm/etc/camera/ancsegbase/ancsegmulti_5_model.data 11991-14484
//odm/etc/camera/ancsegbase/model.data 14487-18950
//odm/etc/camera/asd/class.dlc 18954-19565
//odm/etc/camera/asd/detect.dlc 19566-22319
//odm/etc/camera/ashdr/ncf_pack.ncf 22322-22326
//odm/etc/camera/camera_engmode.xml 22327
//odm/etc/camera/config/camera_unit_config 22330
//odm/etc/camera/config/camera_unit_feature_config.protobuf 22331-22332
//odm/etc/camera/config/imx581 22333-22335
//odm/etc/camera/config/imx709 22336-22339
//odm/etc/camera/config/imx800 22340-22342
//odm/etc/camera/config/imx890 22343-22346
//odm/etc/camera/config/oplus_camera_algo_switch_config 22347
//odm/etc/camera/config/oplus_camera_aps_config 22348-22350
//odm/etc/camera/config/oplus_camera_config 22351
//odm/etc/camera/config/s5k3p9 22352-22353
//odm/etc/camera/config/s5kjn1sq03 22354-22355
//odm/etc/camera/config/sr_params.xml 22356-22401
//odm/etc/camera/dng/D28HUESATMap_imx581_2.txt 22404-22447
//odm/etc/camera/dng/D28HUESATMap_imx709_3.txt 22448-22488
//odm/etc/camera/dng/D28HUESATMap_imx890_0.txt 22489-22530
//odm/etc/camera/dng/D65HUESATMap_imx581_2.txt 22531-22573
//odm/etc/camera/dng/D65HUESATMap_imx709_3.txt 22574-22615
//odm/etc/camera/dng/D65HUESATMap_imx890_0.txt 22616-22658
//odm/etc/camera/eis_camera.vcfg 22662-22702
//odm/etc/camera/facesr_hd_composite_ref_4.1.18_qcom8550_ppl3_ocl.model 22703-25903
//odm/etc/camera/fb_default 25906
//odm/etc/camera/fb_model/000.png 25908-25914
//odm/etc/camera/fb_model/000_pre.bin 25915-25918
//odm/etc/camera/fb_model/001.png 25919-25924
//odm/etc/camera/fb_model/001_pre.bin 25925-25937
//odm/etc/camera/fb_model/002.png 25938-25943
//odm/etc/camera/fb_model/002_pre.bin 25944-25948
//odm/etc/camera/fb_model/003.png 25949-25959
//odm/etc/camera/fb_model/003_pre.bin 25960-25966
//odm/etc/camera/fb_model/010.png 25967-25974
//odm/etc/camera/fb_model/010_pre.bin 25975-25976
//odm/etc/camera/fb_model/011.png 25977-25981
//odm/etc/camera/fb_model/011_pre.bin 25982-25984
//odm/etc/camera/fb_model/012.png 25985-25989
//odm/etc/camera/fb_model/012_pre.bin 25990-25993
//odm/etc/camera/fb_model/013.png 25994-25997
//odm/etc/camera/fb_model/100.png 25998-26004
//odm/etc/camera/fb_model/100_pre.bin 26005-26009
//odm/etc/camera/fb_model/101.png 26010-26020
//odm/etc/camera/fb_model/101_pre.bin 26021-26028
//odm/etc/camera/fb_model/102.png 26029-26033
//odm/etc/camera/fb_model/102_pre.bin 26034-26037
//odm/etc/camera/fb_model/103.png 26038-26053
//odm/etc/camera/fb_model/103_pre.bin 26054-26064
//odm/etc/camera/fb_model/110.png 26065-26081
//odm/etc/camera/fb_model/110_pre.bin 26082-26088
//odm/etc/camera/fb_model/111.png 26089-26104
//odm/etc/camera/fb_model/111_pre.bin 26105-26112
//odm/etc/camera/fb_model/112.png 26113-26117
//odm/etc/camera/fb_model/112_pre.bin 26118-26120
//odm/etc/camera/fb_model/113.png 26121-26124
//odm/etc/camera/fb_model/200.png 26125-26129
//odm/etc/camera/fb_model/200_pre.bin 26130-26134
//odm/etc/camera/fb_model/201.png 26136-26145
//odm/etc/camera/fb_model/201_pre.bin 26146-26152
//odm/etc/camera/fb_model/202.png 26153-26156
//odm/etc/camera/fb_model/202_pre.bin 26157
//odm/etc/camera/fb_model/203.png 26158-26169
//odm/etc/camera/fb_model/203_pre.bin 26170-26179
//odm/etc/camera/fb_model/210.png 26180-26184
//odm/etc/camera/fb_model/210_pre.bin 26185-26187
//odm/etc/camera/fb_model/211.png 26188-26193
//odm/etc/camera/fb_model/211_pre.bin 26194-26196
//odm/etc/camera/fb_model/212.png 26197-26200
//odm/etc/camera/fb_model/212_pre.bin 26201
//odm/etc/camera/fb_model/213.png 26202-26205
//odm/etc/camera/fb_model/AIdeblemishSnapMask.bin 26206-26211
//odm/etc/camera/fb_model/DREAM_1_4_1005_838.bin 26212-26504
//odm/etc/camera/fb_model/DREAM_4_5_354_654.bin 26507-26549
//odm/etc/camera/fb_model/EYES_MUTIL_3_4_354_654.bin 26553-27215
//odm/etc/camera/fb_model/EYES_MUTIL_4_4_354_654.bin 27218-28086
//odm/etc/camera/fb_model/FIRST_LOVE_1_4_1005_838.bin 28089-28377
//odm/etc/camera/fb_model/GROOMED_1_4_1005_838.bin 28380-28687
//odm/etc/camera/fb_model/MIDNIGHT_1_4_1005_838.bin 28690-28928
//odm/etc/camera/fb_model/NEWYEAR_1_4_1005_838.bin 28931-29134
//odm/etc/camera/fb_model/ORANGE_CRUSH_1_4_1005_838.bin 29137-29363
//odm/etc/camera/fb_model/PEACH_PINK_1_4_1005_838.bin 29366-29512
//odm/etc/camera/fb_model/RED_VELVET_1_4_1005_838.bin 29515-29818
//odm/etc/camera/fb_model/ROSE_NUDE_1_4_1005_838.bin 29821-30170
//odm/etc/camera/fb_model/SEA_1_4_1005_838.bin 30173-30996
//odm/etc/camera/fb_model/SEA_4_5_178_440.bin 30999-31042
//odm/etc/camera/fb_model/SEA_4_5_354_654.bin 31043-31085
//odm/etc/camera/fb_model/SEA_eye_mouth_screen_frame0.png 31089-31123
//odm/etc/camera/fb_model/SEA_eye_mouth_screen_frame1.png 31124-31158
//odm/etc/camera/fb_model/SEA_eye_mouth_screen_frame2.png 31159-31194
//odm/etc/camera/fb_model/SEA_eye_mouth_screen_frame3.png 31195-31229
//odm/etc/camera/fb_model/SEA_eye_mouth_screen_frame4.png 31230-31263
//odm/etc/camera/fb_model/SHIMMER_1_4_1005_838.bin 31264-31806
//odm/etc/camera/fb_model/SHIMMER_4_4_178_440.bin 31809-31826
//odm/etc/camera/fb_model/SHIMMER_4_4_354_654.bin 31827-31861
//odm/etc/camera/fb_model/SHIMMER_eye_mouth_screen_frame0.png 31864-31884
//odm/etc/camera/fb_model/SHIMMER_eye_mouth_screen_frame1.png 31885-31905
//odm/etc/camera/fb_model/SHIMMER_eye_mouth_screen_frame2.png 31906-31926
//odm/etc/camera/fb_model/SHIMMER_eye_mouth_screen_frame3.png 31927-31947
//odm/etc/camera/fb_model/SHIMMER_eye_mouth_screen_frame4.png 31948-31968
//odm/etc/camera/fb_model/SMOKEY_1_4_1005_838.bin 31969-32353
//odm/etc/camera/fb_model/SNOW_1_4_1005_838.bin 32356-32595
//odm/etc/camera/fb_model/SNOW_4_4_354_654.bin 32598-32621
//odm/etc/camera/fb_model/SkinLUT_00.bin 32624-32815
//odm/etc/camera/fb_model/SkinLUT_01.bin 32816-33003
//odm/etc/camera/fb_model/SkinLUT_02.bin 33004-33195
//odm/etc/camera/fb_model/SkinLUT_03.bin 33196-33349
//odm/etc/camera/fb_model/SkinLUT_10.bin 33350-33541
//odm/etc/camera/fb_model/SkinLUT_11.bin 33542-33733
//odm/etc/camera/fb_model/SkinLUT_12.bin 33734-33920
//odm/etc/camera/fb_model/SkinLUT_13.bin 33921-34112
//odm/etc/camera/fb_model/SkinLUT_BW.bin 34113-34284
//odm/etc/camera/fb_model/SkinLUT_Red.bin 34285-34456
//odm/etc/camera/fb_model/UNIQUE_EYES_1_4_1005_838.bin 34457-34893
//odm/etc/camera/fb_model/beauty_body.bin 34896-37238
//odm/etc/camera/fb_model/brightLut.png 37241-37261
//odm/etc/camera/fb_model/eyeBright.png 37262-37263
//odm/etc/camera/fb_model/eye_retouch_chinese.bin 37264-37447
//odm/etc/camera/fb_model/eyesMask.png 37448-37453
//odm/etc/camera/fb_model/eyesMaskNew.bin 37454-37494
//odm/etc/camera/fb_model/eyesMaskNew.png 37495-37501
//odm/etc/camera/fb_model/faceLipsMaskPre.bin 37502-37530
//odm/etc/camera/fb_model/face_retouch_chinese.bin 37531-37723
//odm/etc/camera/fb_model/face_retouch_pre_chinese.bin 37724-37910
//odm/etc/camera/fb_model/mouthmask.png 37911-37923
//odm/etc/camera/fb_model/preSkinmask137.png 37924-37943
//odm/etc/camera/fb_model/preSkinmask296.png 37944-37960
//odm/etc/camera/fb_model/redToneLut.png 37961-37979
//odm/etc/camera/fb_model/skinLUTs00.bin 37981-38236
//odm/etc/camera/fb_model/skinLUTs01.bin 38237-38481
//odm/etc/camera/fb_model/skinLUTs02.bin 38482-38737
//odm/etc/camera/fb_model/skinLUTs03.bin 38738-38916
//odm/etc/camera/fb_model/skinLUTs04.png 38917-39225
//odm/etc/camera/fb_model/skinLUTs05.png 39227-39529
//odm/etc/camera/fb_model/skinLUTs06.png 39531-39833
//odm/etc/camera/fb_model/skinLUTs10.bin 39835-40090
//odm/etc/camera/fb_model/skinLUTs11.bin 40091-40346
//odm/etc/camera/fb_model/skinLUTs12.bin 40347-40588
//odm/etc/camera/fb_model/skinLUTs13.bin 40589-40844
//odm/etc/camera/fb_model/skinLUTs_yuv16_00.bin 40845-40847
//odm/etc/camera/fb_model/skinLUTs_yuv16_01.bin 40848-40850
//odm/etc/camera/fb_model/skinLUTs_yuv16_02.bin 40851-40853
//odm/etc/camera/fb_model/skinLUTs_yuv16_03.bin 40854-40856
//odm/etc/camera/fb_model/skinLUTs_yuv16_10.bin 40857-40859
//odm/etc/camera/fb_model/skinLUTs_yuv16_11.bin 40860-40862
//odm/etc/camera/fb_model/skinLUTs_yuv16_12.bin 40863-40865
//odm/etc/camera/fb_model/skinLUTs_yuv16_13.bin 40866-40868
//odm/etc/camera/fb_model/skinmask.bin 40869-40974
//odm/etc/camera/fb_model/skinmask.png 40975-41007
//odm/etc/camera/fb_model/skinmask_new.png 41008-41034
//odm/etc/camera/fb_model/snapEyeBright.bin 41036-41291
//odm/etc/camera/fb_model/snapFemale000.bin 41292-41303
//odm/etc/camera/fb_model/snapFemale001.bin 41304-41313
//odm/etc/camera/fb_model/snapFemale002.bin 41314-41318
//odm/etc/camera/fb_model/snapFemale003.bin 41319-41332
//odm/etc/camera/fb_model/snapMale010.bin 41333-41346
//odm/etc/camera/fb_model/snapMale011.bin 41347-41355
//odm/etc/camera/fb_model/snapMale012.bin 41356-41359
//odm/etc/camera/fb_model/snapMouthMask.bin 41360-41405
//odm/etc/camera/fb_model/snapSkinmask.bin 41407-41463
//odm/etc/camera/fb_model/unify_skin_base.bin 41464-41653
//odm/etc/camera/fb_model/whiteToneLut.png 41654-41659
//odm/etc/camera/fdc_cl.cache 41661-41666
//odm/etc/camera/fdc_lite_cl.cache 41667-41672
//odm/etc/camera/filters_lut/B1VLf4peM 41674-41677
//odm/etc/camera/filters_lut/B1aMqioxf 41678-41681
//odm/etc/camera/filters_lut/B1nmcmWbG 41682-41685
//odm/etc/camera/filters_lut/B1si_XbZz 41686-41689
//odm/etc/camera/filters_lut/B612Pretty.cube.rgb.bin 41690-41693
//odm/etc/camera/filters_lut/BJJAwoigM 41694-41697
//odm/etc/camera/filters_lut/BJyKIwqxz 41698-41701
//odm/etc/camera/filters_lut/BeautyplusMellow-5.CUBE.rgb.bin 41702-41705
//odm/etc/camera/filters_lut/ByW7g4bbf 41706-41709
//odm/etc/camera/filters_lut/ByYo3If 41710-41712
//odm/etc/camera/filters_lut/BycYf7WWz 41713-41716
//odm/etc/camera/filters_lut/DL_D_G4.cube.rgb.bin 41717-41748
//odm/etc/camera/filters_lut/DL_L_B6.cube.rgb.bin 41749-41765
//odm/etc/camera/filters_lut/Delta400.3dl.rgb.bin 41766-41781
//odm/etc/camera/filters_lut/Emerald.cube.rgb.bin 41782-41813
//odm/etc/camera/filters_lut/EyxRbD2UCe 41814-41817
//odm/etc/camera/filters_lut/FaceappGrayscale.cube.rgb.bin 41818-41819
//odm/etc/camera/filters_lut/InsClarendon.cube.rgb.bin 41820-41823
//odm/etc/camera/filters_lut/InsJuno.cube.rgb.bin 41824-41827
//odm/etc/camera/filters_lut/InsValencia-2.cube.rgb.bin 41828-41831
//odm/etc/camera/filters_lut/Martin.cube.rgb.bin 41832-41862
//odm/etc/camera/filters_lut/OPLUSR0604.cube.rgb.bin 41863-41894
//odm/etc/camera/filters_lut/PP1-soft-2.6.CUBE.rgb.bin 41895-41898
//odm/etc/camera/filters_lut/PP2-pop-4.1.CUBE.rgb.bin 41899-41902
//odm/etc/camera/filters_lut/PP3-mono-3.3.CUBE.rgb.bin 41903-41904
//odm/etc/camera/filters_lut/Radiance.cube.rgb.bin 41905-41936
//odm/etc/camera/filters_lut/SJ3mbr6ef 41937-41940
//odm/etc/camera/filters_lut/Serenity.cube.rgb.bin 41941-41972
//odm/etc/camera/filters_lut/SkpZ8ebbz 41973-41976
//odm/etc/camera/filters_lut/SnapseedBright.cube.rgb.bin 41977-41978
//odm/etc/camera/filters_lut/SweetSnapAlice-3.CUBE.rgb.bin 41979-41982
//odm/etc/camera/filters_lut/Sy4uLSTgf 41983-41985
//odm/etc/camera/filters_lut/Syt2KeZZf 41986-41989
//odm/etc/camera/filters_lut/V01-landscape-2.6.CUBE.rgb.bin 41990-41993
//odm/etc/camera/filters_lut/V02-portrait-2.5.CUBE.rgb.bin 41994-41997
//odm/etc/camera/filters_lut/V03-food-2.0.CUBE.rgb.bin 41998-42001
//odm/etc/camera/filters_lut/V04-night-1.3.CUBE.rgb.bin 42002-42005
//odm/etc/camera/filters_lut/V05-mono-3.3.CUBE.rgb.bin 42006-42007
//odm/etc/camera/filters_lut/YoucamAdorable80.cube.rgb.bin 42008-42011
//odm/etc/camera/filters_lut/b-w-P8.CUBE.rgb.bin 42012-42018
//odm/etc/camera/filters_lut/black_gold.bin 42019-42047
//odm/etc/camera/filters_lut/blackandwhite.cube.rgb.bin 42048-42067
//odm/etc/camera/filters_lut/bowu-2.1.cube.rgb.bin 42068-42071
//odm/etc/camera/filters_lut/bright_coloured.bin 42072-42103
//odm/etc/camera/filters_lut/calm-V5.CUBE.rgb.bin 42104-42135
//odm/etc/camera/filters_lut/candy-P7.CUBE.rgb.bin 42136-42167
//odm/etc/camera/filters_lut/cola.bin 42168-42189
//odm/etc/camera/filters_lut/cyberpunk-kitsch-3.1.CUBE.rgb.bin 42190-42193
//odm/etc/camera/filters_lut/cyberpunk-neoMilitarism-2.4-final.CUBE.rgb.bin 42194-42197
//odm/etc/camera/filters_lut/default 42198-42201
//odm/etc/camera/filters_lut/delight-P3.CUBE.rgb.bin 42202-42233
//odm/etc/camera/filters_lut/delight-V1.CUBE.rgb.bin 42234-42265
//odm/etc/camera/filters_lut/drjw1994.bin 42266-42297
//odm/etc/camera/filters_lut/drjw2010.bin 42298-42309
//odm/etc/camera/filters_lut/f_bin_hideaki 42310-42313
//odm/etc/camera/filters_lut/f_candy_water_weak.cube.rgb.bin 42314-42317
//odm/etc/camera/filters_lut/f_contrast_gray_face_dark 42318-42319
//odm/etc/camera/filters_lut/f_fuji_strong.cube.rgb.bin 42320-42323
//odm/etc/camera/filters_lut/f_japan_strong.cube.rgb.bin 42324-42327
//odm/etc/camera/filters_lut/farewell-V7.CUBE.rgb.bin 42328-42359
//odm/etc/camera/filters_lut/fuji-eterna-v2.cube.rgb.bin 42360-42391
//odm/etc/camera/filters_lut/fuji.cube.rgb.bin 42392-42423
//odm/etc/camera/filters_lut/gourmet.cube.rgb.bin 42424-42455
//odm/etc/camera/filters_lut/gt-24hour-city.cube.rgb.bin 42456-42487
//odm/etc/camera/filters_lut/gt-3dcity.cube.rgb.bin 42488-42519
//odm/etc/camera/filters_lut/gt-after-glow.cube.rgb.bin 42520-42551
//odm/etc/camera/filters_lut/gt-azure-water.cube.rgb.bin 42552-42583
//odm/etc/camera/filters_lut/gt-beach.cube.rgb.bin 42584-42610
//odm/etc/camera/filters_lut/gt-blue-water.cube.rgb.bin 42611-42642
//odm/etc/camera/filters_lut/gt-coco-grove.cube.rgb.bin 42643-42674
//odm/etc/camera/filters_lut/gt-crisp-fall.cube.rgb.bin 42675-42703
//odm/etc/camera/filters_lut/gt-desert.cube.rgb.bin 42704-42735
//odm/etc/camera/filters_lut/gt-earth.cube.rgb.bin 42736-42766
//odm/etc/camera/filters_lut/gt-glazed-tile.cube.rgb.bin 42767-42798
//odm/etc/camera/filters_lut/gt-japan.cube.rgb.bin 42799-42830
//odm/etc/camera/filters_lut/gt-lake.cube.rgb.bin 42831-42862
//odm/etc/camera/filters_lut/gt-mountainous.cube.rgb.bin 42863-42894
//odm/etc/camera/filters_lut/gt-old-times.cube.rgb.bin 42895-42926
//odm/etc/camera/filters_lut/gt-quietly-ele.cube.rgb.bin 42927-42958
//odm/etc/camera/filters_lut/gt-rosy.cube.rgb.bin 42959-42989
//odm/etc/camera/filters_lut/gt-steaming.cube.rgb.bin 42990-43021
//odm/etc/camera/filters_lut/interstellar_space.bin 43022-43053
//odm/etc/camera/filters_lut/jiari-2.0.cube.rgb.bin 43054-43057
//odm/etc/camera/filters_lut/jw_sun.CUBE.rgb.bin 43058-43089
//odm/etc/camera/filters_lut/jw_surprise.CUBE.rgb.bin 43090-43121
//odm/etc/camera/filters_lut/kodak.cube.rgb.bin 43122-43153
//odm/etc/camera/filters_lut/lvtu-2.0.cube.rgb.bin 43154-43157
//odm/etc/camera/filters_lut/meiwei-2.2.cube.rgb.bin 43158-43161
//odm/etc/camera/filters_lut/mellow-V3.CUBE.rgb.bin 43162-43193
//odm/etc/camera/filters_lut/misty-P5.CUBE.rgb.bin 43194-43225
//odm/etc/camera/filters_lut/misty-V4.CUBE.rgb.bin 43226-43257
//odm/etc/camera/filters_lut/mono.cube.rgb.bin 43258-43276
//odm/etc/camera/filters_lut/morandi.cube.rgb.bin 43277-43308
//odm/etc/camera/filters_lut/natural-P1.CUBE.rgb.bin 43309-43337
//odm/etc/camera/filters_lut/natural.cube.rgb.bin 43338-43369
//odm/etc/camera/filters_lut/neon-2020.cube.rgb.bin 43370-43401
//odm/etc/camera/filters_lut/oplus-black-gold.cube.rgb.bin 43402-43405
//odm/etc/camera/filters_lut/oplus-cyberpunk.cube.rgb.bin 43406-43409
//odm/etc/camera/filters_lut/oplus-nightcity.cube.rgb.bin 43410-43413
//odm/etc/camera/filters_lut/oplus-r-black-gold-1.1-RGB.CUBE.rgb.bin 43414-43443
//odm/etc/camera/filters_lut/oplus-r-cyberpunk-RGB.CUBE.rgb.bin 43444-43475
//odm/etc/camera/filters_lut/oplus-r-infra-RGB.CUBE.rgb.bin 43476-43503
//odm/etc/camera/filters_lut/oplus-yellow-blue.cube.rgb.bin 43504-43507
//odm/etc/camera/filters_lut/oplus_SAREK_III.cube.rgb.bin 43508-43511
//odm/etc/camera/filters_lut/oplus_VAEROY_III.cube.rgb.bin 43512-43515
//odm/etc/camera/filters_lut/oplus_YLLAAS.cube.rgb.bin 43516-43519
//odm/etc/camera/filters_lut/oplus_r4.cube.rgb.bin 43520-43523
//odm/etc/camera/filters_lut/oplus_r5.cube.rgb.bin 43524-43527
//odm/etc/camera/filters_lut/oplus_r6.cube.rgb.bin 43528-43530
//odm/etc/camera/filters_lut/oplus_video_filter_black_and_white 43531-43540
//odm/etc/camera/filters_lut/oplus_video_filter_highlight 43541-43572
//odm/etc/camera/filters_lut/oplus_video_filter_ins 43573-43604
//odm/etc/camera/filters_lut/oplus_video_filter_natal 43605-43636
//odm/etc/camera/filters_lut/oplus_video_filter_olympus 43637-43668
//odm/etc/camera/filters_lut/oplus_video_filter_plain 43669-43700
//odm/etc/camera/filters_lut/oplus_video_filter_show 43701-43732
//odm/etc/camera/filters_lut/oplus_video_filter_solar 43733-43762
//odm/etc/camera/filters_lut/oplus_video_filter_strong 43763-43785
//odm/etc/camera/filters_lut/oplus_video_filter_west 43786-43817
//odm/etc/camera/filters_lut/oppo_video_filter_black_and_white 43818-43827
//odm/etc/camera/filters_lut/oppo_video_filter_highlight 43828-43859
//odm/etc/camera/filters_lut/oppo_video_filter_ins 43860-43891
//odm/etc/camera/filters_lut/oppo_video_filter_natal 43892-43923
//odm/etc/camera/filters_lut/oppo_video_filter_olympus 43924-43955
//odm/etc/camera/filters_lut/oppo_video_filter_plain 43956-43987
//odm/etc/camera/filters_lut/oppo_video_filter_show 43988-44019
//odm/etc/camera/filters_lut/oppo_video_filter_solar 44020-44049
//odm/etc/camera/filters_lut/oppo_video_filter_strong 44050-44072
//odm/etc/camera/filters_lut/oppo_video_filter_west 44073-44104
//odm/etc/camera/filters_lut/p4_1.cube.rgb.bin 44105-44125
//odm/etc/camera/filters_lut/p4_2.cube.rgb.bin 44126-44159
//odm/etc/camera/filters_lut/p4_3.cube.rgb.bin 44160-44162
//odm/etc/camera/filters_lut/p4_4.cube.rgb.bin 44163-44166
//odm/etc/camera/filters_lut/qiuri-2.0.cube.rgb.bin 44167-44170
//odm/etc/camera/filters_lut/r1JaFSZZG 44171-44174
//odm/etc/camera/filters_lut/r1PrfoolG 44175-44178
//odm/etc/camera/filters_lut/rJ5g5vPWG 44179-44182
//odm/etc/camera/filters_lut/rJxJtmaez 44183-44186
//odm/etc/camera/filters_lut/red-red.cube.rgb.bin 44187-44204
//odm/etc/camera/filters_lut/rkMhq4ZWf 44205-44208
//odm/etc/camera/filters_lut/rkx5u4Zbf 44209-44212
//odm/etc/camera/filters_lut/senlin-2.0.cube.rgb.bin 44213-44216
//odm/etc/camera/filters_lut/serene-P9.CUBE.rgb.bin 44217-44248
//odm/etc/camera/filters_lut/sky-blue.cube.rgb.bin 44249-44262
//odm/etc/camera/filters_lut/sweet-P2.CUBE.rgb.bin 44263-44291
//odm/etc/camera/filters_lut/sweet-V2.CUBE.rgb.bin 44292-44320
//odm/etc/camera/filters_lut/tree-green.cube.rgb.bin 44321-44340
//odm/etc/camera/filters_lut/type_fuji_acros 44341-44357
//odm/etc/camera/filters_lut/type_fuji_astia 44358-44389
//odm/etc/camera/filters_lut/type_fuji_chrome 44390-44421
//odm/etc/camera/filters_lut/type_fuji_provia 44422-44453
//odm/etc/camera/filters_lut/type_fuji_velvia 44454-44485
//odm/etc/camera/filters_lut/vivid-cool.cube.rgb.bin 44486-44517
//odm/etc/camera/filters_lut/vivid-lut.cube.rgb.bin 44518-44547
//odm/etc/camera/filters_lut/vivid-warm.cube.rgb.bin 44548-44579
//odm/etc/camera/filters_lut/yuanqi-2.2s.cube.rgb.bin 44580-44583
//odm/etc/camera/filters_res/film_grain_small.bin 44584-45607
//odm/etc/camera/filters_res/lut_all_points.png 45608
//odm/etc/camera/filters_res/overlay_p4_3_weak.png 45610-45689
//odm/etc/camera/fwk_config.json 45691
//odm/etc/camera/gasryuv_1.2_wp.model 45692-45693
//odm/etc/camera/gesture/modules/tt_hand_box_reg_v12.0.model 45695-45791
//odm/etc/camera/gesture/modules/tt_hand_det_v11.0.model 45792-45803
//odm/etc/camera/gesture/modules/tt_hand_gesture_v11.1.model 45804-45843
//odm/etc/camera/gesture/modules/tt_hand_kp_v6.0.model 45844-45926
//odm/etc/camera/gesture/modules/tt_hand_lr_v3.0.model 45927-45961
//odm/etc/camera/gesture/tt_hand_box_reg_v12.0.model 45962-46058
//odm/etc/camera/gesture/tt_hand_det_v11.0.model 46059-46070
//odm/etc/camera/gesture/tt_hand_gesture_v11.1.model 46071-46110
//odm/etc/camera/gesture/tt_hand_kp_v6.0.model 46111-46193
//odm/etc/camera/gesture/tt_hand_lr_v3.0.model 46194-46228
//odm/etc/camera/libiceainr_model.dlc 46229-46464
//odm/etc/camera/media_profiles.xml 46466-46467
//odm/etc/camera/model/DocDetectV15.xbin 46468-46717
//odm/etc/camera/model_fdc.data 46718-50849
//odm/etc/camera/neon_yuv_LUT_64.bin 50854-51014
//odm/etc/camera/oplus_eis_camera.vcfg 51015-51077
//odm/etc/camera/pf/PerfectColorSet/colormap/ColorLut 51079-51295
//odm/etc/camera/pf/PerfectColorSet/colormap/CurveLut 51296-51299
//odm/etc/camera/pf/PerfectColorSet/colormap/colorLut0 51300-51309
//odm/etc/camera/pf/PerfectColorSet/colormap/colorLut1 51310-51321
//odm/etc/camera/pf/PerfectColorSet/colormap/colorLut10 51322-51333
//odm/etc/camera/pf/PerfectColorSet/colormap/colorLut11 51334-51345
//odm/etc/camera/pf/PerfectColorSet/colormap/colorLut12 51346-51357
//odm/etc/camera/pf/PerfectColorSet/colormap/colorLut13 51358-51368
//odm/etc/camera/pf/PerfectColorSet/colormap/colorLut14 51369-51380
//odm/etc/camera/pf/PerfectColorSet/colormap/colorLut15 51381-51392
//odm/etc/camera/pf/PerfectColorSet/colormap/colorLut16 51393-51404
//odm/etc/camera/pf/PerfectColorSet/colormap/colorLut17 51405-51416
//odm/etc/camera/pf/PerfectColorSet/colormap/colorLut18 51417-51428
//odm/etc/camera/pf/PerfectColorSet/colormap/colorLut2 51429-51440
//odm/etc/camera/pf/PerfectColorSet/colormap/colorLut3 51441-51452
//odm/etc/camera/pf/PerfectColorSet/colormap/colorLut4 51453-51464
//odm/etc/camera/pf/PerfectColorSet/colormap/colorLut5 51465-51476
//odm/etc/camera/pf/PerfectColorSet/colormap/colorLut6 51477-51488
//odm/etc/camera/pf/PerfectColorSet/colormap/colorLut7 51489-51500
//odm/etc/camera/pf/PerfectColorSet/colormap/colorLut8 51501-51512
//odm/etc/camera/pf/PerfectColorSet/colormap/colorLut9 51513-51524
//odm/etc/camera/pf/PerfectColorSet/normal/ColorLut 51532-51748
//odm/etc/camera/pf/PerfectColorSet/normal/CurveLut 51749-51752
//odm/etc/camera/pf/PerfectColorSet/normal/colorLut0 51753-51762
//odm/etc/camera/pf/PerfectColorSet/normal/colorLut1 51763-51774
//odm/etc/camera/pf/PerfectColorSet/normal/colorLut10 51775-51786
//odm/etc/camera/pf/PerfectColorSet/normal/colorLut11 51787-51798
//odm/etc/camera/pf/PerfectColorSet/normal/colorLut12 51799-51810
//odm/etc/camera/pf/PerfectColorSet/normal/colorLut13 51811-51821
//odm/etc/camera/pf/PerfectColorSet/normal/colorLut14 51822-51833
//odm/etc/camera/pf/PerfectColorSet/normal/colorLut15 51834-51845
//odm/etc/camera/pf/PerfectColorSet/normal/colorLut16 51846-51857
//odm/etc/camera/pf/PerfectColorSet/normal/colorLut17 51858-51869
//odm/etc/camera/pf/PerfectColorSet/normal/colorLut18 51870-51881
//odm/etc/camera/pf/PerfectColorSet/normal/colorLut2 51882-51893
//odm/etc/camera/pf/PerfectColorSet/normal/colorLut3 51894-51905
//odm/etc/camera/pf/PerfectColorSet/normal/colorLut4 51906-51917
//odm/etc/camera/pf/PerfectColorSet/normal/colorLut5 51918-51929
//odm/etc/camera/pf/PerfectColorSet/normal/colorLut6 51930-51941
//odm/etc/camera/pf/PerfectColorSet/normal/colorLut7 51942-51953
//odm/etc/camera/pf/PerfectColorSet/normal/colorLut8 51954-51965
//odm/etc/camera/pf/PerfectColorSet/normal/colorLut9 51966-51977
//odm/etc/camera/pf/PerfectColorSet/portrait/ColorLut 51985-52201
//odm/etc/camera/pf/PerfectColorSet/portrait/CurveLut 52202-52205
//odm/etc/camera/pf/PerfectColorSet/portrait/colorLut0 52206-52215
//odm/etc/camera/pf/PerfectColorSet/portrait/colorLut1 52216-52227
//odm/etc/camera/pf/PerfectColorSet/portrait/colorLut10 52228-52239
//odm/etc/camera/pf/PerfectColorSet/portrait/colorLut11 52240-52251
//odm/etc/camera/pf/PerfectColorSet/portrait/colorLut12 52252-52263
//odm/etc/camera/pf/PerfectColorSet/portrait/colorLut13 52264-52274
//odm/etc/camera/pf/PerfectColorSet/portrait/colorLut14 52275-52286
//odm/etc/camera/pf/PerfectColorSet/portrait/colorLut15 52287-52298
//odm/etc/camera/pf/PerfectColorSet/portrait/colorLut16 52299-52310
//odm/etc/camera/pf/PerfectColorSet/portrait/colorLut17 52311-52322
//odm/etc/camera/pf/PerfectColorSet/portrait/colorLut18 52323-52334
//odm/etc/camera/pf/PerfectColorSet/portrait/colorLut2 52335-52346
//odm/etc/camera/pf/PerfectColorSet/portrait/colorLut3 52347-52358
//odm/etc/camera/pf/PerfectColorSet/portrait/colorLut4 52359-52370
//odm/etc/camera/pf/PerfectColorSet/portrait/colorLut5 52371-52382
//odm/etc/camera/pf/PerfectColorSet/portrait/colorLut6 52383-52394
//odm/etc/camera/pf/PerfectColorSet/portrait/colorLut7 52395-52406
//odm/etc/camera/pf/PerfectColorSet/portrait/colorLut8 52407-52418
//odm/etc/camera/pf/PerfectColorSet/portrait/colorLut9 52419-52430
//odm/etc/camera/pfb_bin/BeardSharp.bin 52438
//odm/etc/camera/pfb_bin/BeardSharp.frag 52439
//odm/etc/camera/pfb_bin/PreAddSRBinary.bin 52440
//odm/etc/camera/pfb_bin/PreCalVarBinary.bin 52445
//odm/etc/camera/pfb_bin/PreCalcSRBinary.bin 52446
//odm/etc/camera/pfb_bin/PreCalculateOutTex.bin 52447
//odm/etc/camera/pfb_bin/PreDepouchBinary.bin 52448-52449
//odm/etc/camera/pfb_bin/PreEyeMeanBinary.bin 52450
//odm/etc/camera/pfb_bin/PreGetHpMaskHor.bin 52451
//odm/etc/camera/pfb_bin/PreGetHpMaskVer.bin 52452
//odm/etc/camera/pfb_bin/PreGetInitHpMask.bin 52453
//odm/etc/camera/pfb_bin/PreHighPassBinary.bin 52454
//odm/etc/camera/pfb_bin/PreHighPassPreBinary.bin 52455-52456
//odm/etc/camera/pfb_bin/PreHoriFilterBinary.bin 52457
//odm/etc/camera/pfb_bin/PreMakeupBinary.bin 52458-52459
//odm/etc/camera/pfb_bin/PreMakeupMultiFaceBinary.bin 52460-52461
//odm/etc/camera/pfb_bin/PreMakeupSingleFaceBinary.bin 52462-52463
//odm/etc/camera/pfb_bin/PreMixImageBinary.bin 52464
//odm/etc/camera/pfb_bin/PreMorphBinary.bin 52465
//odm/etc/camera/pfb_bin/PreOnlywhitenBinary.bin 52466
//odm/etc/camera/pfb_bin/PreSaveMaskBinary.bin 52467
//odm/etc/camera/pfb_bin/PreSkintuneBinary.bin 52468-52469
//odm/etc/camera/pfb_bin/PreSkintuneMRTBinary.bin 52470
//odm/etc/camera/pfb_bin/PreSobelSumTwoBinary.bin 52471
//odm/etc/camera/pfb_bin/PreSobelTwoBinary.bin 52472
//odm/etc/camera/pfb_bin/PreSobelUpdateTwoBinary.bin 52473
//odm/etc/camera/pfb_bin/PreStitchFacesAnd2Cpu.bin 52474
//odm/etc/camera/pfb_bin/PreSurfaceBlurBinary.bin 52475
//odm/etc/camera/pfb_bin/PreVertFilterBinary.bin 52476
//odm/etc/camera/pfb_bin/PreVertSurBinary.bin 52477
//odm/etc/camera/pfb_bin/SkinCalcHue.bin 52478
//odm/etc/camera/pfb_bin/SkinColorBlur.bin 52479-52480
//odm/etc/camera/pfb_bin/SkinColorBlur.frag 52481
//odm/etc/camera/pfb_bin/SkinColorUnify.bin 52482
//odm/etc/camera/pfb_bin/ThirdPartyPreHoriFilterBinary.bin 52486
//odm/etc/camera/pfb_bin/ThirdPartyPreMorphBinary.bin 52487
//odm/etc/camera/pfb_bin/ThirdPartyPreOnlywhitenBinary.bin 52488
//odm/etc/camera/pfb_bin/ThirdPartyPreSkintuneBinary.bin 52489
//odm/etc/camera/pfb_bin/ThirdPartyPreSkintuneMRTBinary.bin 52490
//odm/etc/camera/pfb_bin/ThirdPartyPreVertFilterBinary.bin 52491
//odm/etc/camera/pfb_bin/ThirdPartyPreVertSurBinary.bin 52492
//odm/etc/camera/pfb_bin/snapAdjustProgramBinary.bin 52493
//odm/etc/camera/pfb_bin/snapBoxFilterBinary.bin 52494
//odm/etc/camera/pfb_bin/snapCalcSumProgramBinary.bin 52495
//odm/etc/camera/pfb_bin/snapContrastProgramBinary.bin 52496
//odm/etc/camera/pfb_bin/snapEYESMASKBinary.bin 52498
//odm/etc/camera/pfb_bin/snapEyeYUV2RGBBinary.bin 52499
//odm/etc/camera/pfb_bin/snapEyesTuneBinary.bin 52500-52501
//odm/etc/camera/pfb_bin/snapFSMixBinary.bin 52502
//odm/etc/camera/pfb_bin/snapFSNormBinary.bin 52503
//odm/etc/camera/pfb_bin/snapFSVarBinary.bin 52504
//odm/etc/camera/pfb_bin/snapGuidedFilterBBinary.bin 52505
//odm/etc/camera/pfb_bin/snapGuidedFilterCorrBinary.bin 52506
//odm/etc/camera/pfb_bin/snapGuidedFilterQBinary.bin 52507
//odm/etc/camera/pfb_bin/snapLUTsFilterBinary.bin 52510
//odm/etc/camera/pfb_bin/snapMakeupEditionTwoBinary.bin 52511
//odm/etc/camera/pfb_bin/snapMakeupMultiFaceBinary.bin 52512-52513
//odm/etc/camera/pfb_bin/snapMakeupSingleFaceBinary.bin 52514-52515
//odm/etc/camera/pfb_bin/snapMeanFilterBinary.bin 52516
//odm/etc/camera/pfb_bin/snapMorphBinary.bin 52517
//odm/etc/camera/pfb_bin/snapProgramABinary.bin 52518
//odm/etc/camera/pfb_bin/snapProgram_blurBinary.bin 52519
//odm/etc/camera/pfb_bin/snapProgram_bwBinary.bin 52520
//odm/etc/camera/pfb_bin/snapSaveMaskBinary.bin 52521-52522
//odm/etc/camera/pfb_bin/snapSurfaceBlurBinary.bin 52523-52524
//odm/etc/camera/selfbokehParam.json 52527
//odm/etc/camera/selfbokehmodel.bin 52528-60305
//odm/etc/camera/singleblur/personseg.bin 60313-61311
//odm/etc/camera/sticker/M_SenseME_Action_5.2.12.model 61315-62199
//odm/etc/camera/sticker/material/animoji/data.zip 62200-63709
//odm/etc/camera/sticker/material/animoji/snowleopard_v_0_0_0_9.zip 63711-64479
//odm/etc/camera/text_enhance_yuv_v1.tflite 64480-64568
//odm/etc/camera/tonemap/tonemap_lut_0 64573-64583
//odm/etc/camera/tonemap/tonemap_lut_1 64584-64595
//odm/etc/camera/tonemap/tonemap_lut_10 64596-64607
//odm/etc/camera/tonemap/tonemap_lut_2 64608-64619
//odm/etc/camera/tonemap/tonemap_lut_3 64620-64631
//odm/etc/camera/tonemap/tonemap_lut_4 64632-64643
//odm/etc/camera/tonemap/tonemap_lut_5 64644-64655
//odm/etc/camera/tonemap/tonemap_lut_6 64656-64667
//odm/etc/camera/tonemap/tonemap_lut_7 64668-64679
//odm/etc/camera/tonemap/tonemap_lut_8 64680-64691
//odm/etc/camera/tonemap/tonemap_lut_9 64692-64703
//odm/etc/devices_config/devices_config.json 64705
//odm/etc/dolby/multimedia_dolby_dax_default.xml 64706-64709
//odm/etc/gps.conf 64713-64714
//odm/etc/init/init.oppo.reserve.rc 64720
//odm/etc/init/ormsHalService-default.rc 64722
//odm/etc/iris_configs.xml 64749
//odm/etc/irissoft_samsung_AMB670YF07_FS_dsc_cmd_mode_panel.dat 64750-64781
//odm/etc/irissoft_samsung_AMB670YF07_FS_dsc_cmd_mode_panel.fw 64782-64890
//odm/etc/izat.conf 64892
//odm/etc/libnfc-nci.conf 64893
//odm/etc/libnfc-nxp-pnscr.conf 64894-64895
//odm/etc/lvacfs_params/2mic/LVACFS_Calibration360_2mic.dat 64896-65000
//odm/etc/lvacfs_params/2mic/LVACFS_Configuration.txt 65001
//odm/etc/lvacfs_params/2mic/LVACFS_Parameter_ID10_MIC_VR.txt 65002
//odm/etc/lvacfs_params/2mic/LVACFS_Parameter_ID11_HE.txt 65003
//odm/etc/lvacfs_params/2mic/LVACFS_Parameter_ID12_HE_APP1.txt 65004
//odm/etc/lvacfs_params/2mic/LVACFS_Parameter_ID13_HE_APP2.txt 65005
//odm/etc/lvacfs_params/2mic/LVACFS_Parameter_ID14_HE_Cam.txt 65006
//odm/etc/lvacfs_params/2mic/LVACFS_Parameter_ID15_HE_Conference.txt 65007
//odm/etc/lvacfs_params/2mic/LVACFS_Parameter_ID16_HE_Fast.txt 65008
//odm/etc/lvacfs_params/2mic/LVACFS_Parameter_ID17_HE_Interview.txt 65009
//odm/etc/lvacfs_params/2mic/LVACFS_Parameter_ID18_HE_Unprocess.txt 65010
//odm/etc/lvacfs_params/2mic/LVACFS_Parameter_ID19_HE_Voice.txt 65011
//odm/etc/lvacfs_params/2mic/LVACFS_Parameter_ID1_MIC_Normal.txt 65012
//odm/etc/lvacfs_params/2mic/LVACFS_Parameter_ID20_HE_VR.txt 65013
//odm/etc/lvacfs_params/2mic/LVACFS_Parameter_ID21_USB_Normal.txt 65014
//odm/etc/lvacfs_params/2mic/LVACFS_Parameter_ID22_USB_APP1.txt 65015
//odm/etc/lvacfs_params/2mic/LVACFS_Parameter_ID23_BT_Normal.txt 65016
//odm/etc/lvacfs_params/2mic/LVACFS_Parameter_ID24_BT_APP1.txt 65017
//odm/etc/lvacfs_params/2mic/LVACFS_Parameter_ID25_2mic_zoom.txt 65018
//odm/etc/lvacfs_params/2mic/LVACFS_Parameter_ID2_MIC_APP1.txt 65019
//odm/etc/lvacfs_params/2mic/LVACFS_Parameter_ID3_MIC_APP2.txt 65020
//odm/etc/lvacfs_params/2mic/LVACFS_Parameter_ID4_MIC_Cam.txt 65021
//odm/etc/lvacfs_params/2mic/LVACFS_Parameter_ID5_MIC_Conference.txt 65022
//odm/etc/lvacfs_params/2mic/LVACFS_Parameter_ID6_MIC_Fast.txt 65023
//odm/etc/lvacfs_params/2mic/LVACFS_Parameter_ID7_MIC_Interview.txt 65024
//odm/etc/lvacfs_params/2mic/LVACFS_Parameter_ID8_MIC_Unprocess.txt 65025
//odm/etc/lvacfs_params/2mic/LVACFS_Parameter_ID9_MIC_Voice.txt 65026
//odm/etc/media_profiles_V1_0.xml 65029
//odm/etc/mixer_paths.xml 65030-65031
//odm/etc/modem_custom.cfg 65032
//odm/etc/modem_data.cfg 65033
//odm/etc/modem_voice.cfg 65037
//odm/etc/nfc/libnfc-mtp-SN100.conf_20845 65040-65043
//odm/etc/nfc/libnfc-mtp-SN100.conf_20846 65044-65047
//odm/etc/nfc/libnfc-mtp-SN100.conf_20847 65048-65051
//odm/etc/nfc/libnfc-mtp-SN100.conf_20848 65052-65055
//odm/etc/nfc/libnfc-mtp-SN100.conf_20849 65056-65059
//odm/etc/nfc/libnfc-mtp-SN100.conf_2084A 65060-65063
//odm/etc/nfc/libnfc-mtp-SN100.conf_2084B 65064-65067
//odm/etc/nfc/libnfc-mtp-SN100.conf_2084D 65068-65071
//odm/etc/nfc/libnfc-mtp-SN100.conf_2084E 65072-65075
//odm/etc/nfc/libnfc-mtp-SN100.conf_20865 65076-65079
//odm/etc/nfc/libnfc-mtp-SN100.conf_20866 65080-65083
//odm/etc/nfc/libnfc-mtp-SN100.conf_20867 65084-65087
//odm/etc/nfc/libnfc-mtp-SN100.conf_20868 65088-65091
//odm/etc/nfc/libnfc-mtp-SN100.conf_20869 65092-65095
//odm/etc/nfc/libnfc-mtp-SN100.conf_21001 65096-65099
//odm/etc/nfc/libnfc-mtp-SN100.conf_21131 65100-65104
//odm/etc/nfc/libnfc-mtp-SN100.conf_21201 65105-65108
//odm/etc/nfc/libnfc-mtp-SN100.conf_21321 65109-65113
//odm/etc/nfc/libnfc-mtp-SN100.conf_21631 65114-65117
//odm/etc/nfc/libnfc-mtp-SN100.conf_216AC 65118-65121
//odm/etc/nfc/libnfc-mtp-SN100.conf_22811 65122-65126
//odm/etc/nfc/libnfc-mtp-SN100.conf_22861 65127-65131
//odm/etc/nfc/libnfc-mtp-SN220.conf_22003 65132-65135
//odm/etc/nfc/libnfc-mtp-SN220.conf_22203 65136-65139
//odm/etc/nfc/libnfc-mtp-SN220.conf_22899 65140-65143
//odm/etc/nfc/libnfc-nci.conf_20845 65144
//odm/etc/nfc/libnfc-nci.conf_20846 65145
//odm/etc/nfc/libnfc-nci.conf_20847 65146
//odm/etc/nfc/libnfc-nci.conf_20848 65147
//odm/etc/nfc/libnfc-nci.conf_20849 65148
//odm/etc/nfc/libnfc-nci.conf_2084A 65149
//odm/etc/nfc/libnfc-nci.conf_2084B 65150
//odm/etc/nfc/libnfc-nci.conf_2084D 65151
//odm/etc/nfc/libnfc-nci.conf_2084E 65152
//odm/etc/nfc/libnfc-nci.conf_20865 65153
//odm/etc/nfc/libnfc-nci.conf_20866 65154
//odm/etc/nfc/libnfc-nci.conf_20867 65155
//odm/etc/nfc/libnfc-nci.conf_20868 65156
//odm/etc/nfc/libnfc-nci.conf_20869 65157
//odm/etc/nfc/libnfc-nci.conf_21001 65158
//odm/etc/nfc/libnfc-nci.conf_21131 65159
//odm/etc/nfc/libnfc-nci.conf_21201 65160
//odm/etc/nfc/libnfc-nci.conf_21321 65161
//odm/etc/nfc/libnfc-nci.conf_21631 65162
//odm/etc/nfc/libnfc-nci.conf_216AC 65163
//odm/etc/nfc/libnfc-nci.conf_22003 65164
//odm/etc/nfc/libnfc-nci.conf_22203 65165
//odm/etc/nfc/libnfc-nci.conf_22811 65166
//odm/etc/nfc/libnfc-nci.conf_22861 65167
//odm/etc/nfc/libnfc-nci.conf_22899 65168
//odm/etc/nfc/libnfc_beijing_config.conf_20846 65186
//odm/etc/nfc/libnfc_beijing_config.conf_21001 65188
//odm/etc/nfc/libnfc_changchun_config.conf_21001 65190
//odm/etc/nfc/libnfc_changsha_config.conf_20846 65192
//odm/etc/nfc/libnfc_changsha_config.conf_21001 65194
//odm/etc/nfc/libnfc_default_config.conf_20845 65196
//odm/etc/nfc/libnfc_default_config.conf_20846 65197
//odm/etc/nfc/libnfc_default_config.conf_20865 65198
//odm/etc/nfc/libnfc_default_config.conf_21001 65199
//odm/etc/nfc/libnfc_default_config.conf_21131 65200
//odm/etc/nfc/libnfc_default_config.conf_21631 65201
//odm/etc/nfc/libnfc_default_config.conf_22811 65202
//odm/etc/nfc/libnfc_fuzhou_config.conf_20846 65203
//odm/etc/nfc/libnfc_fuzhou_config.conf_21001 65204
//odm/etc/nfc/libnfc_ganzhou_config.conf_21001 65205
//odm/etc/nfc/libnfc_guangzhou_config.conf_21001 65208
//odm/etc/nfc/libnfc_guiyang_config.conf_21001 65210
//odm/etc/nfc/libnfc_hebei_config.conf_21001 65211
//odm/etc/nfc/libnfc_hefei_config.conf_20846 65212
//odm/etc/nfc/libnfc_hefei_config.conf_21001 65213
//odm/etc/nfc/libnfc_hefei_config.conf_21131 65214
//odm/etc/nfc/libnfc_hefei_config.conf_22811 65216
//odm/etc/nfc/libnfc_nanchang_config.conf_21001 65217
//odm/etc/nfc/libnfc_nanjing_config.conf_21001 65218
//odm/etc/nfc/libnfc_nanning_config.conf_21001 65219
//odm/etc/nfc/libnfc_qingdao_config.conf_21001 65220
//odm/etc/nfc/libnfc_shenzhen_config.conf_21001 65225
//odm/etc/nfc/libnfc_shijiazhuang_config.conf_21001 65227
//odm/etc/nfc/libnfc_shiyan_config.conf_21001 65228
//odm/etc/nfc/libnfc_suzhou_config.conf_21001 65229
//odm/etc/nfc/libnfc_tianjin_config.conf_20846 65231
//odm/etc/nfc/libnfc_tianjin_config.conf_21001 65233
//odm/etc/nfc/libnfc_weifang_config.conf_21001 65235
//odm/etc/nfc/libnfc_wuhan_config.conf_21001 65236
//odm/etc/nfc/libnfc_wuxi_config.conf_20846 65238
//odm/etc/nfc/libnfc_wuxi_config.conf_21001 65240
//odm/etc/nfc/libnfc_xiamen_config.conf_21131 65242
//odm/etc/nfc/libnfc_xiamen_config.conf_22811 65243
//odm/etc/nfc/libnfc_xian_config.conf_21001 65244
//odm/etc/nfc/libnfc_yantai_config.conf_21001 65245
//odm/etc/nfc/libnfc_yulin_config.conf_21001 65246
//odm/etc/nfc/libnfc_zhengzhou_config.conf_21001 65247
//odm/etc/nfc/sn100u.bin_sn100t_fw_01_10_57 65248-65296
//odm/etc/nfc/sn100u.bin_sn100t_fw_01_10_60 65298-65346
//odm/etc/nfc/sn100u.bin_sn100t_fw_01_10_68 65348-65396
//odm/etc/nfc/sn220u.bin_sn220tu_fw_01_01_23 65398-65447
//odm/etc/nfc/sn220u.bin_sn220tu_fw_01_01_2B 65448-65497
//odm/etc/nfc/st21nfc_fw.bin_st21h 65498-65548
//odm/etc/nfc/st21nfc_fw7.bin_st21h 65549-65599
//odm/etc/oplus.fstab 65601
//odm/etc/orms/orms_core_config.xml 65602-65642
//odm/etc/orms/orms_core_config_india.xml 65644-65684
//odm/etc/power_profile/power_profile.xml 65685-65686
//odm/etc/resourcemanager.xml 65688-65690
//odm/etc/rftoolkit/proj_cases.xml 65691
//odm/etc/sap.conf 65693
//odm/etc/selinux/precompiled_sepolicy 65694-65877
//odm/etc/selinux/precompiled_sepolicy_debug 65878-66065
//odm/etc/sensor/config/kailua_mtp_ak0991x.json 66066
//odm/etc/sensor/config/kailua_mtp_alsps.json 66067
//odm/etc/sensor/config/kailua_mtp_bmi26x.json 66069
//odm/etc/sensor/config/kailua_mtp_cct_rear.json 66071
//odm/etc/sensor/config/kailua_mtp_icm4x6xx.json 66072
//odm/etc/sensor/config/kailua_mtp_sx933x_0.json 66074
//odm/etc/sensor/config/kailua_mtp_sx933x_down_0.json 66075
//odm/etc/sensor/sensor_config.json 66076
//odm/etc/sn100u_bootup.pnscr 66077
//odm/etc/sn100u_ese_disableIso.pnscr 66078
//odm/etc/sn100u_ese_disableIsoRead.pnscr 66079
//odm/etc/sn100u_pnx_ese_aclog.pnscr 66083
//odm/etc/sn100u_pnx_ese_cplc.pnscr 66084
//odm/etc/sn100u_pnx_ese_fabkey.pnscr 66085
//odm/etc/sn100u_pnx_ese_free.pnscr 66086
//odm/etc/sn100u_pnx_ese_keyset.pnscr 66087
//odm/etc/sn100u_pnx_ese_sn.pnscr 66088
//odm/etc/sn100u_pnx_freq.pnscr 66089
//odm/etc/temperature_profile/sys_thermal_control_config.xml 66091-66092
//odm/etc/usecaseKvManager.xml 66093-66094
//odm/etc/vintf/network_manifest_dsds.xml 66100
//odm/etc/vintf/network_manifest_ssss.xml 66101
//odm/etc/wifi/bdwlan.elf 66103-66105
//odm/etc/wifi/bdwlang.elf 66106-66108
//odm/etc/wifi/kiwi/bdwlan.b0a 66109-66112
//odm/etc/wifi/kiwi/bdwlan.b0e 66113-66116
//odm/etc/wifi/kiwi/bdwlan.b0i 66117-66120
//odm/etc/wifi/kiwi/bdwlan.elf 66121-66123
//odm/etc/wifi/kiwi/regdb.bin 66124-66125
//odm/etc/wifi/regdb.bin 66126-66127
//odm/etc/wifi/wifisar.cfg 66129
//odm/firmware/fastchg/smart_chg_config_table.txt 66130-66135
//odm/firmware/tfa98xx.cnt 66136
//odm/firmware/tp/19815/FW_S3908_SAMSUNG.img 66137-66185
//odm/firmware/tp/19815/FW_S3908_SAMSUNG_FAE.img 66187-66235
//odm/firmware/tp/19815/LIMIT_S3908_SAMSUNG.img 66237
//odm/firmware/tp/19825/FW_S6SY792_SAMSUNG.bin 66238-66281
//odm/firmware/tp/19825/FW_S6SY792_SAMSUNG_FAE.bin 66282-66325
//odm/firmware/tp/19825/LIMIT_S6SY792_SAMSUNG.img 66326
//odm/firmware/tp/20031/FW_S3908_SAMSUNG.img 66327-66376
//odm/firmware/tp/20031/FW_S3908_SAMSUNG_FAE.img 66378-66426
//odm/firmware/tp/20031/LIMIT_S3908_SAMSUNG.img 66428
//odm/firmware/tp/20627/FW_FT3518_SAMSUNG.img 66429-66442
//odm/firmware/tp/20627/FW_FT3518_SAMSUNG_FAE.img 66443-66456
//odm/firmware/tp/20627/LIMIT_FT3518_SAMSUNG.img 66457-66459
//odm/firmware/tp/20659/FW_S6SY792_SAMSUNG.bin 66460-66503
//odm/firmware/tp/20659/FW_S6SY792_SAMSUNG_FAE.bin 66504-66547
//odm/firmware/tp/20659/LIMIT_S6SY792_SAMSUNG.img 66548
//odm/firmware/tp/21001/FW_S3908_SAMSUNG.img 66549-66598
//odm/firmware/tp/21001/FW_S3908_SAMSUNG_FAE.img 66600-66649
//odm/firmware/tp/21001/LIMIT_S3908_SAMSUNG.img 66651
//odm/firmware/tp/21001/LIMIT_S3908_SAMSUNG_AGING.img 66652
//odm/firmware/tp/21131/FW_S3910_SAMSUNG.img 66653-66703
//odm/firmware/tp/21131/FW_S3910_SAMSUNG_FAE.img 66705-66755
//odm/firmware/tp/21131/FW_S3910_SAMSUNG_HBP.img 66757-66807
//odm/firmware/tp/21131/FW_S3910_SAMSUNG_HBP_FAE.img 66809-66859
//odm/firmware/tp/21131/LIB_S3910_SAMSUNG_HBP.so 66861-66961
//odm/firmware/tp/21131/LIMIT_S3910_SAMSUNG.img 66962-66963
//odm/firmware/tp/21131/LIMIT_S3910_SAMSUNG_HBP.img 66964-66965
//odm/firmware/tp/21631/FW_S3908_SAMSUNG.img 66966-67015
//odm/firmware/tp/21631/FW_S3908_SAMSUNG_FAE.img 67017-67066
//odm/firmware/tp/21631/LIMIT_S3908_SAMSUNG.img 67068
//odm/firmware/tp/21631/LIMIT_S3908_SAMSUNG_AGING.img 67069
//odm/firmware/tp/22003/FW_GT9916_BOE.img 67070-67111
//odm/firmware/tp/22003/FW_GT9916_BOE_FAE.img 67112-67153
//odm/firmware/tp/22003/FW_GT9966_BOE.img 67154-67199
//odm/firmware/tp/22003/FW_GT9966_BOE_FAE.img 67200-67245
//odm/firmware/tp/22003/FW_GT9966_SAMSUNG.img 67246-67291
//odm/firmware/tp/22003/FW_GT9966_SAMSUNG_FAE.img 67292-67337
//odm/firmware/tp/22003/LIMIT_GT9916_BOE.img 67338
//odm/firmware/tp/22003/LIMIT_GT9966_BOE.img 67339
//odm/firmware/tp/22003/LIMIT_GT9966_SAMSUNG.img 67340
//odm/firmware/tp/22811/FW_S3908_SAMSUNG.img 67341-67390
//odm/firmware/tp/22811/FW_S3908_SAMSUNG_FAE.img 67392-67441
//odm/firmware/tp/22811/LIMIT_S3908_SAMSUNG.img 67444
//odm/firmware/ufs/SAMSUNG-KLUDG4UHDC-B0E1.bin 67445-67565
//odm/firmware/ufs/SAMSUNG-KLUEG4RHHD-B0G1.bin 67566-67755
//odm/firmware/ufs/SAMSUNG-KLUEG8UHDC-B0E1.bin 67756-67876
//odm/firmware/ufs/SAMSUNG-KLUFG8RHDB-B0E1.bin 67877-67997
//odm/firmware/ufs/SAMSUNG-KLUFG8RHHD-B0G1.bin 67998-68187
//odm/framework/vendor.oplus.hardware.appradio-V1.0-java.jar 68188-68191
//odm/framework/vendor.oplus.hardware.charger-V1.0-java.jar 68192-68194
//odm/framework/vendor.oplus.hardware.felica-V1.0-java.jar 68196-68197
//odm/framework/vendor.oplus.hardware.ims-V1.0-java.jar 68199-68201
//odm/framework/vendor.oplus.hardware.orms-V1.0-java.jar 68203-68204
//odm/framework/vendor.oplus.hardware.radio-V1.0-java.jar 68206-68214
//odm/lib/aiboost/libQnnHtp.so 68218-68351
//odm/lib/aiboost/libQnnHtpPrepare.so 68352-69965
//odm/lib/aiboost/libQnnHtpV73Stub.so 69968-69996
//odm/lib/aiboost/libQnnSystem.so 69997-70018
//odm/lib/android.frameworks.bufferhub@1.0.so 70019-70032
//odm/lib/android.hardware.biometrics.common-V1-ndk.so 70033-70036
//odm/lib/android.hardware.biometrics.face-V1-ndk.so 70037-70048
//odm/lib/android.hardware.biometrics.fingerprint@2.1.so 70049-70067
//odm/lib/android.hardware.biometrics.fingerprint@2.2.so 70068-70084
//odm/lib/android.hardware.biometrics.fingerprint@2.3.so 70085-70095
//odm/lib/android.hardware.graphics.allocator@2.0.so 70096-70104
//odm/lib/android.hardware.graphics.allocator@3.0.so 70105-70113
//odm/lib/android.hardware.graphics.allocator@4.0.so 70114-70121
//odm/lib/android.hardware.media.c2@1.0.so 70122-70188
//odm/lib/android.hardware.nfc@1.0.so 70189-70204
//odm/lib/android.hardware.nfc@1.1.so 70205-70221
//odm/lib/android.hardware.nfc@1.2.so 70222-70233
//odm/lib/android.hardware.power.stats-V1-ndk.so 70234-70241
//odm/lib/android.hardware.secure_element@1.0-impl.so 70242-70247
//odm/lib/android.hardware.secure_element@1.0.so 70248-70264
//odm/lib/android.hardware.secure_element@1.1.so 70265-70280
//odm/lib/android.hardware.secure_element@1.2.so 70281-70291
//odm/lib/c2.dolby.avc.dec.so 70292-70309
//odm/lib/c2.dolby.avc.sec.dec.so 70310-70327
//odm/lib/c2.dolby.client.so 70328-70335
//odm/lib/c2.dolby.egl.so 70336-70337
//odm/lib/c2.dolby.hevc.dec.so 70338-70355
//odm/lib/c2.dolby.hevc.sec.dec.so 70356-70373
//odm/lib/c2.dolby.store.so 70374-70380
//odm/lib/camera/com.qti.sensor.imx581.so 70381-70383
//odm/lib/camera/com.qti.sensor.imx709.so 70384-70386
//odm/lib/camera/com.qti.sensor.imx800.so 70387-70389
//odm/lib/camera/com.qti.sensor.imx890.so 70390-70392
//odm/lib/camera/com.qti.sensor.s5k3p9.so 70393-70394
//odm/lib/camera/components/com.oplus.stats.aec.so 70395-70409
//odm/lib/camera/components/com.oplus.stats.af.so 70410-70420
//odm/lib/camera/components/com.oplus.stats.awb.so 70421-70431
//odm/lib/camera/components/com.oplus.stats.pdlib.so 70432-70437
//odm/lib/hw/audio.binaural_record.default.so 70438-70743
//odm/lib/hw/camera.oemlayer.so 70744-70789
//odm/lib/hw/vendor.oplus.hardware.binaural_record-impl.so 70790-70801
//odm/lib/hw/vendor.pixelworks.hardware.display@1.0-impl-1.2.so 70802-70805
//odm/lib/hw/vendor.qti.esepowermanager@1.1-impl.so 70806-70810
//odm/lib/jcos_nq_client.so 70811-70814
//odm/lib/lib-virtual-modem-protos.so 70815-70896
//odm/lib/lib2DSlender.so 70898-72482
//odm/lib/libAlgoInterface.so 72484-73852
//odm/lib/libAlgoProcess.so 73857-74103
//odm/lib/libAncFilter.so 74104-74105
//odm/lib/libAncHumVideoBase.so 74106
//odm/lib/libAncHumanDoubleExposure.so 74107-74109
//odm/lib/libAncHumanRetain.so 74110-74126
//odm/lib/libAncHumanSegFigureFusion.so 74127-74652
//odm/lib/libBokehPre.so 74653-74713
//odm/lib/libCOppLceTonemapAPI.so 74714-74721
//odm/lib/libDeVIS.so 74722-74741
//odm/lib/libEIS.so 74742-74787
//odm/lib/libFaceBeautyCap.so 74788-75176
//odm/lib/libFaceBeautyPre.so 75177-76785
//odm/lib/libFilterWrapper.so 76787
//odm/lib/libOGLManager.so 76788-76793
//odm/lib/libPerfectlyClearCruxOpt.so 76794-76996
//odm/lib/libPlatformValidatorShared.so 76997-77713
//odm/lib/libPolarrRender.so 77715-78936
//odm/lib/libPreviewDecisionOld.so 78939-80231
//odm/lib/libQnnHtp.so 80233-80368
//odm/lib/libQnnHtpPrepare.so 80369-81982
//odm/lib/libQnnHtpV69Stub.so 81985-82013
//odm/lib/libSNPE.so 82014-83009
//odm/lib/libSchedAssistExtImpl_vendor.so 83010-83014
//odm/lib/libSnpeCpu.so 83015-83334
//odm/lib/libSnpeGpu.so 83335-83601
//odm/lib/libSnpeHtpPrepare.so 83603-85217
//odm/lib/libSnpeHtpV73Stub.so 85220-85248
//odm/lib/libSuperTextWrapper.so 85249-85384
//odm/lib/libVDBayerHDR.so 85385-86042
//odm/lib/libVDBlurless.so 86045-86882
//odm/lib/libVDExternal.so 86883-86939
//odm/lib/libVDSuperPhotoAPI.so 86940-87579
//odm/lib/libVDUpScale.so 87580-87983
//odm/lib/libVideoEnhance.so 87984-88104
//odm/lib/libXDocProcessSDK.so 88105-88753
//odm/lib/libYTCommon.so 88754-88826
//odm/lib/lib_cryptoeng_api.so 88827
//odm/lib/lib_lvacfs.so 88828-88965
//odm/lib/lib_rectify.so 88966-89044
//odm/lib/libaiboost.so 89045-89828
//odm/lib/libaiboost_hexagon.so 89830-89839
//odm/lib/libaiboost_qnn_sr.so 89840-91496
//odm/lib/libaiboost_sr.so 91499-91518
//odm/lib/libaiboost_ubwc.so 91519-91520
//odm/lib/libaiseg.so 91521-91645
//odm/lib/libalCFR.so 91646-91699
//odm/lib/libancbase_rt_fusion.so 91700-95344
//odm/lib/libapsexif.so 95348-95371
//odm/lib/libapsjpeg.so 95372-95417
//odm/lib/libapspng.so 95418-95447
//odm/lib/libarcsoft_distortion_correction.so 95448-95770
//odm/lib/libarcsoft_hdr_denoise_api.so 95771-95850
//odm/lib/libarcsoft_high_dynamic_range.so 95851-96698
//odm/lib/libarcsoft_lensstaindetection.so 96700-97118
//odm/lib/libarcsoft_low_light_hdr.so 97119-99523
//odm/lib/libarcsoft_scbokeh_video.so 99526-99546
//odm/lib/libarcsoft_smart_denoise.so 99547-99562
//odm/lib/libavcodec.so 99563-101349
//odm/lib/libavformat.so 101352-101560
//odm/lib/libavutil.so 101561-101631
//odm/lib/libbinaural_record_session_aidl.so 101632-101645
//odm/lib/libc++_shared.so 101646-102115
//odm/lib/libc2ffmpegutils.so 102116-102118
//odm/lib/libc2filterplugin.so 102119-102136
//odm/lib/libcalculator.so 102137-102138
//odm/lib/libcalculator_htp.so 102139
//odm/lib/libchrome.so 102140-102277
//odm/lib/libcodec2_ffmpegdec_audio.so 102278-102285
//odm/lib/libcodec2_ffmpegdec_video.so 102286-102294
//odm/lib/libcodec2_oplus.so 102295-102300
//odm/lib/libcodec2_soft_common.so 102301-102316
//odm/lib/libcommcenterfw.so 102317-102323
//odm/lib/libcommcenterutils.so 102324
//odm/lib/libcustomer_halalgovisual.so 102325-102327
//odm/lib/libcvface_api.so 102328-113220
//odm/lib/libdapparamstorage_sp.so 113227-113229
//odm/lib/libdav1d.so.4 113230-113354
//odm/lib/libdeccfg_sp.so 113355-113360
//odm/lib/libdlbdsservice_sp.so 113361-113408
//odm/lib/libdlbpreg_sp.so 113409-113411
//odm/lib/libdmtp-protos-lite.so 113412-113415
//odm/lib/libdmtp.so 113416-113430
//odm/lib/libdmtpclient.so 113431-113443
//odm/lib/libdolbyottcameracontrol.so 113444-113710
//odm/lib/libdolbyvision.so 113711-113761
//odm/lib/libdpservice.so 113762-113765
//odm/lib/libeffect_custom.so 113766-114028
//odm/lib/libextensionlayer.so 114029-114201
//odm/lib/libffmpeg_omx.so 114203-114209
//odm/lib/libfido2_factory.so 114210
//odm/lib/libfido_factory.so 114211
//odm/lib/libhwconfigurationutil.so 114212-114226
//odm/lib/libhyperlapse.so 114227-114247
//odm/lib/libifaa_factory.so 114248
//odm/lib/libimgClarityEvaluate.so 114250-115122
//odm/lib/liblvacfs_wrapper.so 115125-115127
//odm/lib/libmedia_opluscodecserviceregistrant.so 115128
//odm/lib/libmindroid-app.so 115130-115131
//odm/lib/libmindroid-framework.so 115132-115279
//odm/lib/libmpbase.so 115280
//odm/lib/libnpu.so 115281-115552
//odm/lib/liboemcrypto.so 115553-115575
//odm/lib/libolc_vnd.so 115576-115577
//odm/lib/liboplus_service.so 115578-115580
//odm/lib/libormshalclient.so 115581-115582
//odm/lib/libosenseaidlhalclient.so 115583-115586
//odm/lib/libosie_process.so 115587-115602
//odm/lib/libosie_stub.so 115603-115604
//odm/lib/libpn553_fw.so 115605-115612
//odm/lib/libpn557_fw.so 115613-115620
//odm/lib/libpngwrapper.so 115621
//odm/lib/libpnscr2.so 115622-115652
//odm/lib/libpwirisIoctlWrapper.so 115653
//odm/lib/libpwirisPCS.so 115654-115688
//odm/lib/libpwiriscalibrate.so 115689-115709
//odm/lib/libpwirisfeature.so 115710-115711
//odm/lib/libpwirishalwrapper.so 115712-115724
//odm/lib/libpwirispq.so 115725-115826
//odm/lib/libpwirisservice.so 115827-115916
//odm/lib/libpwirissoft.so 115917-115936
//odm/lib/libpwsoftirisPCS.so 115938-115970
//odm/lib/libqsee_keybox_ca.so 115971-115979
//odm/lib/libqti-radio-service.so 115980-116047
//odm/lib/libqti-subsys-service.so 116048-116051
//odm/lib/libradio-service.so 116052-116125
//odm/lib/libradioapis.so 116126-116162
//odm/lib/libremosaic_wrapper.so 116163-116239
//odm/lib/librfapis.so 116240-116255
//odm/lib/librkp_factory_extraction_tool.so 116256-116314
//odm/lib/librpmbengclient.so 116315
//odm/lib/libsecurity_event_dcs.so 116316-116318
//odm/lib/libsfplugin_ccodec_utils.so 116319-116360
//odm/lib/libsharebuffer.so 116361
//odm/lib/libsharebuffer_impl.so 116363-116364
//odm/lib/libsn100u_fw.so 116365-116414
//odm/lib/libsn220u_fw.so 116416-116465
//odm/lib/libsnapdragoncolor-pxlw.so 116467-116520
//odm/lib/libsnpe_loader.so 116521-116526
//odm/lib/libspatializerparamstorage.so 116527-116529
//odm/lib/libstdc++.so 116530-116531
//odm/lib/libstface_fd_api.so 116532-125582
//odm/lib/libsubsys-service.so 125589-125593
//odm/lib/libsubsys-utils.so 125594-125595
//odm/lib/libswresample.so 125596-125608
//odm/lib/libswscale.so 125609-125674
//odm/lib/libtfa98xx.so 125675-125727
//odm/lib/libui.so 125728-125760
//odm/lib/ls_nq_client.so 125761-125766
//odm/lib/nfc_nci.nqx.default.hw.so 125767-125814
//odm/lib/rfsa/adsp/aiboost/libQnnHtpV73Skel.so 125815-126643
//odm/lib/rfsa/adsp/aiboost/libaiboostubwc_skel.so 126645-126659
//odm/lib/rfsa/adsp/capi_v3_oprec.so 126660-126668
//odm/lib/rfsa/adsp/libCalculator_skel.so 126669-126670
//odm/lib/rfsa/adsp/libQnnHtpV73.so 126671-128339
//odm/lib/rfsa/adsp/libQnnHtpV73Skel.so 128342-129170
//odm/lib/rfsa/adsp/libQnnSaver.so 129172-129210
//odm/lib/rfsa/adsp/libSnpeHtpV73Skel.so 129211-130040
//odm/lib/rfsa/adsp/libSuperRawPost_skel.so 130042-130059
//odm/lib/rfsa/adsp/libaiboost_skel.so 130060-130277
//odm/lib/rfsa/adsp/libaiboost_skel_v65.so 130278-130499
//odm/lib/rfsa/adsp/libaiboost_skel_v66.so 130500-130720
//odm/lib/rfsa/adsp/libaisr_skel.so 130721-130732
//odm/lib/rfsa/adsp/libarc_gk_pt_hvx_skel.so 130733-130741
//odm/lib/rfsa/adsp/libarc_htp_driver_skel.so 130742-130745
//odm/lib/rfsa/adsp/libc++.so.1 130746-131090
//odm/lib/rfsa/adsp/libc++abi.so.1 131091-131178
//odm/lib/rfsa/adsp/libcalculator_skel.so 131179-131180
//odm/lib/rfsa/adsp/libhvxFaceBeautyPre_skel.so 131181-131199
//odm/lib/rfsa/adsp/libktvdrc.so 131200-131202
//odm/lib/rfsa/adsp/libktveffect.so 131203-131236
//odm/lib/rfsa/adsp/libktveq.so 131237-131242
//odm/lib/rfsa/adsp/libktvns.so 131243-131248
//odm/lib/rfsa/adsp/libktvpitchshift.so 131249-131252
//odm/lib/rfsa/adsp/libktvreverb.so 131253-131256
//odm/lib/rfsa/adsp/libktvvolume.so 131257-131258
//odm/lib/rfsa/adsp/libtfadsp_sb4_0_rx.so 131259-131305
//odm/lib/rfsa/adsp/libtfadsp_sb4_0_tx.so 131307-131309
//odm/lib/rfsa/adsp/libvdblurless_5.0.2_skel.so 131310-131369
//odm/lib/rfsa/adsp/libvdsuperphoto_skel.so 131370-131422
//odm/lib/rfsa/adsp/nlc.so 131423-131429
//odm/lib/se_nq_extn_client.so 131430-131435
//odm/lib/soundfx/libdlbvol_sp.so 131436-131437
//odm/lib/soundfx/liboplusupmixeffect.so 131438-131440
//odm/lib/soundfx/libswdap_sp.so 131441-131807
//odm/lib/soundfx/libswgamedap_sp.so 131808-132169
//odm/lib/soundfx/libswspatializer.so 132170-132538
//odm/lib/vendor.dolby.dvs@1.0.so 132540-132550
//odm/lib/vendor.dolby_sp.hardware.dmssp@2.0-impl.so 132551-132554
//odm/lib/vendor.dolby_sp.hardware.dmssp@2.0.so 132555-132576
//odm/lib/vendor.nxp.hardware.nfc@1.0.so 132577-132585
//odm/lib/vendor.nxp.hardware.nfc@1.1.so 132586-132596
//odm/lib/vendor.nxp.hardware.nfc@2.0.so 132597-132608
//odm/lib/vendor.oplus.hardware.appradio@1.0.so 132609-132626
//odm/lib/vendor.oplus.hardware.binaural_record-V1-ndk.so 132627-132642
//odm/lib/vendor.oplus.hardware.biometrics.fingerprint@2.1.so 132643-132655
//odm/lib/vendor.oplus.hardware.biometrics.fingerprintpay-V1-ndk.so 132656-132659
//odm/lib/vendor.oplus.hardware.cameraextension@1.0-service-impl.so 132660-132664
//odm/lib/vendor.oplus.hardware.cammidasservice-V1-ndk.so 132665-132669
//odm/lib/vendor.oplus.hardware.charger-V1-ndk.so 132670-132679
//odm/lib/vendor.oplus.hardware.charger@1.0.so 132680-132704
//odm/lib/vendor.oplus.hardware.commondcs-V1-ndk.so 132705-132708
//odm/lib/vendor.oplus.hardware.communicationcenter-V1-ndk.so 132709-132718
//odm/lib/vendor.oplus.hardware.cryptoeng@1.0.so 132719-132725
//odm/lib/vendor.oplus.hardware.cwb@1.0.so 132726-132738
//odm/lib/vendor.oplus.hardware.displaypanelfeature@1.0.so 132739-132746
//odm/lib/vendor.oplus.hardware.engcamera@1.0.so 132747-132758
//odm/lib/vendor.oplus.hardware.engineer-V1-ndk.so 132759-132764
//odm/lib/vendor.oplus.hardware.esim-V1-ndk.so 132765-132768
//odm/lib/vendor.oplus.hardware.extcamera@1.0.so 132769-132779
//odm/lib/vendor.oplus.hardware.felica@1.0-impl.so 132780-132781
//odm/lib/vendor.oplus.hardware.felica@1.0.so 132782-132790
//odm/lib/vendor.oplus.hardware.fido.fido2ca-V1-ndk.so 132791-132793
//odm/lib/vendor.oplus.hardware.fido.fidoca-V1-ndk.so 132795-132797
//odm/lib/vendor.oplus.hardware.gameopt-V1-ndk.so 132798-132802
//odm/lib/vendor.oplus.hardware.handlefactory-V1-ndk.so 132803-132806
//odm/lib/vendor.oplus.hardware.ims@1.0.so 132807-132820
//odm/lib/vendor.oplus.hardware.misc-V1-ndk.so 132821-132824
//odm/lib/vendor.oplus.hardware.mmdisplayfeature@1.0.so 132825-132831
//odm/lib/vendor.oplus.hardware.nfc@1.0.so 132832-132838
//odm/lib/vendor.oplus.hardware.olc2-V1-ndk.so 132839-132843
//odm/lib/vendor.oplus.hardware.olc2-V1-ndk_platform.so 132844-132848
//odm/lib/vendor.oplus.hardware.oplusSensor-V1-ndk.so 132849-132852
//odm/lib/vendor.oplus.hardware.orms@1.0.so 132853-132860
//odm/lib/vendor.oplus.hardware.ormsHalService-V1-ndk.so 132861-132867
//odm/lib/vendor.oplus.hardware.osense.client-V1-ndk.so 132868-132872
//odm/lib/vendor.oplus.hardware.performance-V1-ndk.so 132873-132887
//odm/lib/vendor.oplus.hardware.power.powermonitor-V1-ndk.so 132888-132891
//odm/lib/vendor.oplus.hardware.radio@1.0.so 132892-132937
//odm/lib/vendor.oplus.hardware.rpmh-V1-ndk.so 132938-132941
//odm/lib/vendor.oplus.hardware.sendextcamcmd-V1-ndk.so 132942-132944
//odm/lib/vendor.oplus.hardware.sendextcamcmd-V1-service-impl.so 132945-132946
//odm/lib/vendor.oplus.hardware.stability.oplus_project-V1-ndk.so 132947-132951
//odm/lib/vendor.oplus.hardware.subsys-V1-ndk.so 132952-132957
//odm/lib/vendor.oplus.hardware.subsys_radio-V1-ndk.so 132958-132999
//odm/lib/vendor.oplus.hardware.touch-V1-ndk.so 133000-133002
//odm/lib/vendor.oplus.hardware.transfer-V1-ndk.so 133003-133006
//odm/lib/vendor.oplus.hardware.transmessage@1.0.so 133007-133014
//odm/lib/vendor.pixelworks.hardware.display@1.0.so 133015-133026
//odm/lib/vendor.pixelworks.hardware.display@1.1.so 133027-133049
//odm/lib/vendor.pixelworks.hardware.display@1.2.so 133050-133066
//odm/lib/vendor.pixelworks.hardware.feature@1.0.so 133067-133073
//odm/lib/vendor.pixelworks.hardware.feature@1.1.so 133074-133080
//odm/lib/vendor.qti.esepowermanager@1.0.so 133081-133091
//odm/lib/vendor.qti.esepowermanager@1.1.so 133092-133101
//odm/lib64/aiboost/libQnnHtp.so 133106-133299
//odm/lib64/aiboost/libQnnHtpPrepare.so 133300-135423
//odm/lib64/aiboost/libQnnHtpV73Stub.so 135427-135471
//odm/lib64/aiboost/libQnnSystem.so 135472-135506
//odm/lib64/android.frameworks.bufferhub@1.0.so 135507-135522
//odm/lib64/android.hardware.biometrics.common-V1-ndk.so 135523-135527
//odm/lib64/android.hardware.biometrics.face-V1-ndk.so 135528-135542
//odm/lib64/android.hardware.biometrics.fingerprint@2.1.so 135543-135564
//odm/lib64/android.hardware.biometrics.fingerprint@2.2.so 135565-135584
//odm/lib64/android.hardware.biometrics.fingerprint@2.3.so 135585-135597
//odm/lib64/android.hardware.graphics.allocator@2.0.so 135598-135609
//odm/lib64/android.hardware.graphics.allocator@3.0.so 135610-135621
//odm/lib64/android.hardware.graphics.allocator@4.0.so 135622-135633
//odm/lib64/android.hardware.media.c2@1.0.so 135634-135712
//odm/lib64/android.hardware.nfc@1.0.so 135713-135730
//odm/lib64/android.hardware.nfc@1.1.so 135731-135750
//odm/lib64/android.hardware.nfc@1.2.so 135751-135763
//odm/lib64/android.hardware.power.stats-V1-ndk.so 135764-135772
//odm/lib64/android.hardware.secure_element@1.0-impl.so 135773-135778
//odm/lib64/android.hardware.secure_element@1.0.so 135779-135798
//odm/lib64/android.hardware.secure_element@1.1.so 135799-135817
//odm/lib64/android.hardware.secure_element@1.2.so 135818-135830
//odm/lib64/c2.dolby.avc.dec.so 135831-135851
//odm/lib64/c2.dolby.avc.sec.dec.so 135852-135872
//odm/lib64/c2.dolby.client.so 135873-135882
//odm/lib64/c2.dolby.egl.so 135883-135884
//odm/lib64/c2.dolby.hevc.dec.so 135885-135905
//odm/lib64/c2.dolby.hevc.sec.dec.so 135906-135926
//odm/lib64/c2.dolby.store.so 135927-135934
//odm/lib64/camera/com.qti.sensor.imx581.so 135936-135939
//odm/lib64/camera/com.qti.sensor.imx709.so 135940-135943
//odm/lib64/camera/com.qti.sensor.imx800.so 135944-135947
//odm/lib64/camera/com.qti.sensor.imx890.so 135948-135951
//odm/lib64/camera/com.qti.sensor.s5k3p9.so 135952-135954
//odm/lib64/camera/com.qti.sensormodule.qtech_imx581.bin 135955-135965
//odm/lib64/camera/com.qti.sensormodule.qtech_imx709.bin 135966-135991
//odm/lib64/camera/com.qti.sensormodule.qtech_imx890.bin 135992-136018
//odm/lib64/camera/com.qti.sensormodule.sunny_s5k3p9.bin 136019-136036
//odm/lib64/camera/com.qti.tuned.qtech_imx581.bin 136037-136240
//odm/lib64/camera/com.qti.tuned.qtech_imx709.bin 136242-136425
//odm/lib64/camera/com.qti.tuned.qtech_imx890.bin 136427-136802
//odm/lib64/camera/com.qti.tuned.sunny_s5k3p9.bin 136805-136933
//odm/lib64/camera/components/com.oplus.node.preview.so 136934-136954
//odm/lib64/camera/components/com.oplus.node.sstabdefer.so 136955-137019
//odm/lib64/camera/components/com.oplus.node.sstabgme.so 137020-137076
//odm/lib64/camera/components/com.oplus.node.sstabphoto.so 137077-137136
//odm/lib64/camera/components/com.oplus.node.sstabrealt.so 137137-137193
//odm/lib64/camera/components/com.oplus.node.videoenhance.so 137194-137202
//odm/lib64/camera/components/com.oplus.stats.aec.so 137203-137221
//odm/lib64/camera/components/com.oplus.stats.af.so 137222-137234
//odm/lib64/camera/components/com.oplus.stats.awb.so 137235-137247
//odm/lib64/camera/components/com.oplus.stats.pdlib.so 137248-137255
//odm/lib64/camera/libaecCustomParam_Cam0.bin 137257-137277
//odm/lib64/camera/libaecCustomParam_Cam1.bin 137278-137285
//odm/lib64/camera/libaecCustomParam_Cam2.bin 137286-137296
//odm/lib64/camera/libaecCustomParam_Cam3.bin 137297-137307
//odm/lib64/camera/libafCustomParamFrontMain.bin 137308-137310
//odm/lib64/camera/libafCustomParamMain.bin 137311-137315
//odm/lib64/camera/libafCustomParamTele.bin 137316-137319
//odm/lib64/camera/libafCustomParamWide.bin 137320-137323
//odm/lib64/hw/audio.binaural_record.default.so 137325-137646
//odm/lib64/hw/camera.oemlayer.so 137647-137708
//odm/lib64/hw/vendor.oplus.hardware.binaural_record-impl.so 137709-137722
//odm/lib64/hw/vendor.pixelworks.hardware.display@1.0-impl-1.2.so 137723-137726
//odm/lib64/hw/vendor.qti.esepowermanager@1.1-impl.so 137727-137732
//odm/lib64/jcos_nq_client.so 137733-137736
//odm/lib64/lib-virtual-modem-protos.so 137737-137841
//odm/lib64/lib2DSlender.so 137842-139521
//odm/lib64/libAF.so 139523-139699
//odm/lib64/libAlgoInterface.so 139700-141381
//odm/lib64/libAlgoProcess.so 141386-141675
//odm/lib64/libAncFilter.so 141677
//odm/lib64/libAncHumVideoBase.so 141678
//odm/lib64/libAncHumanDoubleExposure.so 141679
//odm/lib64/libAncHumanRetain.so 141680-141696
//odm/lib64/libAncHumanSegFigureFusion.so 141697-142268
//odm/lib64/libAncSegBaseSdk.so 142269-142874
//odm/lib64/libAncSegMultiSdk.so 142876-143675
//odm/lib64/libAncSegmentSdk.so 143677-144076
//odm/lib64/libBokehPre.so 144077-144161
//odm/lib64/libCOppLceTonemapAPI.so 144162-144166
//odm/lib64/libCS.so 144167-144437
//odm/lib64/libCaptureBokeh.so 144439-144605
//odm/lib64/libCipCommon.so 144606-144607
//odm/lib64/libCipParamProcess.so 144608-144654
//odm/lib64/libCipParameter0.so 144655-146458
//odm/lib64/libCipParameter1.so 146477-147401
//odm/lib64/libCipParameter2.so 147413-148622
//odm/lib64/libCipParameter3.so 148636-149857
//odm/lib64/libCipParameter4.so 149871-150086
//odm/lib64/libCipParameter5.so 150089-150207
//odm/lib64/libCipParameter6.so 150210-150462
//odm/lib64/libCipo_awb.so 150469-150577
//odm/lib64/libDeVIS.so 150578-150598
//odm/lib64/libEIS.so 150599-150644
//odm/lib64/libFDClite.so 150645-152071
//odm/lib64/libFaceBeautyCap.so 152074-152486
//odm/lib64/libFaceBeautyJni.so 152487-152557
//odm/lib64/libFaceBeautyPICap.so 152558-153105
//odm/lib64/libFaceBeautyPre.so 153106-154757
//odm/lib64/libFaceDistortionCorrection.so 154759-156238
//odm/lib64/libFilterWrapper.so 156241
//odm/lib64/libHIS.so 156242-156385
//odm/lib64/libImageWarpMask.so 156386-156482
//odm/lib64/libOGLManager.so 156483-156488
//odm/lib64/libOPAlgoCamAIBeautyBodyDetection.so 156489-156538
//odm/lib64/libOPAlgoCamAiBeautyEyeRetouchCn.so 156539-156951
//odm/lib64/libOPAlgoCamAiBeautyFaceRetouchCn.so 156952-157249
//odm/lib64/libOPAlgoCamAiUnifySkin.so 157250-157545
//odm/lib64/libOPAlgoCamFaceBeautyCap.so 157546-158238
//odm/lib64/libOPAlgoCamSinglePortrait.so 158239-158569
//odm/lib64/libOPLUS_SCPortrait.so 158570-161782
//odm/lib64/libOplusPDCore.so 161785-161803
//odm/lib64/libPerfectColor.so 161804-161878
//odm/lib64/libPerfectlyClearCruxOpt.so 161879-162091
//odm/lib64/libPlatformValidatorShared.so 162092-162202
//odm/lib64/libPolarrRender.so 162203-163455
//odm/lib64/libPreviewDecisionOld.so 163458-165197
//odm/lib64/libQnnCpu.so 165200-165860
//odm/lib64/libQnnGpu.so 165861-166401
//odm/lib64/libQnnHtp.so 166402-166597
//odm/lib64/libQnnHtpPrepare.so 166598-168721
//odm/lib64/libQnnHtpV73CalculatorStub.so 168725
//odm/lib64/libQnnHtpV73Stub.so 168726-168770
//odm/lib64/libQnnSaver.so 168771-168904
//odm/lib64/libRedeyeReduce.so 168905-168932
//odm/lib64/libSNPE.so 168933-170310
//odm/lib64/libSchedAssistExtImpl_vendor.so 170313-170318
//odm/lib64/libSnpeCpu.so 170319-170801
//odm/lib64/libSnpeGpu.so 170802-171236
//odm/lib64/libSnpeHtpPrepare.so 171237-173358
//odm/lib64/libSnpeHtpV73Stub.so 173362-173406
//odm/lib64/libSuperRaw.so 173407-173464
//odm/lib64/libSuperTextWrapper.so 173465-173587
//odm/lib64/libSwYokinScale.so 173588
//odm/lib64/libVDBayerHDR.so 173589-173675
//odm/lib64/libVDBlurless.so 173676-174582
//odm/lib64/libVDExternal.so 174583-174648
//odm/lib64/libVDPostureDetection.so 174649-174737
//odm/lib64/libVDSuperPhotoAPI.so 174738-175410
//odm/lib64/libVDUpScale.so 175411-175774
//odm/lib64/libVideoEnhance.so 175775-175932
//odm/lib64/libWaterMark.so 175934-175981
//odm/lib64/libXDocProcessSDK.so 175982-176876
//odm/lib64/libYTCommon.so 176878-176981
//odm/lib64/lib_cryptoeng_api.so 176982
//odm/lib64/lib_lvacfs.so 176983-177229
//odm/lib64/lib_rectify.so 177230-177255
//odm/lib64/libaecCustom.so 177256-177342
//odm/lib64/libaecCustomParamParser.so 177343-177408
//odm/lib64/libafCustomParamParser.so 177409-177481
//odm/lib64/libaiboost.so 177482-178469
//odm/lib64/libaiboost_hexagon.so 178471-178480
//odm/lib64/libaiboost_qnn_sr.so 178481-180146
//odm/lib64/libaiboost_sr.so 180149-180176
//odm/lib64/libaiboost_te.so 180177-181420
//odm/lib64/libaiboost_ubwc.so 181423-181424
//odm/lib64/libaideblur.so 181425-184460
//odm/lib64/libaisal.so 184463-187074
//odm/lib64/libaisd.so 187077-188430
//odm/lib64/libaiseg.so 188433-188592
//odm/lib64/libaisr.so 188593-189727
//odm/lib64/libalCFR.so 189728-189775
//odm/lib64/libancbase_rt_fusion.so 189776-194121
//odm/lib64/libancbase_segbase.so 194126-197485
//odm/lib64/libancbase_segment.so 197489-202387
//odm/lib64/libancbase_segmulti.so 202393-207295
//odm/lib64/libapsexif.so 207301-207326
//odm/lib64/libapsjpeg.so 207327-207378
//odm/lib64/libapspng.so 207379-207416
//odm/lib64/libarcsoft_distortion_correction.so 207417-207759
//odm/lib64/libarcsoft_dual_sat.so 207760-207783
//odm/lib64/libarcsoft_dual_zoomtranslator.so 207784-207797
//odm/lib64/libarcsoft_dualcam_bokeh_api.so 207798-207825
//odm/lib64/libarcsoft_dualcam_refocus_left.so 207826-216983
//odm/lib64/libarcsoft_dualcam_refocus_preview.so 216990-217072
//odm/lib64/libarcsoft_dualcam_refocus_uw.so 217073-226230
//odm/lib64/libarcsoft_eis_wrapper.so 226237-226261
//odm/lib64/libarcsoft_hdr_denoise_api.so 226262-226389
//odm/lib64/libarcsoft_high_dynamic_range.so 226390-227063
//odm/lib64/libarcsoft_high_dynamic_range_couple_v4.so 227064-229155
//odm/lib64/libarcsoft_high_dynamic_range_v4.so 229158-230255
//odm/lib64/libarcsoft_lensstaindetection.so 230258-231534
//odm/lib64/libarcsoft_long_exposure_capture.so 231537-233767
//odm/lib64/libarcsoft_long_exposure_preview.so 233770-235957
//odm/lib64/libarcsoft_low_light_hdr.so 235960-237706
//odm/lib64/libarcsoft_mcxmflpolicy.so 237710-237716
//odm/lib64/libarcsoft_merge_hdr_denoise_api.so 237717-237951
//odm/lib64/libarcsoft_preview_antibanding.so 237952-237999
//odm/lib64/libarcsoft_qnnhtp.so 238000-238005
//odm/lib64/libarcsoft_scbokeh_video.so 238006
//odm/lib64/libarcsoft_smart_denoise.so 238007-238024
//odm/lib64/libarcsoft_smart_denoise_v4.so 238025-238042
//odm/lib64/libarcsoft_triple_sat.so 238043-238068
//odm/lib64/libarcsoft_triple_zoomtranslator.so 238069-238082
//odm/lib64/libarcsoft_turbo_fusion_raw_grf.so 238083-238105
//odm/lib64/libarcsoft_turbo_fusion_raw_portrait_super_night.so 238106-248677
//odm/lib64/libarcsoft_turbo_fusion_raw_super_night.so 248685-262309
//odm/lib64/libarcsoft_turbo_hdr_raw.so 262319-280326
//odm/lib64/libarcsoft_turbo_hdr_raw_front.so 280339-296990
//odm/lib64/libarcsoft_turbo_raw.so 297002-297026
//odm/lib64/libarcsoft_ultra_high_dynamic_range.so 297027-299223
//odm/lib64/libarcsoft_videoautozoom.so 299226-300806
//odm/lib64/libavcodec.so 300807-302454
//odm/lib64/libavformat.so 302457-302649
//odm/lib64/libavutil.so 302650-302710
//odm/lib64/libbinaural_record_session_aidl.so 302711-302726
//odm/lib64/libc++_shared.so 302727-303289
//odm/lib64/libc2ffmpegutils.so 303291-303293
//odm/lib64/libc2filterplugin.so 303294-303315
//odm/lib64/libcalculator.so 303316-303317
//odm/lib64/libcalculator_htp.so 303318
//odm/lib64/libchrome.so 303319-303487
//odm/lib64/libcodec2_ffmpegdec_audio.so 303488-303496
//odm/lib64/libcodec2_ffmpegdec_video.so 303497-303507
//odm/lib64/libcodec2_oplus.so 303508-303514
//odm/lib64/libcodec2_soft_ac4dec_sp.so 303515-303988
//odm/lib64/libcodec2_soft_common.so 303989-304007
//odm/lib64/libcodec2_soft_ddpdec_sp.so 304008-304477
//odm/lib64/libcodec2_store_dolby_sp.so 304478-304485
//odm/lib64/libcommcenterfw.so 304486-304494
//odm/lib64/libcommcenterutils.so 304495
//odm/lib64/libcreatebin.so 304496-304534
//odm/lib64/libcustomer_halalgovisual.so 304535-304537
//odm/lib64/libcvface_api.so 304538-316954
//odm/lib64/libdapparamstorage_sp.so 316962-316964
//odm/lib64/libdav1d.so.4 316965-317087
//odm/lib64/libdeccfg_sp.so 317088-317094
//odm/lib64/libdlbdsservice_sp.so 317095-317152
//odm/lib64/libdlbpreg_sp.so 317153-317155
//odm/lib64/libdmtp-protos-lite.so 317156-317160
//odm/lib64/libdmtp.so 317161-317179
//odm/lib64/libdmtpclient.so 317180-317195
//odm/lib64/libdolbyottcameracontrol.so 317196-317490
//odm/lib64/libdolbyvision.so 317491-317548
//odm/lib64/libdpservice.so 317549-317552
//odm/lib64/libdualcam_optical_zoom_control.so 317553-317583
//odm/lib64/libdualcam_video_optical_zoom.so 317584-317707
//odm/lib64/libeffect_custom.so 317708-317994
//odm/lib64/libextensionlayer.so 317995-318211
//odm/lib64/libfido2_factory.so 318212
//odm/lib64/libfido_factory.so 318213
//odm/lib64/libhwconfigurationutil.so 318214-318232
//odm/lib64/libhyperlapse.so 318233-318263
//odm/lib64/libiceainr.so 318264-318865
//odm/lib64/libifaa_factory.so 318866-318867
//odm/lib64/libimgClarityEvaluate.so 318868-319553
//odm/lib64/liblvacfs_wrapper.so 319556-319558
//odm/lib64/libmedia_opluscodecserviceregistrant.so 319559-319560
//odm/lib64/libmindroid-app.so 319561-319562
//odm/lib64/libmindroid-framework.so 319563-319748
//odm/lib64/libml_util.so 319749-319781
//odm/lib64/libmpbase.so 319782
//odm/lib64/libnpu.so 319783-320220
//odm/lib64/liboemcrypto.so 320221-320246
//odm/lib64/libolc_vnd.so 320247-320248
//odm/lib64/liboplus_service.so 320249-320251
//odm/lib64/liboplusblur_capture_api.so 320252-321300
//odm/lib64/liboptical_zoom_dc.so 321302-321358
//odm/lib64/liboptical_zoom_vs.so 321359-321402
//odm/lib64/libormshalclient.so 321403-321405
//odm/lib64/libosenseaidlhalclient.so 321406-321409
//odm/lib64/libosie_process.so 321410-321427
//odm/lib64/libosie_stub.so 321428-321429
//odm/lib64/libpngwrapper.so 321430-321431
//odm/lib64/libpnscr2.so 321432-321460
//odm/lib64/libportrait_repair_ppl3_ocl.so 321461-325035
//odm/lib64/libpwirisIoctlWrapper.so 325039
//odm/lib64/libpwirisPCS.so 325040-325087
//odm/lib64/libpwiriscalibrate.so 325088-325110
//odm/lib64/libpwirisfeature.so 325111-325112
//odm/lib64/libpwirishalwrapper.so 325113-325127
//odm/lib64/libpwirispq.so 325128-325230
//odm/lib64/libpwirisservice.so 325231-325340
//odm/lib64/libpwirissoft.so 325341-325362
//odm/lib64/libpwsoftirisPCS.so 325363-325407
//odm/lib64/libqsee_keybox_ca.so 325408-325418
//odm/lib64/libqti-radio-service.so 325419-325512
//odm/lib64/libqti-subsys-service.so 325513-325516
//odm/lib64/libradio-service.so 325517-325617
//odm/lib64/libradioapis.so 325618-325659
//odm/lib64/libremosaic_wrapper.so 325660-325765
//odm/lib64/libremosaiclib_s5k3p9.so 325766-325981
//odm/lib64/libremosaiclib_s5kjn1.so 325982-326407
//odm/lib64/librfapis.so 326408-326425
//odm/lib64/librkp_factory_extraction_tool.so 326426-326499
//odm/lib64/librmsclib1.so 326500-327580
//odm/lib64/librpmbengclient.so 327582
//odm/lib64/libsaveshaderbin.so 327583-327631
//odm/lib64/libsdk_sr.so 327632-331332
//odm/lib64/libsecurity_event_dcs.so 331337-331340
//odm/lib64/libsfplugin_ccodec_utils.so 331341-331390
//odm/lib64/libsharebuffer.so 331391-331392
//odm/lib64/libsharebuffer_impl.so 331393-331394
//odm/lib64/libsnapdragoncolor-pxlw.so 331395-331456
//odm/lib64/libsnpe_loader.so 331457-331497
//odm/lib64/libsnpeml.so 331498-331588
//odm/lib64/libspatializerparamstorage.so 331589-331591
//odm/lib64/libstdc++.so 331592-331593
//odm/lib64/libstface_fd_api.so 331594-340993
//odm/lib64/libstfaceunlockocl.so 341001-350426
//odm/lib64/libstfd_mobile_api.so 350435-355348
//odm/lib64/libsubsys-service.so 355354-355358
//odm/lib64/libsubsys-utils.so 355359-355360
//odm/lib64/libswresample.so 355361-355372
//odm/lib64/libswscale.so 355373-355441
//odm/lib64/libtfa98xx.so 355442-355504
//odm/lib64/libtriplecam_optical_zoom_control.so 355505-355539
//odm/lib64/libtriplecam_video_optical_zoom.so 355540-355668
//odm/lib64/libui.so 355669-355706
//odm/lib64/libwatermark_photo.so 355707-355741
//odm/lib64/libwrapper_te.so 355742-355898
//odm/lib64/libyuv2.so 355899-355940
//odm/lib64/ls_nq_client.so 355941-355947
//odm/lib64/nfc_nci.nqx.default.hw.so 355948-356001
//odm/lib64/se_nq_extn_client.so 356002-356008
//odm/lib64/soundfx/libdlbvol_sp.so 356009-356010
//odm/lib64/soundfx/liboplusupmixeffect.so 356011-356014
//odm/lib64/soundfx/libswdap_sp.so 356015-356393
//odm/lib64/soundfx/libswgamedap_sp.so 356394-356766
//odm/lib64/soundfx/libswspatializer.so 356767-357148
//odm/lib64/sr_models.bin 357149-372443
//odm/lib64/vendor.dolby.dvs@1.0.so 372453-372465
//odm/lib64/vendor.dolby_sp.hardware.dmssp@2.0-impl.so 372466-372470
//odm/lib64/vendor.dolby_sp.hardware.dmssp@2.0.so 372471-372496
//odm/lib64/vendor.nxp.hardware.nfc@1.0.so 372497-372507
//odm/lib64/vendor.nxp.hardware.nfc@1.1.so 372508-372520
//odm/lib64/vendor.nxp.hardware.nfc@2.0.so 372521-372533
//odm/lib64/vendor.oplus.hardware.appradio@1.0.so 372534-372554
//odm/lib64/vendor.oplus.hardware.binaural_record-V1-ndk.so 372555-372573
//odm/lib64/vendor.oplus.hardware.biometrics.fingerprint@2.1.so 372574-372588
//odm/lib64/vendor.oplus.hardware.biometrics.fingerprintpay-V1-ndk.so 372589-372592
//odm/lib64/vendor.oplus.hardware.cameraextension@1.0-service-impl.so 372593-372598
//odm/lib64/vendor.oplus.hardware.cammidasservice-V1-ndk.so 372599-372604
//odm/lib64/vendor.oplus.hardware.charger-V1-ndk.so 372605-372615
//odm/lib64/vendor.oplus.hardware.charger@1.0.so 372616-372643
//odm/lib64/vendor.oplus.hardware.commondcs-V1-ndk.so 372644-372647
//odm/lib64/vendor.oplus.hardware.communicationcenter-V1-ndk.so 372648-372659
//odm/lib64/vendor.oplus.hardware.cryptoeng@1.0.so 372660-372667
//odm/lib64/vendor.oplus.hardware.cwb@1.0.so 372668-372682
//odm/lib64/vendor.oplus.hardware.displaypanelfeature@1.0.so 372683-372691
//odm/lib64/vendor.oplus.hardware.engcamera@1.0.so 372692-372705
//odm/lib64/vendor.oplus.hardware.engineer-V1-ndk.so 372706-372712
//odm/lib64/vendor.oplus.hardware.esim-V1-ndk.so 372713-372717
//odm/lib64/vendor.oplus.hardware.extcamera@1.0.so 372718-372730
//odm/lib64/vendor.oplus.hardware.felica@1.0-impl.so 372731-372732
//odm/lib64/vendor.oplus.hardware.felica@1.0.so 372733-372742
//odm/lib64/vendor.oplus.hardware.fido.fido2ca-V1-ndk.so 372743-372746
//odm/lib64/vendor.oplus.hardware.fido.fidoca-V1-ndk.so 372747-372750
//odm/lib64/vendor.oplus.hardware.gameopt-V1-ndk.so 372751-372755
//odm/lib64/vendor.oplus.hardware.handlefactory-V1-ndk.so 372756-372759
//odm/lib64/vendor.oplus.hardware.ims@1.0.so 372760-372776
//odm/lib64/vendor.oplus.hardware.misc-V1-ndk.so 372777-372780
//odm/lib64/vendor.oplus.hardware.mmdisplayfeature@1.0.so 372781-372788
//odm/lib64/vendor.oplus.hardware.nfc@1.0.so 372789-372796
//odm/lib64/vendor.oplus.hardware.olc2-V1-ndk.so 372797-372802
//odm/lib64/vendor.oplus.hardware.olc2-V1-ndk_platform.so 372803-372808
//odm/lib64/vendor.oplus.hardware.oplusSensor-V1-ndk.so 372809-372813
//odm/lib64/vendor.oplus.hardware.orms@1.0.so 372814-372822
//odm/lib64/vendor.oplus.hardware.ormsHalService-V1-ndk.so 372823-372829
//odm/lib64/vendor.oplus.hardware.osense.client-V1-ndk.so 372830-372834
//odm/lib64/vendor.oplus.hardware.performance-V1-ndk.so 372835-372851
//odm/lib64/vendor.oplus.hardware.power.powermonitor-V1-ndk.so 372852-372855
//odm/lib64/vendor.oplus.hardware.radio@1.0.so 372856-372908
//odm/lib64/vendor.oplus.hardware.rpmh-V1-ndk.so 372909-372913
//odm/lib64/vendor.oplus.hardware.sendextcamcmd-V1-ndk.so 372914-372917
//odm/lib64/vendor.oplus.hardware.sendextcamcmd-V1-service-impl.so 372918-372919
//odm/lib64/vendor.oplus.hardware.stability.oplus_project-V1-ndk.so 372920-372925
//odm/lib64/vendor.oplus.hardware.subsys-V1-ndk.so 372926-372932
//odm/lib64/vendor.oplus.hardware.subsys_radio-V1-ndk.so 372933-372979
//odm/lib64/vendor.oplus.hardware.touch-V1-ndk.so 372980-372983
//odm/lib64/vendor.oplus.hardware.transfer-V1-ndk.so 372984-372988
//odm/lib64/vendor.oplus.hardware.transmessage@1.0.so 372989-372998
//odm/lib64/vendor.pixelworks.hardware.display@1.0.so 372999-373012
//odm/lib64/vendor.pixelworks.hardware.display@1.1.so 373013-373038
//odm/lib64/vendor.pixelworks.hardware.display@1.2.so 373039-373057
//odm/lib64/vendor.pixelworks.hardware.feature@1.0.so 373058-373065
//odm/lib64/vendor.pixelworks.hardware.feature@1.1.so 373066-373073
//odm/lib64/vendor.qti.esepowermanager@1.0.so 373074-373085
//odm/lib64/vendor.qti.esepowermanager@1.1.so 373086-373097
//odm/overlay/CarrierConfigOverlay.22861.apk 373098-373099
//odm/overlay/android_framework_res_overlay.display.product.22861.apk 373100-373101
//odm/overlay/framework_res_overlay.network.22861.apk 373102-373103
//odm/overlay/oplus_framework_res_overlay.display.product.22861.apk 373104-373107
//odm/vendor/etc/wifi/WCNSS_qcom_cfg.ini 373108-373109
//odm/vendor/etc/wifi/WCNSS_qcom_cfg_cmcc.ini 373110-373112
//odm/vendor/etc/wifi/WCNSS_qcom_cfg_roam.ini 373113-373115
//odm/vendor/firmware/alipay.b01 373117-373125
//odm/vendor/firmware/alipay.b06 373127-373128
//odm/vendor/firmware/alipay.b08 373129
//odm/vendor/firmware/alipay.mdt 373130
//odm/vendor/firmware/cryptoeng.b01 373131-373223
//odm/vendor/firmware/cryptoeng.b03 373225-373226
//odm/vendor/firmware/cryptoeng.b04 373227-373231
//odm/vendor/firmware/cryptoeng.b06 373232-373243
//odm/vendor/firmware/cryptoeng.b07 373244-373245
//odm/vendor/firmware/cryptoeng.b08 373246
//odm/vendor/firmware/cryptoeng.mdt 373247
//odm/vendor/firmware/facereg.b01 373248-373257
//odm/vendor/firmware/facereg.b04 373258
//odm/vendor/firmware/facereg.b06 373259-373260
//odm/vendor/firmware/facereg.b08 373262
//odm/vendor/firmware/facereg.mdt 373263
//odm/vendor/firmware/fidoctap.b01 373264-373303
//odm/vendor/firmware/fidoctap.b04 373304
//odm/vendor/firmware/fidoctap.b06 373305-373309
//odm/vendor/firmware/fidoctap.b08 373311
//odm/vendor/firmware/fidoctap.mdt 373312
//odm/vendor/firmware/fidotap.b01 373313-373337
//odm/vendor/firmware/fidotap.b04 373339
//odm/vendor/firmware/fidotap.b06 373340-373342
//odm/vendor/firmware/fidotap.b08 373343
//odm/vendor/firmware/fidotap.mdt 373344
//odm/vendor/firmware/uff_gx.b01 373345-375018
//odm/vendor/firmware/uff_gx.b04 375021-375575
//odm/vendor/firmware/uff_gx.b06 375577-375618
//odm/vendor/firmware/uff_gx.b08 375620
//odm/vendor/firmware/uff_gx.mdt 375621
//odm/vendor/firmware/uff_spi.b01 375622-375630
//odm/vendor/firmware/uff_spi.b04 375631
//odm/vendor/firmware/uff_spi.b06 375632-375633
//odm/vendor/firmware/uff_spi.b08 375634
//odm/vendor/firmware/uff_spi.mdt 375635
