/product/app/ConfURIDialer/ConfURIDialer.apk 1-6
/product/app/ConfURIDialer/oat/arm64/ConfURIDialer.odex 7
/product/app/com.google.android.modulemetadata/com.google.android.modulemetadata.apk 8-27
/product/app/com.google.mainline.adservices/com.google.mainline.adservices.apk 28-46
/product/app/com.google.mainline.telemetry/com.google.mainline.telemetry.apk 47-65
/product/app/remoteSimLockAuthentication/remoteSimLockAuthentication.apk 66-67
/product/app/remotesimlockservice/oat/arm64/remotesimlockservice.odex 69
/product/app/remotesimlockservice/remotesimlockservice.apk 70-73
/product/app/uimgbaservice/oat/arm64/uimgbaservice.odex 74
/product/app/uimgbaservice/uimgbaservice.apk 75-78
/product/app/uimlpaservice/oat/arm64/uimlpaservice.odex 79
/product/app/uimlpaservice/uimlpaservice.apk 81-110
/product/app/uimremoteclient/oat/arm64/uimremoteclient.odex 111
/product/app/uimremoteclient/uimremoteclient.apk 113-131
/product/app/uimremoteserver/oat/arm64/uimremoteserver.odex 132
/product/app/uimremoteserver/uimremoteserver.apk 133-149
/product/bin/init.oplus.nandswap.sh 150
/product/bin/nandswap_tool 152-154
/product/bin/qvirtmgr 155-160
/product/etc/NOTICE.xml.gz 161-216
/product/etc/apns-conf.xml 217-260
/product/etc/init/init.oplus.nandswap.rc 262
/product/etc/libnfc-nci.conf 263
/product/etc/permissions/privapp-permissions-oplus.xml 266-267
/product/etc/selinux/product_sepolicy.cil 274-279
/product/etc/selinux/product_sepolicy_debug.cil 280-285
/product/etc/sysconfig/preinstalled-packages-platform-overlays.xml 289
/product/framework/com.qti.snapdragon.sdk.display.jar 290-297
/product/framework/ims-ext-common.jar 298-316
/product/framework/oat/arm/com.qti.snapdragon.sdk.display.odex 318
/product/framework/oat/arm/ims-ext-common.odex 319
/product/framework/oat/arm/qti-telephony-hidl-wrapper-prd.odex 321
/product/framework/oat/arm/remotesimlockmanagerlibrary.odex 322
/product/framework/oat/arm/uimgbalibrary.odex 323
/product/framework/oat/arm/uimgbamanagerlibrary.odex 324
/product/framework/oat/arm/uimlpalibrary.odex 325
/product/framework/oat/arm/uimremoteclientlibrary.odex 326
/product/framework/oat/arm/uimremoteserverlibrary.odex 327
/product/framework/oat/arm/uimremotesimlocklibrary.odex 328
/product/framework/oat/arm64/com.qti.snapdragon.sdk.display.odex 329
/product/framework/oat/arm64/ims-ext-common.odex 331
/product/framework/oat/arm64/qti-telephony-hidl-wrapper-prd.odex 332
/product/framework/oat/arm64/remotesimlockmanagerlibrary.odex 334
/product/framework/oat/arm64/uimgbalibrary.odex 335
/product/framework/oat/arm64/uimgbamanagerlibrary.odex 336
/product/framework/oat/arm64/uimlpalibrary.odex 337
/product/framework/oat/arm64/uimremoteclientlibrary.odex 338
/product/framework/oat/arm64/uimremoteserverlibrary.odex 339
/product/framework/oat/arm64/uimremotesimlocklibrary.odex 340
/product/framework/qti-telephony-hidl-wrapper-prd.jar 341-345
/product/framework/remotesimlockmanagerlibrary.jar 346-347
/product/framework/uimgbalibrary.jar 348-349
/product/framework/uimgbamanagerlibrary.jar 350
/product/framework/uimlpalibrary.jar 352-355
/product/framework/uimremoteclientlibrary.jar 356-357
/product/framework/uimremoteserverlibrary.jar 358-359
/product/framework/uimremotesimlocklibrary.jar 360-361
/product/framework/uimservicelibrary.jar 362-375
/product/lib/libjni_aidl_service.so 376
/product/lib64/libjni_aidl_service.so 377
/product/lib64/libjni_eglfence.so 378
/product/lib64/libjni_filtershow_filters.so 379-384
/product/lib64/libjni_jpegstream.so 385-452
/product/lib64/libjni_jpegutil.so 453-494
/product/lib64/libjni_latinime.so 495-625
/product/lib64/libjni_tinyplanet.so 627
/product/media/audio/ui/Camera_Timer.ogg 628-629
/product/media/audio/ui/Camera_Timer_2sec.ogg 630-646
/product/media/audio/ui/Dock.ogg 647
/product/media/audio/ui/Effect_Tick.ogg 648
/product/media/audio/ui/InCallNotification.ogg 649
/product/media/audio/ui/KeypressDelete.ogg 651
/product/media/audio/ui/KeypressInvalid.ogg 652
/product/media/audio/ui/KeypressReturn.ogg 654
/product/media/audio/ui/KeypressSpacebar.ogg 655
/product/media/audio/ui/KeypressStandard.ogg 656
/product/media/audio/ui/Lock.ogg 657
/product/media/audio/ui/LowBattery.ogg 659-660
/product/media/audio/ui/Screenshots.ogg 662-663
/product/media/audio/ui/Undock.ogg 664-668
/product/media/audio/ui/Unlock.ogg 670
/product/media/audio/ui/VideoRecord.ogg 672-674
/product/media/audio/ui/camera_click.ogg 675-676
/product/media/audio/ui/camera_click_start.ogg 677-678
/product/media/audio/ui/camera_click_stop.ogg 679-680
/product/media/audio/ui/camera_focus.ogg 681
/product/media/audio/ui/camera_shutter.ogg 683-685
/product/media/audio/ui/charging.ogg 686-687
/product/overlay/CaptivePortalLoginFrameworkOverlay.apk 689-690
/product/overlay/CarrierConfigResCommon_Sys.apk 691-697
/product/overlay/CellBroadcastReceiverResCommon_Sys.apk 698-699
/product/overlay/DisplayCutoutEmulationCorner/DisplayCutoutEmulationCornerOverlay.apk 700-701
/product/overlay/DisplayCutoutEmulationDouble/DisplayCutoutEmulationDoubleOverlay.apk 702-703
/product/overlay/DisplayCutoutEmulationHole/DisplayCutoutEmulationHoleOverlay.apk 704-705
/product/overlay/DisplayCutoutEmulationTall/DisplayCutoutEmulationTallOverlay.apk 706-707
/product/overlay/DisplayCutoutEmulationWaterfall/DisplayCutoutEmulationWaterfallOverlay.apk 708-709
/product/overlay/FontNotoSerifSource/FontNotoSerifSourceOverlay.apk 710-711
/product/overlay/FrameworksResCommon_Sys.apk 712-714
/product/overlay/GoogleDocumentsUIOverlay.apk 715-716
/product/overlay/GoogleExtServicesConfigOverlay.apk 717-718
/product/overlay/GooglePermissionControllerFrameworkOverlay.apk 719-720
/product/overlay/GooglePermissionControllerOverlay.apk 721-722
/product/overlay/ModuleMetadataGoogleOverlay.apk 723-724
/product/overlay/NavigationBarMode3Button/NavigationBarMode3ButtonOverlay.apk 725-726
/product/overlay/NavigationBarModeGestural/NavigationBarModeGesturalOverlay.apk 727-728
/product/overlay/NavigationBarModeGesturalExtraWideBack/NavigationBarModeGesturalOverlayExtraWideBack.apk 729-730
/product/overlay/NavigationBarModeGesturalNarrowBack/NavigationBarModeGesturalOverlayNarrowBack.apk 731-732
/product/overlay/NavigationBarModeGesturalWideBack/NavigationBarModeGesturalOverlayWideBack.apk 733-734
/product/overlay/OplusCarrierConfig.apk 735-762
/product/overlay/SettingsResCommon_Sys.apk 763-764
/product/overlay/SystemUIResCommon_Sys.apk 765-766
/product/overlay/TelecommResCommon_Sys.apk 767-768
/product/overlay/TelephonyResCommon_Sys.apk 769-770
/product/overlay/TransparentNavigationBar/TransparentNavigationBarOverlay.apk 771-772
/product/overlay/WifiResCommon_Sys.apk 773-774
