/product/app/WallpaperPicker/WallpaperPicker.apk 1-46
/product/app/WallpaperPicker/oat/arm64/WallpaperPicker.odex 47
/product/app/WallpaperPicker/oat/arm64/WallpaperPicker.vdex 48
/product/app/com.google.android.modulemetadata/com.google.android.modulemetadata.apk 49-330
/product/app/com.google.mainline.adservices/com.google.mainline.adservices.apk 331-612
/product/app/com.google.mainline.telemetry/com.google.mainline.telemetry.apk 614-894
/product/bin/init.oplus.nandswap.sh 895-896
/product/bin/nandswap_tool 897-899
/product/etc/NOTICE.xml.gz 900-923
/product/etc/init/init.oplus.nandswap.rc 925
/product/etc/permissions/privapp-permissions-oplus.xml 927-928
/product/etc/sysconfig/google.xml 931
/product/etc/sysconfig/preinstalled-packages-platform-overlays.xml 933
/product/lib64/libjni_eglfence.so 935
/product/lib64/libjni_filtershow_filters.so 936-944
/product/lib64/libjni_jpegstream.so 945-1022
/product/lib64/libjni_jpegutil.so 1023-1068
/product/lib64/libjni_latinime.so 1069-1187
/product/lib64/libjni_tinyplanet.so 1188
/product/media/audio/ui/Camera_Timer.ogg 1189-1190
/product/media/audio/ui/Camera_Timer_2sec.ogg 1191-1207
/product/media/audio/ui/Dock.ogg 1208
/product/media/audio/ui/Effect_Tick.ogg 1210
/product/media/audio/ui/InCallNotification.ogg 1211
/product/media/audio/ui/KeypressDelete.ogg 1213
/product/media/audio/ui/KeypressInvalid.ogg 1214
/product/media/audio/ui/KeypressReturn.ogg 1216
/product/media/audio/ui/KeypressSpacebar.ogg 1217
/product/media/audio/ui/KeypressStandard.ogg 1218
/product/media/audio/ui/Lock.ogg 1219
/product/media/audio/ui/LowBattery.ogg 1221-1222
/product/media/audio/ui/Screenshots.ogg 1223-1224
/product/media/audio/ui/Undock.ogg 1225-1229
/product/media/audio/ui/Unlock.ogg 1231
/product/media/audio/ui/VideoRecord.ogg 1233-1235
/product/media/audio/ui/camera_click.ogg 1236-1237
/product/media/audio/ui/camera_click_start.ogg 1238-1239
/product/media/audio/ui/camera_click_stop.ogg 1240-1241
/product/media/audio/ui/camera_focus.ogg 1242
/product/media/audio/ui/camera_shutter.ogg 1244-1246
/product/media/audio/ui/charging.ogg 1247-1248
/product/overlay/CaptivePortalLoginFrameworkOverlay.apk 1250-1251
/product/overlay/DisplayCutoutEmulationCorner/DisplayCutoutEmulationCornerOverlay.apk 1252-1253
/product/overlay/DisplayCutoutEmulationDouble/DisplayCutoutEmulationDoubleOverlay.apk 1254-1255
/product/overlay/DisplayCutoutEmulationHole/DisplayCutoutEmulationHoleOverlay.apk 1256-1257
/product/overlay/DisplayCutoutEmulationTall/DisplayCutoutEmulationTallOverlay.apk 1258-1259
/product/overlay/DisplayCutoutEmulationWaterfall/DisplayCutoutEmulationWaterfallOverlay.apk 1260-1261
/product/overlay/FontNotoSerifSource/FontNotoSerifSourceOverlay.apk 1262-1263
/product/overlay/GoogleDocumentsUIOverlay.apk 1264-1265
/product/overlay/GoogleExtServicesConfigOverlay.apk 1266-1267
/product/overlay/GooglePermissionControllerFrameworkOverlay.apk 1268-1269
/product/overlay/GooglePermissionControllerOverlay.apk 1270-1271
/product/overlay/ModuleMetadataGoogleOverlay.apk 1272-1273
/product/overlay/NavigationBarMode3Button/NavigationBarMode3ButtonOverlay.apk 1274-1275
/product/overlay/NavigationBarModeGestural/NavigationBarModeGesturalOverlay.apk 1276-1277
/product/overlay/NavigationBarModeGesturalExtraWideBack/NavigationBarModeGesturalOverlayExtraWideBack.apk 1278-1279
/product/overlay/NavigationBarModeGesturalNarrowBack/NavigationBarModeGesturalOverlayNarrowBack.apk 1280-1281
/product/overlay/NavigationBarModeGesturalWideBack/NavigationBarModeGesturalOverlayWideBack.apk 1282-1283
/product/overlay/NotesRoleEnabled/NotesRoleEnabledOverlay.apk 1284-1285
/product/overlay/OplusCarrierConfig.apk 1286-1318
/product/overlay/TransparentNavigationBar/TransparentNavigationBarOverlay.apk 1319-1320
/product/overlay/WifiSystemResMainlineOverlay/WifiSystemResMainlineOverlay.apk 1321-1322
/product/overlay/WifiSystemResOverlay/WifiSystemResOverlay.apk 1323-1324
/product/overlay/framework-res__auto_generated_rro_product.apk 1325-1328
