/system_ext/apex/com.android.vndk.v30.apex 1-12995
/system_ext/apex/com.android.vndk.v31.apex 13010-18750
/system_ext/app/Athena/Athena.apk 18757-19739
/system_ext/app/Athena/oat/arm/Athena.odex 19740-19745
/system_ext/app/Athena/oat/arm/Athena.vdex 19746-19763
/system_ext/app/Athena/oat/arm64/Athena.odex 19764-19769
/system_ext/app/Athena/oat/arm64/Athena.vdex 19770-19787
/system_ext/app/BTtestmode/BTtestmode.apk 19788-19793
/system_ext/app/Battery/Battery.apk 19794-23401
/system_ext/app/Battery/oat/arm64/Battery.odex 23405-23413
/system_ext/app/Battery/oat/arm64/Battery.vdex 23414-23443
/system_ext/app/CertInstaller/CertInstaller.apk 23444-23769
/system_ext/app/CertInstaller/oat/arm64/CertInstaller.odex 23771-23772
/system_ext/app/CertInstaller/oat/arm64/CertInstaller.vdex 23773-23778
/system_ext/app/CrashBox/CrashBox.apk 23779-24452
/system_ext/app/CrashBox/oat/arm64/CrashBox.odex 24453-24457
/system_ext/app/CrashBox/oat/arm64/CrashBox.vdex 24458-24470
/system_ext/app/DebugLoggerUI/DebugLoggerUI.apk 24471-24579
/system_ext/app/DebugLoggerUI/oat/arm64/DebugLoggerUI.odex 24581
/system_ext/app/DebugLoggerUI/oat/arm64/DebugLoggerUI.vdex 24582
/system_ext/app/EidService/EidService.apk 24584-24586
/system_ext/app/FidoAsm/FidoAsm.apk 24587-24638
/system_ext/app/FidoAsm/oat/arm64/FidoAsm.odex 24639
/system_ext/app/FidoAsm/oat/arm64/FidoAsm.vdex 24640
/system_ext/app/HTMLViewer/HTMLViewer.apk 24642-25880
/system_ext/app/HTMLViewer/oat/arm64/HTMLViewer.odex 25882-25886
/system_ext/app/HTMLViewer/oat/arm64/HTMLViewer.vdex 25887-25903
/system_ext/app/HealthService/HealthService.apk 25904-25981
/system_ext/app/HealthService/oat/arm/HealthService.odex 25982-25983
/system_ext/app/HealthService/oat/arm/HealthService.vdex 25984-25986
/system_ext/app/HealthService/oat/arm64/HealthService.odex 25987-25988
/system_ext/app/HealthService/oat/arm64/HealthService.vdex 25989-25991
/system_ext/app/KeyChain/KeyChain.apk 25992-26018
/system_ext/app/KeyChain/oat/arm64/KeyChain.odex 26019
/system_ext/app/LFEHer/LFEHer.apk 26021-26070
/system_ext/app/LFEHer/oat/arm64/LFEHer.odex 26071
/system_ext/app/LFEHer/oat/arm64/LFEHer.vdex 26072
/system_ext/app/LogKit/LogKit.apk 26073-28913
/system_ext/app/LogKit/oat/arm64/LogKit.odex 28917-28929
/system_ext/app/LogKit/oat/arm64/LogKit.vdex 28930-28969
/system_ext/app/NetworkAssistSys/NetworkAssistSys.apk 28970-30691
/system_ext/app/NetworkAssistSys/oat/arm64/NetworkAssistSys.odex 30694-30699
/system_ext/app/NetworkAssistSys/oat/arm64/NetworkAssistSys.vdex 30700-30718
/system_ext/app/NetworkHealthService/NetworkHealthService.apk 30719-31056
/system_ext/app/NetworkHealthService/oat/arm64/NetworkHealthService.odex 31057-31059
/system_ext/app/NetworkHealthService/oat/arm64/NetworkHealthService.vdex 31060-31065
/system_ext/app/NfcNci/NfcNci.apk 31066-32868
/system_ext/app/NfcNci/oat/arm64/NfcNci.odex 32871-32878
/system_ext/app/NfcNci/oat/arm64/NfcNci.vdex 32879-32905
/system_ext/app/NotificationCenter/NotificationCenter.apk 32906-34656
/system_ext/app/NotificationCenter/oat/arm64/NotificationCenter.odex 34659-34665
/system_ext/app/NotificationCenter/oat/arm64/NotificationCenter.vdex 34666-34687
/system_ext/app/OP08Ims/OP08Ims.apk 34688-34694
/system_ext/app/OP08Wos/OP08Wos.apk 34695-34702
/system_ext/app/OTA/OTA.apk 34703-36478
/system_ext/app/OTrace/OTrace.apk 36481-36787
/system_ext/app/OTrace/oat/arm64/OTrace.odex 36788-36790
/system_ext/app/OTrace/oat/arm64/OTrace.vdex 36791-36798
/system_ext/app/Olc/Olc.apk 36799-38403
/system_ext/app/Olc/oat/arm64/Olc.odex 38406-38412
/system_ext/app/Olc/oat/arm64/Olc.vdex 38413-38432
/system_ext/app/OplusAtlasService/OplusAtlasService.apk 38433-38508
/system_ext/app/OplusAtlasService/oat/arm64/OplusAtlasService.odex 38509
/system_ext/app/OplusAtlasService/oat/arm64/OplusAtlasService.vdex 38510
/system_ext/app/OplusEngineerCamera/OplusEngineerCamera.apk 38512-44275
/system_ext/app/OplusEngineerCamera/oat/arm64/OplusEngineerCamera.odex 44282-44285
/system_ext/app/OplusEngineerCamera/oat/arm64/OplusEngineerCamera.vdex 44286-44297
/system_ext/app/OplusEngineerMode/OplusEngineerMode.apk 44298-52200
/system_ext/app/OplusEngineerMode/oat/arm64/OplusEngineerMode.odex 52207-52219
/system_ext/app/OplusEngineerMode/oat/arm64/OplusEngineerMode.vdex 52220-52265
/system_ext/app/OplusEngineerNetwork/OplusEngineerNetwork.apk 52266-53028
/system_ext/app/OplusEngineerNetwork/oat/arm64/OplusEngineerNetwork.odex 53029-53032
/system_ext/app/OplusEngineerNetwork/oat/arm64/OplusEngineerNetwork.vdex 53033-53045
/system_ext/app/OplusExServiceUI/OplusExServiceUI.apk 53046-54068
/system_ext/app/OplusExServiceUI/oat/arm64/OplusExServiceUI.odex 54069-54072
/system_ext/app/OplusExServiceUI/oat/arm64/OplusExServiceUI.vdex 54073-54084
/system_ext/app/OplusEyeProtect/OplusEyeProtect.apk 54085-54967
/system_ext/app/OplusEyeProtect/oat/arm64/OplusEyeProtect.odex 54969-54972
/system_ext/app/OplusEyeProtect/oat/arm64/OplusEyeProtect.vdex 54973-54984
/system_ext/app/OplusGestureUI/OplusGestureUI.apk 54985-60838
/system_ext/app/OplusGestureUI/oat/arm64/OplusGestureUI.odex 60843-60848
/system_ext/app/OplusGestureUI/oat/arm64/OplusGestureUI.vdex 60849-60867
/system_ext/app/OplusLocationService/OplusLocationService.apk 60868-60892
/system_ext/app/OplusLocationService/oat/arm64/OplusLocationService.odex 60893
/system_ext/app/OplusMultiApp/OplusMultiApp.apk 60894-61931
/system_ext/app/OplusMultiApp/oat/arm64/OplusMultiApp.odex 61933-61937
/system_ext/app/OplusMultiApp/oat/arm64/OplusMultiApp.vdex 61938-61951
/system_ext/app/OplusQualityProtect/OplusQualityProtect.apk 61952-62093
/system_ext/app/OplusQualityProtect/oat/arm64/OplusQualityProtect.odex 62094-62095
/system_ext/app/OplusQualityProtect/oat/arm64/OplusQualityProtect.vdex 62096-62099
/system_ext/app/PostmanService/PostmanService.apk 62100-65671
/system_ext/app/PostmanService/oat/arm64/PostmanService.odex 65676-65688
/system_ext/app/PostmanService/oat/arm64/PostmanService.vdex 65689-65728
/system_ext/app/PowerMonitor/PowerMonitor.apk 65729-66052
/system_ext/app/PowerMonitor/oat/arm64/PowerMonitor.odex 66053-66055
/system_ext/app/PowerMonitor/oat/arm64/PowerMonitor.vdex 66056-66061
/system_ext/app/PrintSpooler/PrintSpooler.apk 66062-67281
/system_ext/app/PrintSpooler/oat/arm64/PrintSpooler.odex 67284-67287
/system_ext/app/PrintSpooler/oat/arm64/PrintSpooler.vdex 67288-67300
/system_ext/app/SAUHelper/SAUHelper.apk 67301-67307
/system_ext/app/SAUHelper/oat/arm64/SAUHelper.odex 67308
/system_ext/app/SafeCenter/SafeCenter.apk 67309-69725
/system_ext/app/SafeCenter/oat/arm64/SafeCenter.odex 69728-69734
/system_ext/app/SafeCenter/oat/arm64/SafeCenter.vdex 69735-69757
/system_ext/app/SecureElement/SecureElement.apk 69758-69846
/system_ext/app/SecureElement/oat/arm64/SecureElement.odex 69847
/system_ext/app/SecureElement/oat/arm64/SecureElement.vdex 69848
/system_ext/app/SecurityPermission/SecurityPermission.apk 69849-71860
/system_ext/app/SecurityPermission/oat/arm64/SecurityPermission.odex 71863-71868
/system_ext/app/SecurityPermission/oat/arm64/SecurityPermission.vdex 71869-71888
/system_ext/app/Stk/Stk.apk 71889-72989
/system_ext/app/Stk/oat/arm64/Stk.odex 72991-72995
/system_ext/app/Stk/oat/arm64/Stk.vdex 72996-73011
/system_ext/app/SubsystemApp/SubsystemApp.apk 73012-73019
/system_ext/app/SubsystemApp/oat/arm64/SubsystemApp.odex 73020
/system_ext/app/SystemAppUpdateService/SystemAppUpdateService.apk 73021-74347
/system_ext/app/SystemAppUpdateService/oat/arm64/SystemAppUpdateService.odex 74350-74355
/system_ext/app/SystemAppUpdateService/oat/arm64/SystemAppUpdateService.vdex 74356-74375
/system_ext/app/UAFClient/UAFClient.apk 74376-74444
/system_ext/app/UXDesign/UXDesign.apk 74445-77022
/system_ext/app/UXDesign/oat/arm64/UXDesign.odex 77026-77033
/system_ext/app/UXDesign/oat/arm64/UXDesign.vdex 77034-77059
/system_ext/app/WallpaperChooser/WallpaperChooser.apk 77060-90416
/system_ext/app/WallpaperChooser/oat/arm64/WallpaperChooser.odex 90425-90434
/system_ext/app/WallpaperChooser/oat/arm64/WallpaperChooser.vdex 90435-90468
/system_ext/bin/CLGen 90469-90472
/system_ext/bin/PmicHistoryClear 90473-90474
/system_ext/bin/aee 90475-90477
/system_ext/bin/aee_aed 90478-90518
/system_ext/bin/aee_aed64 90519-90560
/system_ext/bin/aee_aed64_v2 90561-90606
/system_ext/bin/aee_core_forwarder 90607-90610
/system_ext/bin/aee_core_forwarder_v2 90611-90614
/system_ext/bin/aee_dumpstate 90615-90629
/system_ext/bin/aee_dumpstate_v2 90630-90646
/system_ext/bin/aee_v2 90647-90649
/system_ext/bin/aeedb 90650-90651
/system_ext/bin/aeedb_v2 90652-90653
/system_ext/bin/asserttip 90654-91830
/system_ext/bin/atlasservice 91831
/system_ext/bin/autochmod.sh 91833-91839
/system_ext/bin/bspFwUpdate 91840-91844
/system_ext/bin/bsp_kevent 91845-91847
/system_ext/bin/common_dcs 91848
/system_ext/bin/cotad 91849-91902
/system_ext/bin/criticallog 91903-91910
/system_ext/bin/datafree 91911-91912
/system_ext/bin/debuglog_atomic.sh 91913
/system_ext/bin/debuglog_common.sh 91914-91915
/system_ext/bin/do_replace_splash_logo.sh 91917
/system_ext/bin/emdlogger 91918-91973
/system_ext/bin/extractCurrentUefiLog 91974-91975
/system_ext/bin/hans 91977-91980
/system_ext/bin/hephaestus 91981-91983
/system_ext/bin/horae 91984-92051
/system_ext/bin/init.sys.oplus.bt.debug.sh 92052
/system_ext/bin/init.sys.oplus.wifi.RusUpgrade.sh 92053-92054
/system_ext/bin/init.sys.oplus.wifi.debug.sh 92055
/system_ext/bin/iopgp 92056-92142
/system_ext/bin/iopgp.cmd.compiler 92143-92430
/system_ext/bin/mdlogger 92431-92450
/system_ext/bin/midasd 92452-93129
/system_ext/bin/mkntfs 93130-93143
/system_ext/bin/mlogd 93144-93145
/system_ext/bin/mmlistservice 93146
/system_ext/bin/ntfs-3g 93147-93211
/system_ext/bin/ntfsfix 93212-93242
/system_ext/bin/ofm-service 93243-93244
/system_ext/bin/oifaceoplusonly 93245-93370
/system_ext/bin/oldc 93372
/system_ext/bin/onbootlog 93373-93375
/system_ext/bin/ood 93376-93383
/system_ext/bin/oplus_app_data 93384-93388
/system_ext/bin/oplus_defrag 93389-93397
/system_ext/bin/oplus_dump_netcfg 93398-93400
/system_ext/bin/oplus_fulldump 93401
/system_ext/bin/oplus_kevent 93402-93406
/system_ext/bin/oplus_last_boot_reason 93407-93409
/system_ext/bin/oplus_log_olc.sh 93410
/system_ext/bin/oplus_system_debug 93411-93412
/system_ext/bin/oplus_theia 93413-93432
/system_ext/bin/osvelte 93433-93440
/system_ext/bin/phoenix_log_manager 93441-93443
/system_ext/bin/phoenix_log_native_helper.sh 93444-93445
/system_ext/bin/rad 93446-93449
/system_ext/bin/resize_ext4 93450
/system_ext/bin/rtt 93452
/system_ext/bin/rtt_v2 93453
/system_ext/bin/shutdown_log_back 93454-93456
/system_ext/bin/shutdown_log_native_helper.sh 93457
/system_ext/bin/touchLogkit 93458-93459
/system_ext/bin/trace 93460-93617
/system_ext/bin/transfer_log.sh 93618-93621
/system_ext/bin/upgradebeta.sh 93622
/system_ext/etc/Multimedia_Daemon_List.xml 93625-93629
/system_ext/etc/NOTICE.xml.gz 93630-93666
/system_ext/etc/app_launch_opt_list.xml 93667-93671
/system_ext/etc/audio_policy_configuration.xml 93672
/system_ext/etc/audio_policy_configuration_bluetooth_legacy_hal.xml 93673
/system_ext/etc/audio_policy_engine_default_stream_volumes.xml 93675
/system_ext/etc/audio_policy_engine_product_strategies.xml 93676
/system_ext/etc/audio_policy_engine_stream_volumes.xml 93677
/system_ext/etc/audio_policy_volumes.xml 93678
/system_ext/etc/build.prop 93680
/system_ext/etc/criticallog_config.xml 93681-93683
/system_ext/etc/data_normalization_configs.xml 93685
/system_ext/etc/default_volume_tables.xml 93686
/system_ext/etc/display_brightness_config_common.xml 93687-93688
/system_ext/etc/display_brightness_config_default.xml 93689-93722
/system_ext/etc/engineermode/engineer_order_list.xml 93723
/system_ext/etc/engineermode/sys_secrecy_switch_list.xml 93724
/system_ext/etc/fonts_base.xml 93725-93727
/system_ext/etc/hidden_api_exemptions 93728-93730
/system_ext/etc/horae/horae_MT6765.conf 93732-93733
/system_ext/etc/horae/horae_MT6779.conf 93736-93738
/system_ext/etc/horae/horae_MT6785.conf 93740
/system_ext/etc/horae/horae_MT6833.conf 93743-93754
/system_ext/etc/horae/horae_MT6853.conf 93756-93759
/system_ext/etc/horae/horae_MT6877.conf 93762-93766
/system_ext/etc/horae/horae_MT6885.conf 93768-93769
/system_ext/etc/horae/horae_MT6891.conf 93770-93775
/system_ext/etc/horae/horae_MT6895.conf 93776-93779
/system_ext/etc/horae/horae_MT6983.conf 93780-93781
/system_ext/etc/horae/horae_MT6985.conf 93783-93784
/system_ext/etc/horae/horae_SM4350.conf 93786-93788
/system_ext/etc/horae/horae_SM6115.conf 93789-93790
/system_ext/etc/horae/horae_SM6225.conf 93791-93793
/system_ext/etc/horae/horae_SM6375.conf 93794-93804
/system_ext/etc/horae/horae_SM7125.conf 93805-93807
/system_ext/etc/horae/horae_SM7225.conf 93809-93810
/system_ext/etc/horae/horae_SM7250.conf 93811-93814
/system_ext/etc/horae/horae_SM7325.conf 93816-93821
/system_ext/etc/horae/horae_SM7450.conf 93823
/system_ext/etc/horae/horae_SM8150.conf 93825
/system_ext/etc/horae/horae_SM8250.conf 93826-93835
/system_ext/etc/horae/horae_SM8350.conf 93837-93843
/system_ext/etc/horae/horae_SM8450.conf 93845-93846
/system_ext/etc/horae/horae_SM8475.conf 93847-93851
/system_ext/etc/horae/horae_SM8550.conf 93852-93853
/system_ext/etc/init/debuglog_common.rc 93856
/system_ext/etc/init/debuglog_manager.rc 93857
/system_ext/etc/init/hw/init.aee.rc 93859
/system_ext/etc/init/hw/meta_init.system.rc 93860-93861
/system_ext/etc/init/hw/vendor_init_as_system.rc 93862
/system_ext/etc/init/init.oplus.debug.rc 93863-93864
/system_ext/etc/init/init.oplus.rootdir.rc 93865-93867
/system_ext/etc/init/init.sys.oplus.connectivity.rc 93868
/system_ext/etc/media/quickboot/boot_bat_temp_low.png 93878-93885
/system_ext/etc/media/quickboot/boot_black_picture.png 93886
/system_ext/etc/media/quickboot/boot_charger_01.png 93887-93888
/system_ext/etc/media/quickboot/boot_charger_02.png 93889-93890
/system_ext/etc/media/quickboot/boot_charger_03.png 93891-93892
/system_ext/etc/media/quickboot/boot_charger_04.png 93893-93894
/system_ext/etc/media/quickboot/boot_charger_05.png 93895-93896
/system_ext/etc/media/quickboot/boot_charger_06.png 93897-93898
/system_ext/etc/media/quickboot/boot_charger_07.png 93899-93900
/system_ext/etc/media/quickboot/boot_charger_08.png 93901-93903
/system_ext/etc/media/quickboot/boot_charger_09.png 93904-93906
/system_ext/etc/media/quickboot/boot_charger_10.png 93907-93909
/system_ext/etc/media/quickboot/boot_charger_100.png 93910-93912
/system_ext/etc/media/quickboot/boot_charger_11.png 93913-93915
/system_ext/etc/media/quickboot/boot_charger_12.png 93916-93918
/system_ext/etc/media/quickboot/boot_charger_13.png 93919-93921
/system_ext/etc/media/quickboot/boot_charger_14.png 93922-93924
/system_ext/etc/media/quickboot/boot_charger_15.png 93925-93927
/system_ext/etc/media/quickboot/boot_charger_16.png 93928-93930
/system_ext/etc/media/quickboot/boot_charger_17.png 93931-93933
/system_ext/etc/media/quickboot/boot_charger_18.png 93934-93936
/system_ext/etc/media/quickboot/boot_charger_19.png 93937-93939
/system_ext/etc/media/quickboot/boot_charger_20.png 93940-93942
/system_ext/etc/media/quickboot/boot_charger_21.png 93943-93945
/system_ext/etc/media/quickboot/boot_charger_22.png 93946-93948
/system_ext/etc/media/quickboot/boot_charger_23.png 93949-93951
/system_ext/etc/media/quickboot/boot_charger_24.png 93952-93954
/system_ext/etc/media/quickboot/boot_charger_25.png 93955-93957
/system_ext/etc/media/quickboot/boot_charger_battery_untouch.png 93958-93964
/system_ext/etc/media/quickboot/boot_charger_deviated_CN.png 93965-93983
/system_ext/etc/media/quickboot/boot_charger_deviated_US.png 93984-94001
/system_ext/etc/media/quickboot/boot_charger_empty.png 94002-94003
/system_ext/etc/media/quickboot/boot_charger_f_s_v_01.png 94004-94009
/system_ext/etc/media/quickboot/boot_charger_f_s_v_02.png 94010-94015
/system_ext/etc/media/quickboot/boot_charger_f_s_v_03.png 94016-94021
/system_ext/etc/media/quickboot/boot_charger_f_s_v_04.png 94022-94028
/system_ext/etc/media/quickboot/boot_charger_f_s_v_05.png 94029-94035
/system_ext/etc/media/quickboot/boot_charger_f_s_v_06.png 94036-94042
/system_ext/etc/media/quickboot/boot_charger_f_s_v_07.png 94043-94049
/system_ext/etc/media/quickboot/boot_charger_f_s_v_08.png 94050-94056
/system_ext/etc/media/quickboot/boot_charger_f_s_v_09.png 94057-94063
/system_ext/etc/media/quickboot/boot_charger_f_s_v_10.png 94064-94071
/system_ext/etc/media/quickboot/boot_charger_f_s_v_11.png 94072-94079
/system_ext/etc/media/quickboot/boot_charger_f_s_v_12.png 94080-94087
/system_ext/etc/media/quickboot/boot_charger_f_s_v_13.png 94088-94095
/system_ext/etc/media/quickboot/boot_charger_f_s_v_14.png 94096-94103
/system_ext/etc/media/quickboot/boot_charger_f_s_v_15.png 94104-94111
/system_ext/etc/media/quickboot/boot_charger_f_s_v_16.png 94112-94119
/system_ext/etc/media/quickboot/boot_charger_f_s_v_17.png 94120-94127
/system_ext/etc/media/quickboot/boot_charger_f_s_v_18.png 94128-94135
/system_ext/etc/media/quickboot/boot_charger_f_s_v_19.png 94136-94143
/system_ext/etc/media/quickboot/boot_charger_f_s_v_20.png 94145-94153
/system_ext/etc/media/quickboot/boot_charger_f_s_v_21.png 94154-94162
/system_ext/etc/media/quickboot/boot_charger_f_s_v_22.png 94163-94171
/system_ext/etc/media/quickboot/boot_charger_f_s_v_23.png 94172-94180
/system_ext/etc/media/quickboot/boot_charger_f_s_v_24.png 94181-94189
/system_ext/etc/media/quickboot/boot_charger_f_s_v_25.png 94190-94198
/system_ext/etc/media/quickboot/boot_charger_f_s_v_empty.png 94199-94204
/system_ext/etc/media/quickboot/boot_charger_f_v_01.png 94205-94210
/system_ext/etc/media/quickboot/boot_charger_f_v_02.png 94211-94216
/system_ext/etc/media/quickboot/boot_charger_f_v_03.png 94217-94222
/system_ext/etc/media/quickboot/boot_charger_f_v_04.png 94223-94229
/system_ext/etc/media/quickboot/boot_charger_f_v_05.png 94230-94236
/system_ext/etc/media/quickboot/boot_charger_f_v_06.png 94237-94243
/system_ext/etc/media/quickboot/boot_charger_f_v_07.png 94244-94250
/system_ext/etc/media/quickboot/boot_charger_f_v_08.png 94251-94257
/system_ext/etc/media/quickboot/boot_charger_f_v_09.png 94258-94264
/system_ext/etc/media/quickboot/boot_charger_f_v_10.png 94265-94271
/system_ext/etc/media/quickboot/boot_charger_f_v_11.png 94272-94278
/system_ext/etc/media/quickboot/boot_charger_f_v_12.png 94279-94285
/system_ext/etc/media/quickboot/boot_charger_f_v_13.png 94286-94292
/system_ext/etc/media/quickboot/boot_charger_f_v_14.png 94293-94299
/system_ext/etc/media/quickboot/boot_charger_f_v_15.png 94300-94306
/system_ext/etc/media/quickboot/boot_charger_f_v_16.png 94307-94314
/system_ext/etc/media/quickboot/boot_charger_f_v_17.png 94315-94322
/system_ext/etc/media/quickboot/boot_charger_f_v_18.png 94323-94330
/system_ext/etc/media/quickboot/boot_charger_f_v_19.png 94331-94338
/system_ext/etc/media/quickboot/boot_charger_f_v_20.png 94339-94346
/system_ext/etc/media/quickboot/boot_charger_f_v_21.png 94347-94354
/system_ext/etc/media/quickboot/boot_charger_f_v_22.png 94355-94362
/system_ext/etc/media/quickboot/boot_charger_f_v_23.png 94363-94370
/system_ext/etc/media/quickboot/boot_charger_f_v_24.png 94371-94378
/system_ext/etc/media/quickboot/boot_charger_f_v_25.png 94379-94386
/system_ext/etc/media/quickboot/boot_charger_f_v_empty.png 94387-94392
/system_ext/etc/media/quickboot/boot_charger_full.png 94393-94395
/system_ext/etc/media/quickboot/boot_charger_full_thirdbat.png 94396-94403
/system_ext/etc/media/quickboot/boot_charger_s_01.png 94408-94410
/system_ext/etc/media/quickboot/boot_charger_s_02.png 94411-94413
/system_ext/etc/media/quickboot/boot_charger_s_03.png 94414-94416
/system_ext/etc/media/quickboot/boot_charger_s_04.png 94417-94419
/system_ext/etc/media/quickboot/boot_charger_s_05.png 94420-94422
/system_ext/etc/media/quickboot/boot_charger_s_06.png 94423-94425
/system_ext/etc/media/quickboot/boot_charger_s_07.png 94426-94428
/system_ext/etc/media/quickboot/boot_charger_s_08.png 94429-94431
/system_ext/etc/media/quickboot/boot_charger_s_09.png 94432-94434
/system_ext/etc/media/quickboot/boot_charger_s_10.png 94435-94437
/system_ext/etc/media/quickboot/boot_charger_s_11.png 94438-94440
/system_ext/etc/media/quickboot/boot_charger_s_12.png 94441-94443
/system_ext/etc/media/quickboot/boot_charger_s_13.png 94444-94446
/system_ext/etc/media/quickboot/boot_charger_s_14.png 94447-94449
/system_ext/etc/media/quickboot/boot_charger_s_15.png 94450-94452
/system_ext/etc/media/quickboot/boot_charger_s_16.png 94453-94455
/system_ext/etc/media/quickboot/boot_charger_s_17.png 94456-94458
/system_ext/etc/media/quickboot/boot_charger_s_18.png 94459-94461
/system_ext/etc/media/quickboot/boot_charger_s_19.png 94462-94464
/system_ext/etc/media/quickboot/boot_charger_s_20.png 94465-94467
/system_ext/etc/media/quickboot/boot_charger_s_21.png 94468-94470
/system_ext/etc/media/quickboot/boot_charger_s_22.png 94471-94473
/system_ext/etc/media/quickboot/boot_charger_s_23.png 94474-94476
/system_ext/etc/media/quickboot/boot_charger_s_24.png 94477-94479
/system_ext/etc/media/quickboot/boot_charger_s_25.png 94480-94482
/system_ext/etc/media/quickboot/boot_charger_s_empty.png 94483-94485
/system_ext/etc/media/quickboot/boot_charger_s_v_01.png 94486-94488
/system_ext/etc/media/quickboot/boot_charger_s_v_02.png 94489-94491
/system_ext/etc/media/quickboot/boot_charger_s_v_03.png 94492-94494
/system_ext/etc/media/quickboot/boot_charger_s_v_04.png 94495-94497
/system_ext/etc/media/quickboot/boot_charger_s_v_05.png 94498-94500
/system_ext/etc/media/quickboot/boot_charger_s_v_06.png 94501-94503
/system_ext/etc/media/quickboot/boot_charger_s_v_07.png 94504-94506
/system_ext/etc/media/quickboot/boot_charger_s_v_08.png 94507-94509
/system_ext/etc/media/quickboot/boot_charger_s_v_09.png 94511-94513
/system_ext/etc/media/quickboot/boot_charger_s_v_10.png 94514-94516
/system_ext/etc/media/quickboot/boot_charger_s_v_11.png 94517-94519
/system_ext/etc/media/quickboot/boot_charger_s_v_12.png 94520-94522
/system_ext/etc/media/quickboot/boot_charger_s_v_13.png 94523-94525
/system_ext/etc/media/quickboot/boot_charger_s_v_14.png 94526-94528
/system_ext/etc/media/quickboot/boot_charger_s_v_15.png 94529-94531
/system_ext/etc/media/quickboot/boot_charger_s_v_16.png 94532-94534
/system_ext/etc/media/quickboot/boot_charger_s_v_17.png 94535-94537
/system_ext/etc/media/quickboot/boot_charger_s_v_18.png 94538-94540
/system_ext/etc/media/quickboot/boot_charger_s_v_19.png 94541-94543
/system_ext/etc/media/quickboot/boot_charger_s_v_20.png 94544-94546
/system_ext/etc/media/quickboot/boot_charger_s_v_21.png 94547-94549
/system_ext/etc/media/quickboot/boot_charger_s_v_22.png 94550-94552
/system_ext/etc/media/quickboot/boot_charger_s_v_23.png 94553-94555
/system_ext/etc/media/quickboot/boot_charger_s_v_24.png 94556-94558
/system_ext/etc/media/quickboot/boot_charger_s_v_25.png 94559-94561
/system_ext/etc/media/quickboot/boot_charger_s_v_2_01.png 94562-94564
/system_ext/etc/media/quickboot/boot_charger_s_v_2_02.png 94565-94567
/system_ext/etc/media/quickboot/boot_charger_s_v_2_03.png 94568-94570
/system_ext/etc/media/quickboot/boot_charger_s_v_2_04.png 94571-94573
/system_ext/etc/media/quickboot/boot_charger_s_v_2_05.png 94574-94576
/system_ext/etc/media/quickboot/boot_charger_s_v_2_06.png 94577-94579
/system_ext/etc/media/quickboot/boot_charger_s_v_2_07.png 94580-94582
/system_ext/etc/media/quickboot/boot_charger_s_v_2_08.png 94583-94585
/system_ext/etc/media/quickboot/boot_charger_s_v_2_09.png 94586-94588
/system_ext/etc/media/quickboot/boot_charger_s_v_2_10.png 94589-94591
/system_ext/etc/media/quickboot/boot_charger_s_v_2_100.png 94592-94597
/system_ext/etc/media/quickboot/boot_charger_s_v_2_11.png 94598-94600
/system_ext/etc/media/quickboot/boot_charger_s_v_2_12.png 94601-94603
/system_ext/etc/media/quickboot/boot_charger_s_v_2_13.png 94604-94606
/system_ext/etc/media/quickboot/boot_charger_s_v_2_14.png 94607-94609
/system_ext/etc/media/quickboot/boot_charger_s_v_2_15.png 94610-94612
/system_ext/etc/media/quickboot/boot_charger_s_v_2_16.png 94613-94615
/system_ext/etc/media/quickboot/boot_charger_s_v_2_17.png 94616-94618
/system_ext/etc/media/quickboot/boot_charger_s_v_2_18.png 94619-94621
/system_ext/etc/media/quickboot/boot_charger_s_v_2_19.png 94622-94624
/system_ext/etc/media/quickboot/boot_charger_s_v_2_20.png 94625-94627
/system_ext/etc/media/quickboot/boot_charger_s_v_2_21.png 94628-94630
/system_ext/etc/media/quickboot/boot_charger_s_v_2_22.png 94631-94633
/system_ext/etc/media/quickboot/boot_charger_s_v_2_23.png 94634-94636
/system_ext/etc/media/quickboot/boot_charger_s_v_2_24.png 94637-94639
/system_ext/etc/media/quickboot/boot_charger_s_v_2_25.png 94641-94643
/system_ext/etc/media/quickboot/boot_charger_s_v_2_empty.png 94644-94646
/system_ext/etc/media/quickboot/boot_charger_s_v_empty.png 94647-94649
/system_ext/etc/media/quickboot/boot_charger_unknown.png 94650-94651
/system_ext/etc/media/quickboot/boot_charger_vol_high.png 94652-94658
/system_ext/etc/media/quickboot/boot_charger_vol_low.png 94659-94665
/system_ext/etc/media/quickboot/boot_charger_wireless_01.png 94666-94667
/system_ext/etc/media/quickboot/boot_charger_wireless_02.png 94668-94670
/system_ext/etc/media/quickboot/boot_charger_wireless_03.png 94671-94673
/system_ext/etc/media/quickboot/boot_charger_wireless_04.png 94674-94676
/system_ext/etc/media/quickboot/boot_charger_wireless_05.png 94677-94679
/system_ext/etc/media/quickboot/boot_charger_wireless_06.png 94680-94682
/system_ext/etc/media/quickboot/boot_charger_wireless_07.png 94683-94685
/system_ext/etc/media/quickboot/boot_charger_wireless_08.png 94686-94688
/system_ext/etc/media/quickboot/boot_charger_wireless_09.png 94689-94691
/system_ext/etc/media/quickboot/boot_charger_wireless_10.png 94692-94694
/system_ext/etc/media/quickboot/boot_charger_wireless_100.png 94695-94698
/system_ext/etc/media/quickboot/boot_charger_wireless_11.png 94699-94701
/system_ext/etc/media/quickboot/boot_charger_wireless_12.png 94702-94704
/system_ext/etc/media/quickboot/boot_charger_wireless_13.png 94705-94707
/system_ext/etc/media/quickboot/boot_charger_wireless_14.png 94708-94710
/system_ext/etc/media/quickboot/boot_charger_wireless_15.png 94711-94714
/system_ext/etc/media/quickboot/boot_charger_wireless_16.png 94715-94718
/system_ext/etc/media/quickboot/boot_charger_wireless_17.png 94719-94722
/system_ext/etc/media/quickboot/boot_charger_wireless_18.png 94723-94726
/system_ext/etc/media/quickboot/boot_charger_wireless_19.png 94727-94730
/system_ext/etc/media/quickboot/boot_charger_wireless_20.png 94731-94734
/system_ext/etc/media/quickboot/boot_charger_wireless_21.png 94735-94738
/system_ext/etc/media/quickboot/boot_charger_wireless_22.png 94739-94742
/system_ext/etc/media/quickboot/boot_charger_wireless_23.png 94743-94746
/system_ext/etc/media/quickboot/boot_charger_wireless_24.png 94747-94750
/system_ext/etc/media/quickboot/boot_charger_wireless_25.png 94751-94754
/system_ext/etc/media/quickboot/boot_charger_wireless_empty.png 94755-94757
/system_ext/etc/media/quickboot/boot_charger_wireless_novooc_01.png 94758-94759
/system_ext/etc/media/quickboot/boot_charger_wireless_novooc_02.png 94760-94761
/system_ext/etc/media/quickboot/boot_charger_wireless_novooc_03.png 94762-94763
/system_ext/etc/media/quickboot/boot_charger_wireless_novooc_04.png 94764-94765
/system_ext/etc/media/quickboot/boot_charger_wireless_novooc_05.png 94766-94767
/system_ext/etc/media/quickboot/boot_charger_wireless_novooc_06.png 94768-94769
/system_ext/etc/media/quickboot/boot_charger_wireless_novooc_07.png 94770-94771
/system_ext/etc/media/quickboot/boot_charger_wireless_novooc_08.png 94772-94774
/system_ext/etc/media/quickboot/boot_charger_wireless_novooc_09.png 94775-94776
/system_ext/etc/media/quickboot/boot_charger_wireless_novooc_10.png 94778-94780
/system_ext/etc/media/quickboot/boot_charger_wireless_novooc_100.png 94781-94783
/system_ext/etc/media/quickboot/boot_charger_wireless_novooc_11.png 94784-94786
/system_ext/etc/media/quickboot/boot_charger_wireless_novooc_12.png 94787-94789
/system_ext/etc/media/quickboot/boot_charger_wireless_novooc_13.png 94790-94792
/system_ext/etc/media/quickboot/boot_charger_wireless_novooc_14.png 94793-94795
/system_ext/etc/media/quickboot/boot_charger_wireless_novooc_15.png 94796-94798
/system_ext/etc/media/quickboot/boot_charger_wireless_novooc_16.png 94799-94801
/system_ext/etc/media/quickboot/boot_charger_wireless_novooc_17.png 94802-94804
/system_ext/etc/media/quickboot/boot_charger_wireless_novooc_18.png 94805-94807
/system_ext/etc/media/quickboot/boot_charger_wireless_novooc_19.png 94808-94810
/system_ext/etc/media/quickboot/boot_charger_wireless_novooc_20.png 94811-94813
/system_ext/etc/media/quickboot/boot_charger_wireless_novooc_21.png 94814-94816
/system_ext/etc/media/quickboot/boot_charger_wireless_novooc_22.png 94817-94819
/system_ext/etc/media/quickboot/boot_charger_wireless_novooc_23.png 94820-94822
/system_ext/etc/media/quickboot/boot_charger_wireless_novooc_24.png 94823-94825
/system_ext/etc/media/quickboot/boot_charger_wireless_novooc_25.png 94826-94828
/system_ext/etc/media/quickboot/boot_charger_wireless_novooc_empty.png 94829-94830
/system_ext/etc/media/quickboot/op818/boot_bat_temp_high.png 94833-94838
/system_ext/etc/media/quickboot/op818/boot_bat_temp_low.png 94839-94846
/system_ext/etc/media/quickboot/op818/boot_black_picture.png 94847
/system_ext/etc/media/quickboot/op818/boot_charger_100.png 94852
/system_ext/etc/media/quickboot/op818/boot_charger_battery_high.png 94859-94865
/system_ext/etc/media/quickboot/op818/boot_charger_battery_untouch.png 94866-94872
/system_ext/etc/media/quickboot/op818/boot_charger_deviated_CN.png 94873-94891
/system_ext/etc/media/quickboot/op818/boot_charger_deviated_US.png 94892-94909
/system_ext/etc/media/quickboot/op818/boot_charger_full.png 94940
/system_ext/etc/media/quickboot/op818/boot_charger_full_thirdbat.png 94941-94948
/system_ext/etc/media/quickboot/op818/boot_charger_full_with_exception1.png 94949-94955
/system_ext/etc/media/quickboot/op818/boot_charger_full_with_exception2.png 94956-94962
/system_ext/etc/media/quickboot/op818/boot_charger_timeout.png 95011-95017
/system_ext/etc/media/quickboot/op818/boot_charger_unknown.png 95018-95019
/system_ext/etc/media/quickboot/op818/boot_charger_vol_high.png 95020-95026
/system_ext/etc/media/quickboot/op818/boot_charger_vol_low.png 95027-95033
/system_ext/etc/media/quickboot/op818/boot_charger_wireless_100.png 95040
/system_ext/etc/media/quickboot/op818/boot_charger_wireless_novooc_100.png 95051
/system_ext/etc/netcode_config.xml 95053
/system_ext/etc/network_data_dataevalconfig.xml 95054
/system_ext/etc/network_data_otunnelconfig.xml 95055
/system_ext/etc/nfcee_access.xml 95057-95059
/system_ext/etc/nfcsvc_access.xml 95060-95061
/system_ext/etc/oappnetcontrol_config.xml 95062
/system_ext/etc/obrain/assets/AudioAgent_AggAppDailyCmd.sql 95064
/system_ext/etc/obrain/assets/BatteryAgent_AggBatteryAgentDailyCmd.sql 95065
/system_ext/etc/obrain/assets/BluetoothAgent_AggBluetoothAgentDailyCmd.sql 95068
/system_ext/etc/obrain/assets/CameraAgent_AggCameraAgentDailyCmd.sql 95069
/system_ext/etc/obrain/assets/CellularAgent_AggCellularAgentDailyCmd.sql 95071
/system_ext/etc/obrain/assets/CpuAgent_AggCpuAgentDailyCmd.sql 95072
/system_ext/etc/obrain/assets/DdrAgent_AggDdrAgentDailyCmd.sql 95073
/system_ext/etc/obrain/assets/DisplayAgent_AggDisplayAgentDailyCmd.sql 95075
/system_ext/etc/obrain/assets/FlashLightAgent_AggFlashLightAgentDailyCmd.sql 95076
/system_ext/etc/obrain/assets/GpsAgent_AggAppDailyCmd.sql 95078
/system_ext/etc/obrain/assets/GpuAgent_AggAppDailyCmd.sql 95079
/system_ext/etc/obrain/assets/SqlProxy_SelfTestCmd.sql 95081-95083
/system_ext/etc/obrain/assets/SubSystemAgent_AggSubSystemAgentDailyCmd.sql 95084
/system_ext/etc/obrain/assets/ThermalAgent_AggThermalAgentAnalyseCmd.sql 95085
/system_ext/etc/obrain/assets/ThermalAgent_CompThermalAgentEventCmd.sql 95087
/system_ext/etc/obrain/assets/UfsAgent_AggAppDailyCmd.sql 95088
/system_ext/etc/obrain/assets/WhiteListApp.conf 95092
/system_ext/etc/obrain/assets/WiFiAgent_AggWiFiAgentDailyCmd.sql 95093
/system_ext/etc/obrain/assets/plugin/BattaryValidation.sql 95095
/system_ext/etc/obrain/assets/plugin/CpuValidation.sql 95096
/system_ext/etc/obrain/assets/plugin/DisplayValidation.sql 95097
/system_ext/etc/obrain/assets/plugin/EventsValidation.sql 95098
/system_ext/etc/obrain/assets/plugin/GpuValidation.sql 95099
/system_ext/etc/obrain/assets/plugin/PowerBoardValidation.sql 95101
/system_ext/etc/obrain/assets/selfTest/SqlProxy_Alarm_SelfTestCmd.sql 95103
/system_ext/etc/obrain/assets/selfTest/SqlProxy_Audio_SelfTestCmd.sql 95104
/system_ext/etc/obrain/assets/selfTest/SqlProxy_Battery_SelfTestCmd.sql 95105
/system_ext/etc/obrain/assets/selfTest/SqlProxy_Camera_SelfTestCmd.sql 95106
/system_ext/etc/obrain/assets/selfTest/SqlProxy_Cellular_SelfTestCmd.sql 95107
/system_ext/etc/obrain/assets/selfTest/SqlProxy_Cpu_SelfTestCmd.sql 95108
/system_ext/etc/obrain/assets/selfTest/SqlProxy_Ddr_SelfTestCmd.sql 95109
/system_ext/etc/obrain/assets/selfTest/SqlProxy_Display_SelfTestCmd.sql 95110
/system_ext/etc/obrain/assets/selfTest/SqlProxy_Dsp_SelfTestCmd.sql 95111
/system_ext/etc/obrain/assets/selfTest/SqlProxy_Flashlight_SelfTestCmd.sql 95112
/system_ext/etc/obrain/assets/selfTest/SqlProxy_Gps_SelfTestCmd.sql 95113
/system_ext/etc/obrain/assets/selfTest/SqlProxy_Gpu_SelfTestCmd.sql 95114
/system_ext/etc/obrain/assets/selfTest/SqlProxy_Resume_SelfTestCmd.sql 95115
/system_ext/etc/obrain/assets/selfTest/SqlProxy_Thermal_SelfTestCmd.sql 95116
/system_ext/etc/obrain/assets/selfTest/SqlProxy_Ufs_SelfTestCmd.sql 95117
/system_ext/etc/obrain/assets/selfTest/SqlProxy_Wifi_SelfTestCmd.sql 95118
/system_ext/etc/obrain/config/StatsdConfig.pb 95120-95121
/system_ext/etc/obrain/config/midas.conf 95122-95130
/system_ext/etc/obrain/rad_model/rad.tflite 95131-95134
/system_ext/etc/obrain/trigger/cpu_thread_loading_table.json 95135
/system_ext/etc/obrain/trigger/default_table.json 95136-95137
/system_ext/etc/obrain/trigger/observer.json 95138-95139
/system_ext/etc/oiface/oiface.config 95140
/system_ext/etc/permissions/com.android.systemui.xml 95144
/system_ext/etc/permissions/privapp-permissions-oplus-ext.xml 95148-95149
/system_ext/etc/permissions/privapp-permissions-platform-ext.xml 95150-95151
/system_ext/etc/permissions/system-ext-permissions-mediatek.xml 95152
/system_ext/etc/selinux/mapping/30.0.cil 95154-95155
/system_ext/etc/selinux/mapping/31.0.cil 95156
/system_ext/etc/selinux/mapping/33.0.cil 95157
/system_ext/etc/selinux/plat_sepolicy_debug.cil 95158-95228
/system_ext/etc/selinux/system_ext_file_contexts 95230-95231
/system_ext/etc/selinux/system_ext_mac_permissions.xml 95232-95235
/system_ext/etc/selinux/system_ext_property_contexts 95236-95240
/system_ext/etc/selinux/system_ext_sepolicy.cil 95241-95268
/system_ext/etc/selinux/system_ext_sepolicy_debug.cil 95269-95297
/system_ext/etc/selinux/system_ext_service_contexts 95298-95300
/system_ext/etc/spn-conf.xml 95302-95306
/system_ext/etc/sys_alipay_model_list.json 95307
/system_ext/etc/sys_charger_config.xml 95309
/system_ext/etc/sys_filter_list.json 95310
/system_ext/etc/sys_wifi_par_config_list.xml 95311-95316
/system_ext/etc/sysconfig/hidden-api-whitelist-ext.xml 95318
/system_ext/etc/weak-network-config.xml 95321
/system_ext/etc/wifi_custom_config.xml 95322
/system_ext/etc/xwificonfig_exands.bin 95324
/system_ext/framework/OplusMdmAdapter.jar 95325-95383
/system_ext/framework/OplusMdmInterface.jar 95384-95423
/system_ext/framework/androidx.window.extensions.jar 95424-95440
/system_ext/framework/androidx.window.sidecar.jar 95441-95444
/system_ext/framework/com.mediatek.ims.rcsua.jar 95445-95459
/system_ext/framework/com.vendor.nfc.jar 95460-95462
/system_ext/framework/getcplc.jar 95463-95465
/system_ext/framework/getnfcc.jar 95466-95468
/system_ext/framework/log-handler.jar 95469-95480
/system_ext/framework/nfcvendorlib.jar 95481-95506
/system_ext/framework/oat/arm/androidx.window.extensions.odex 95508
/system_ext/framework/oat/arm/androidx.window.sidecar.odex 95510
/system_ext/framework/oat/arm/com.vendor.nfc.odex 95511
/system_ext/framework/oat/arm/getcplc.odex 95512
/system_ext/framework/oat/arm/getnfcc.odex 95513
/system_ext/framework/oat/arm/log-handler.odex 95514
/system_ext/framework/oat/arm/nfcvendorlib.odex 95515
/system_ext/framework/oat/arm/oplus-lbs-services.odex 95516
/system_ext/framework/oat/arm/oplus-lbs-services.vdex 95517
/system_ext/framework/oat/arm/oplus-subsys-tool.odex 95519
/system_ext/framework/oat/arm/oplus-subsystem-service.odex 95520-95523
/system_ext/framework/oat/arm/oplus-subsystem-service.vdex 95524-95535
/system_ext/framework/oat/arm/oplus-telephony-common-ext.odex 95536
/system_ext/framework/oat/arm/oplus-telephony-common.odex 95537-95539
/system_ext/framework/oat/arm/oplus-telephony-common.vdex 95540-95546
/system_ext/framework/oat/arm/oplus-virtual-audio-policy.odex 95547
/system_ext/framework/oat/arm/oplus-wifi-service.odex 95548-95551
/system_ext/framework/oat/arm/oplus-wifi-service.vdex 95552-95560
/system_ext/framework/oat/arm/oplus_bluetooth_common_ext.odex 95561
/system_ext/framework/oat/arm/oplus_bluetooth_common_ext.vdex 95562
/system_ext/framework/oat/arm/rsumanager.odex 95564
/system_ext/framework/oat/arm/soc_bluetooth_ext.odex 95565
/system_ext/framework/oat/arm/vendor-security-subsystem-service.odex 95567
/system_ext/framework/oat/arm/vendor-subsystem-service.odex 95568
/system_ext/framework/oat/arm/vendor.oplus.hardware.biometrics.fingerprintpay-V1-java.odex 95569
/system_ext/framework/oat/arm/vendor.oplus.hardware.charger-V1.0-java.odex 95570
/system_ext/framework/oat/arm/vendor.oplus.hardware.cryptoeng-V1.0-java.odex 95571
/system_ext/framework/oat/arm/vendor.oplus.hardware.engineer-V1-java.odex 95572
/system_ext/framework/oat/arm/vendor.oplus.hardware.engineer-V1.0-java.odex 95573
/system_ext/framework/oat/arm/vendor.oplus.hardware.fido.fido2ca-V1-java.odex 95574
/system_ext/framework/oat/arm/vendor.oplus.hardware.fido.fidoca-V1-java.odex 95575
/system_ext/framework/oat/arm/vendor.oplus.hardware.misc-V1-java.odex 95576
/system_ext/framework/oat/arm/vendor.oplus.hardware.misc-V1.0-java.odex 95578
/system_ext/framework/oat/arm/vendor.oplus.hardware.oplusSensor-V1-java.odex 95579
/system_ext/framework/oat/arm/vendor.oplus.hardware.oplusSensor-V1.0-java.odex 95580
/system_ext/framework/oat/arm/vendor.oplus.hardware.orms-V1.0-java.odex 95581
/system_ext/framework/oat/arm/vendor.oplus.hardware.orms.ormsHalService-V1.0-java.odex 95582
/system_ext/framework/oat/arm/vendor.oplus.hardware.osense.client-V1.0-java.odex 95583
/system_ext/framework/oat/arm/vendor.oplus.hardware.riskdetect-V1-java.odex 95584
/system_ext/framework/oat/arm/vendor.oplus.hardware.stability.oplus_project-V1-java.odex 95585
/system_ext/framework/oat/arm/vendor.oplus.hardware.touch-V1-java.odex 95586
/system_ext/framework/oat/arm/vendor.oplus.hardware.touch-V1.0-java.odex 95587
/system_ext/framework/oat/arm/vendor.oplus.hardware.transmessage-V1.0-java.odex 95589
/system_ext/framework/oat/arm/videoLogcatExt.odex 95590
/system_ext/framework/oat/arm64/androidx.window.extensions.odex 95592
/system_ext/framework/oat/arm64/androidx.window.sidecar.odex 95593
/system_ext/framework/oat/arm64/com.vendor.nfc.odex 95594
/system_ext/framework/oat/arm64/getcplc.odex 95595
/system_ext/framework/oat/arm64/getnfcc.odex 95596
/system_ext/framework/oat/arm64/log-handler.odex 95598
/system_ext/framework/oat/arm64/nfcvendorlib.odex 95599
/system_ext/framework/oat/arm64/oplus-lbs-services.odex 95600
/system_ext/framework/oat/arm64/oplus-lbs-services.vdex 95601
/system_ext/framework/oat/arm64/oplus-subsys-tool.odex 95603
/system_ext/framework/oat/arm64/oplus-subsystem-service.odex 95604-95607
/system_ext/framework/oat/arm64/oplus-subsystem-service.vdex 95608-95619
/system_ext/framework/oat/arm64/oplus-telephony-common-ext.odex 95620
/system_ext/framework/oat/arm64/oplus-telephony-common.odex 95622-95624
/system_ext/framework/oat/arm64/oplus-telephony-common.vdex 95625-95631
/system_ext/framework/oat/arm64/oplus-virtual-audio-policy.odex 95632
/system_ext/framework/oat/arm64/oplus-wifi-service.odex 95633-95636
/system_ext/framework/oat/arm64/oplus-wifi-service.vdex 95637-95645
/system_ext/framework/oat/arm64/oplus_bluetooth_common_ext.odex 95646
/system_ext/framework/oat/arm64/oplus_bluetooth_common_ext.vdex 95647
/system_ext/framework/oat/arm64/rsumanager.odex 95649
/system_ext/framework/oat/arm64/soc_bluetooth_ext.odex 95650
/system_ext/framework/oat/arm64/vendor-security-subsystem-service.odex 95651
/system_ext/framework/oat/arm64/vendor-subsystem-service.odex 95652
/system_ext/framework/oat/arm64/vendor.oplus.hardware.biometrics.fingerprintpay-V1-java.odex 95654
/system_ext/framework/oat/arm64/vendor.oplus.hardware.charger-V1.0-java.odex 95655
/system_ext/framework/oat/arm64/vendor.oplus.hardware.cryptoeng-V1.0-java.odex 95656
/system_ext/framework/oat/arm64/vendor.oplus.hardware.engineer-V1-java.odex 95657
/system_ext/framework/oat/arm64/vendor.oplus.hardware.engineer-V1.0-java.odex 95658
/system_ext/framework/oat/arm64/vendor.oplus.hardware.fido.fido2ca-V1-java.odex 95660
/system_ext/framework/oat/arm64/vendor.oplus.hardware.fido.fidoca-V1-java.odex 95661
/system_ext/framework/oat/arm64/vendor.oplus.hardware.misc-V1-java.odex 95662
/system_ext/framework/oat/arm64/vendor.oplus.hardware.misc-V1.0-java.odex 95663
/system_ext/framework/oat/arm64/vendor.oplus.hardware.oplusSensor-V1-java.odex 95664
/system_ext/framework/oat/arm64/vendor.oplus.hardware.oplusSensor-V1.0-java.odex 95665
/system_ext/framework/oat/arm64/vendor.oplus.hardware.orms-V1.0-java.odex 95666
/system_ext/framework/oat/arm64/vendor.oplus.hardware.orms.ormsHalService-V1.0-java.odex 95667
/system_ext/framework/oat/arm64/vendor.oplus.hardware.osense.client-V1.0-java.odex 95668
/system_ext/framework/oat/arm64/vendor.oplus.hardware.riskdetect-V1-java.odex 95669
/system_ext/framework/oat/arm64/vendor.oplus.hardware.stability.oplus_project-V1-java.odex 95670
/system_ext/framework/oat/arm64/vendor.oplus.hardware.touch-V1-java.odex 95672
/system_ext/framework/oat/arm64/vendor.oplus.hardware.touch-V1.0-java.odex 95673
/system_ext/framework/oat/arm64/vendor.oplus.hardware.transmessage-V1.0-java.odex 95674
/system_ext/framework/oat/arm64/videoLogcatExt.odex 95675
/system_ext/framework/oplus-framework-res.apk 95676-97829
/system_ext/framework/oplus-lbs-services.jar 97832-97919
/system_ext/framework/oplus-subsys-tool.jar 97920-97926
/system_ext/framework/oplus-subsystem-service.jar 97927-98561
/system_ext/framework/oplus-telephony-common-ext.jar 98562-98575
/system_ext/framework/oplus-telephony-common.jar 98576-99287
/system_ext/framework/oplus-virtual-audio-policy.jar 99289
/system_ext/framework/oplus-wifi-service.jar 99291-100014
/system_ext/framework/oplus_bluetooth_common_ext.jar 100016-100117
/system_ext/framework/rsumanager.jar 100118-100120
/system_ext/framework/soc_bluetooth_ext.jar 100121-100138
/system_ext/framework/vendor-security-subsystem-service.jar 100139-100140
/system_ext/framework/vendor-subsystem-service.jar 100141-100160
/system_ext/framework/vendor.oplus.hardware.biometrics.fingerprintpay-V1-java.jar 100161-100162
/system_ext/framework/vendor.oplus.hardware.charger-V1.0-java.jar 100163-100168
/system_ext/framework/vendor.oplus.hardware.cryptoeng-V1.0-java.jar 100169-100171
/system_ext/framework/vendor.oplus.hardware.engineer-V1-java.jar 100172-100174
/system_ext/framework/vendor.oplus.hardware.engineer-V1.0-java.jar 100175-100180
/system_ext/framework/vendor.oplus.hardware.fido.fido2ca-V1-java.jar 100181
/system_ext/framework/vendor.oplus.hardware.fido.fidoca-V1-java.jar 100183
/system_ext/framework/vendor.oplus.hardware.misc-V1-java.jar 100185
/system_ext/framework/vendor.oplus.hardware.misc-V1.0-java.jar 100187-100189
/system_ext/framework/vendor.oplus.hardware.oplusSensor-V1-java.jar 100190-100191
/system_ext/framework/vendor.oplus.hardware.oplusSensor-V1.0-java.jar 100192-100194
/system_ext/framework/vendor.oplus.hardware.orms-V1.0-java.jar 100195-100198
/system_ext/framework/vendor.oplus.hardware.orms.ormsHalService-V1.0-java.jar 100199-100202
/system_ext/framework/vendor.oplus.hardware.osense.client-V1.0-java.jar 100203-100207
/system_ext/framework/vendor.oplus.hardware.riskdetect-V1-java.jar 100208
/system_ext/framework/vendor.oplus.hardware.stability.oplus_project-V1-java.jar 100209-100211
/system_ext/framework/vendor.oplus.hardware.touch-V1-java.jar 100212
/system_ext/framework/vendor.oplus.hardware.touch-V1.0-java.jar 100214-100216
/system_ext/framework/vendor.oplus.hardware.transmessage-V1.0-java.jar 100217-100219
/system_ext/framework/videoLogcatExt.jar 100220-100222
/system_ext/lib/EngCameraClient.so 100225-100227
/system_ext/lib/android.hardware.radio.config@1.1.so 100228-100243
/system_ext/lib/android.hardware.radio.config@1.2.so 100244-100255
/system_ext/lib/android.hardware.radio.config@1.3.so 100256-100268
/system_ext/lib/android.hardware.radio@1.5.so 100269-100363
/system_ext/lib/android.hardware.radio@1.6.so 100364-100474
/system_ext/lib/extractors/libffmpeg_extractor.so 100475-100485
/system_ext/lib/hw/raw_part.default.so 100486-100487
/system_ext/lib/libAIBrightness.so 100488-100546
/system_ext/lib/libChineseDateAndSolarDate.so 100547-100549
/system_ext/lib/libHeifEncoderWrapper.so 100550-100551
/system_ext/lib/libIDHelper.so 100553-100555
/system_ext/lib/libNativeWinBuffExchange.so 100556
/system_ext/lib/libOplusAtlas.so 100557-100558
/system_ext/lib/libOplusVirtualAudio.so 100559-100563
/system_ext/lib/libOplusVirtualCamera.so 100564-100578
/system_ext/lib/libSchedAssistExtImpl.so 100579-100583
/system_ext/lib/libSchedAssistJni.so 100584-100585
/system_ext/lib/libYouMeMagicVoice.so 100586-100870
/system_ext/lib/lib_inputflingerEx.so 100871-100872
/system_ext/lib/libaaudioserviceextimpl.so 100873
/system_ext/lib/libaed.so 100875-100891
/system_ext/lib/libandroid_protocol.so 100892
/system_ext/lib/libapuwareapusys.mtk.so 100893-100896
/system_ext/lib/libapuwareapusys_v2.mtk.so 100897-100907
/system_ext/lib/libapuwarehmp.mtk.so 100908-100909
/system_ext/lib/libapuwareutils.mtk.so 100910
/system_ext/lib/libapuwareutils_v2.mtk.so 100911-100913
/system_ext/lib/libapuwarexrp.mtk.so 100914-100919
/system_ext/lib/libapuwarexrp_v2.mtk.so 100920-100926
/system_ext/lib/libarmnn_ndk.mtk.so 100927-101874
/system_ext/lib/libatlasservice.so 101877-101891
/system_ext/lib/libaudioclientextimpl.so 101892-101898
/system_ext/lib/libaudiocompensationfilter.so 101899
/system_ext/lib/libaudioflingerextimpl.so 101901-101950
/system_ext/lib/libaudiopolicyextimpl.so 101951-101993
/system_ext/lib/libaudioprocessingextimpl.so 101994-101995
/system_ext/lib/libaudiotoolkit.so 101996-101997
/system_ext/lib/libavcodec.so 101998-103785
/system_ext/lib/libavformat.so 103788-103908
/system_ext/lib/libavutil.so 103909-103979
/system_ext/lib/libbootprotectorjni.so 103980
/system_ext/lib/libbootprotectornative.so 103981-103995
/system_ext/lib/libbsproxy.so 103996-104000
/system_ext/lib/libcmdl_ndk.mtk.so 104001-104120
/system_ext/lib/libcommon_dcs_service.so 104121-104125
/system_ext/lib/libcsextimpl.so 104126-104215
/system_ext/lib/libdav1d.so.4 104216-104340
/system_ext/lib/libeglextimpl.so 104341-104342
/system_ext/lib/libfmjni.so 104343-104349
/system_ext/lib/libgameaudioeffects.so 104350-104352
/system_ext/lib/libgaussgraphic.so 104353-104354
/system_ext/lib/libgpustress_eng.so 104355-104471
/system_ext/lib/libguiextimpl.so 104472-104474
/system_ext/lib/libhwuiextimpl.so 104475-104481
/system_ext/lib/libiatlasservice.so 104482-104485
/system_ext/lib/libimmlistservice.so 104486-104489
/system_ext/lib/libinputextensionsimpl.so 104490-104494
/system_ext/lib/libinputflingerextimpl.so 104495-104520
/system_ext/lib/libinstalldextimpl.so 104521-104611
/system_ext/lib/libitheiaservice.so 104612-104614
/system_ext/lib/libmcv_runtime_usdk.mtk.so 104615-105032
/system_ext/lib/libmdloggerrecycle.so 105033-105036
/system_ext/lib/libmmlistparser.so 105037-105039
/system_ext/lib/libmmlistservice.so 105040-105043
/system_ext/lib/libmvpu_cic_ci_compiler.mtk.so 105044-105054
/system_ext/lib/libmvpu_clc_mvpu_debuginfo.mtk.so 105055-105060
/system_ext/lib/libmvpu_clc_mvpu_elf.mtk.so 105061-105073
/system_ext/lib/libmvpu_clc_mvpu_utility.mtk.so 105074-105087
/system_ext/lib/libmvpu_config.mtk.so 105088
/system_ext/lib/libmvpu_engine.mtk.so 105089-105157
/system_ext/lib/libmvpu_engine_pub.mtk.so 105158-105226
/system_ext/lib/libmvpu_pattern.mtk.so 105227-105298
/system_ext/lib/libmvpu_pattern_pub.mtk.so 105299-105370
/system_ext/lib/libmvpu_runtime.mtk.so 105372-105565
/system_ext/lib/libmvpu_runtime_builtin.mtk.so 105566-105570
/system_ext/lib/libmvpu_runtime_pub.mtk.so 105571-105764
/system_ext/lib/libmvpuop_mtk_cv.mtk.so 105765-107766
/system_ext/lib/libmvpuop_mtk_nn.mtk.so 107769-108865
/system_ext/lib/libneuron_graph_delegate.mtk.so 108868-108902
/system_ext/lib/libneuronusdk_adapter.mtk.so 108903-109920
/system_ext/lib/libnir_neon_driver_ndk.mtk.so 109922-110778
/system_ext/lib/libofm.so 110780-110781
/system_ext/lib/libolc.so 110782-110784
/system_ext/lib/libonetrace_jni.so 110785-110788
/system_ext/lib/libopex.so 110789-110828
/system_ext/lib/liboplus-eap-aka.so 110829
/system_ext/lib/liboplusHeifDecoderImpl.so 110830-110833
/system_ext/lib/liboplusNetd.so 110834-110881
/system_ext/lib/liboplus_10bitHeif.so 110882-112030
/system_ext/lib/liboplus_display_input.so 112032-112035
/system_ext/lib/liboplus_display_trace.so 112036-112038
/system_ext/lib/liboplus_heifconverter.so 112039-112045
/system_ext/lib/liboplus_imageprocessing.so 112046-112047
/system_ext/lib/liboplus_multimedia_kernel_event.so 112048-112049
/system_ext/lib/liboplus_servers.so 112050-112070
/system_ext/lib/liboplusaudioDump.so 112071-112072
/system_ext/lib/liboplusavenhancebase.so 112073-112074
/system_ext/lib/liboplusavenhancements.so 112075-112076
/system_ext/lib/liboplusbpf.so 112077-112095
/system_ext/lib/liboplusextbootmode.so 112096
/system_ext/lib/liboplusextbspfwupdate.so 112097-112099
/system_ext/lib/liboplusextproperty.so 112100-112112
/system_ext/lib/liboplusextstability.so 112113-112118
/system_ext/lib/liboplusextuevent.so 112119
/system_ext/lib/liboplusextzawgyi.so 112120
/system_ext/lib/liboplusgraphic.so 112121-112123
/system_ext/lib/liboplusgui_jni.so 112124
/system_ext/lib/liboplusheifwriter.so 112126-112141
/system_ext/lib/liboplushwui_jni.so 112142
/system_ext/lib/liboplusloadframe.so 112143-112147
/system_ext/lib/liboplusmagicvoiceloopback.so 112148-112150
/system_ext/lib/liboplusmediaplayerservice.so 112151-112162
/system_ext/lib/liboplusmultimediaconfig.so 112163-112164
/system_ext/lib/liboplusplugin.so 112165-113044
/system_ext/lib/liboplusrecorder.so 113046-113137
/system_ext/lib/liboplussfplugin_ccodec.so 113138-113148
/system_ext/lib/liboplusstagefright.so 113149-113195
/system_ext/lib/liboplusstagefright__mp3enc.so 113196-113228
/system_ext/lib/liboplustinyxml.so 113229-113235
/system_ext/lib/liboplusutils.so 113236-113249
/system_ext/lib/libphoenix_jni.so 113250
/system_ext/lib/libphoenix_native.so 113251-113255
/system_ext/lib/librenderengineextimpl.so 113256-114147
/system_ext/lib/libsensorextimpl.so 114149
/system_ext/lib/libsensorserviceextimpl.so 114151-114255
/system_ext/lib/libskjpegencoderextimpl.so 114256-114289
/system_ext/lib/libslpVoiceEngine.so 114290-114354
/system_ext/lib/libstagefright_hdcp.so 114355-114360
/system_ext/lib/libswresample.so 114361-114374
/system_ext/lib/libswscale.so 114375-114440
/system_ext/lib/libtflite_mtk.mtk.so 114441-115205
/system_ext/lib/oplusex/libOplusDualHeadPhoneEx.so 115206
/system_ext/lib/oplusex/libasserttipex.so 115207-115208
/system_ext/lib/oplusex/libcriticallogex.so 115209-115211
/system_ext/lib/vendor.mediatek.hardware.aee@1.0.so 115212-115218
/system_ext/lib/vendor.mediatek.hardware.aee@1.1.so 115219-115229
/system_ext/lib/vendor.mediatek.hardware.apuware.apusys@1.0.so 115230-115239
/system_ext/lib/vendor.mediatek.hardware.apuware.apusys@2.0.so 115240-115258
/system_ext/lib/vendor.mediatek.hardware.apuware.apusys@2.1.so 115259-115268
/system_ext/lib/vendor.mediatek.hardware.apuware.hmp@1.0.so 115269-115276
/system_ext/lib/vendor.mediatek.hardware.apuware.utils@1.0.so 115277-115284
/system_ext/lib/vendor.mediatek.hardware.apuware.utils@2.0.so 115285-115294
/system_ext/lib/vendor.mediatek.hardware.apuware.xrp@1.0.so 115295-115306
/system_ext/lib/vendor.mediatek.hardware.apuware.xrp@2.0.so 115307-115321
/system_ext/lib/vendor.mediatek.hardware.audio@7.1.so 115322-115339
/system_ext/lib/vendor.mediatek.hardware.audio@8.1.so 115340-115357
/system_ext/lib/vendor.mediatek.hardware.mtkpower@1.0.so 115358-115369
/system_ext/lib/vendor.mediatek.hardware.mtkpower@1.1.so 115370-115384
/system_ext/lib/vendor.mediatek.hardware.mtkpower@1.2.so 115385-115399
/system_ext/lib/vendor.mediatek.hardware.mtkradioex@3.0.so 115400-115622
/system_ext/lib/vendor.mediatek.hardware.touchll@1.0.so 115623-115629
/system_ext/lib/vendor.mediatek.hardware.videotelephony@1.0.so 115630-115637
/system_ext/lib/vendor.oplus.hardware.biometrics.fingerprintpay-V1-ndk.so 115638-115641
/system_ext/lib/vendor.oplus.hardware.camera.slogan@1.0.so 115642-115648
/system_ext/lib/vendor.oplus.hardware.cameraMDM@1.0.so 115649-115656
/system_ext/lib/vendor.oplus.hardware.charger@1.0.so 115657-115681
/system_ext/lib/vendor.oplus.hardware.cryptoeng@1.0.so 115682-115688
/system_ext/lib/vendor.oplus.hardware.displaypanelfeature@1.0.so 115689-115696
/system_ext/lib/vendor.oplus.hardware.engcamera@1.0.so 115698-115709
/system_ext/lib/vendor.oplus.hardware.fido.fido2ca-V1-ndk.so 115710-115712
/system_ext/lib/vendor.oplus.hardware.fido.fidoca-V1-ndk.so 115713-115715
/system_ext/lib/vendor.oplus.hardware.gameopt-V1-ndk.so 115716-115720
/system_ext/lib/vendor.oplus.hardware.hdcp@1.0.so 115721-115727
/system_ext/lib/vendor.oplus.hardware.hdcp@1.1.so 115728-115734
/system_ext/lib/vendor.oplus.hardware.misc-V1-ndk.so 115735-115738
/system_ext/lib/vendor.oplus.hardware.misc@1.0.so 115739-115746
/system_ext/lib/vendor.oplus.hardware.oplusSensor-V1-ndk.so 115747-115750
/system_ext/lib/vendor.oplus.hardware.oplusSensor@1.0.so 115751-115759
/system_ext/lib/vendor.oplus.hardware.orms.ormsHalService@1.0.so 115760-115772
/system_ext/lib/vendor.oplus.hardware.orms@1.0.so 115773-115780
/system_ext/lib/vendor.oplus.hardware.osense.client@1.0.so 115781-115789
/system_ext/lib/vendor.oplus.hardware.riskdetect-V1-ndk.so 115790-115792
/system_ext/lib/vendor.oplus.hardware.stability.oplus_project-V1-ndk.so 115793-115797
/system_ext/lib/vendor.oplus.hardware.touch-V1-ndk.so 115798-115800
/system_ext/lib/vendor.oplus.hardware.touch@1.0.so 115801-115808
/system_ext/lib/vendor.oplus.hardware.virtual_device.audio@1.0.so 115809-115818
/system_ext/lib/vendor.oplus.hardware.virtual_device.camera.manager@1.0.so 115819-115853
/system_ext/lib/vendor.pixelworks.hardware.display@1.0.so 115854-115865
/system_ext/lib64/EngCameraClient.so 115868-115870
/system_ext/lib64/android.hardware.common-V2-ndk_platform.so 115871-115872
/system_ext/lib64/android.hardware.radio.config@1.1.so 115873-115891
/system_ext/lib64/android.hardware.radio.config@1.2.so 115892-115906
/system_ext/lib64/android.hardware.radio.config@1.3.so 115907-115922
/system_ext/lib64/android.hardware.radio@1.5.so 115923-116037
/system_ext/lib64/android.hardware.radio@1.6.so 116038-116171
/system_ext/lib64/extractors/libOplusmp3extractor.so 116173-116182
/system_ext/lib64/extractors/libOplusmp4extractor.so 116183-116231
/system_ext/lib64/extractors/libffmpeg_extractor.so 116232-116244
/system_ext/lib64/extractors/liboplusapeextractor.so 116245-116264
/system_ext/lib64/hw/raw_part.default.so 116265-116266
/system_ext/lib64/libAIBrightness.so 116267-116344
/system_ext/lib64/libChineseDateAndSolarDate.so 116345-116349
/system_ext/lib64/libHeifEncoderWrapper.so 116350-116352
/system_ext/lib64/libHeifWinBufExchg-jni.so 116353
/system_ext/lib64/libIDHelper.so 116354
/system_ext/lib64/libNativeWinBuffExchange.so 116355
/system_ext/lib64/libOplusAtlas.so 116356-116358
/system_ext/lib64/libOplusSloganClient.so 116359-116361
/system_ext/lib64/libOplusVirtualAudio.so 116362-116366
/system_ext/lib64/libOplusVirtualCamera.so 116367-116384
/system_ext/lib64/libSchedAssistExtImpl.so 116385-116390
/system_ext/lib64/libSchedAssistJni.so 116391-116392
/system_ext/lib64/libSloganJni.oplus.so 116393-116416
/system_ext/lib64/libYouMeMagicVoice.so 116417-116730
/system_ext/lib64/lib_inputflingerEx.so 116732-116733
/system_ext/lib64/lib_theiaDumpstateEx.so 116734-116740
/system_ext/lib64/libaaudioserviceextimpl.so 116741-116742
/system_ext/lib64/libaed.so 116743-116762
/system_ext/lib64/libandroid_protocol.so 116763
/system_ext/lib64/libapuwareapusys.mtk.so 116764-116768
/system_ext/lib64/libapuwareapusys_v2.mtk.so 116769-116780
/system_ext/lib64/libapuwarehmp.mtk.so 116781-116783
/system_ext/lib64/libapuwareutils.mtk.so 116784-116785
/system_ext/lib64/libapuwareutils_v2.mtk.so 116786-116788
/system_ext/lib64/libapuwarexrp.mtk.so 116789-116794
/system_ext/lib64/libapuwarexrp_v2.mtk.so 116795-116802
/system_ext/lib64/libarmnn_ndk.mtk.so 116803-117866
/system_ext/lib64/libatlasservice.so 117869-117886
/system_ext/lib64/libaudioclientextimpl.so 117887-117894
/system_ext/lib64/libaudiocompensationfilter.so 117895-117896
/system_ext/lib64/libaudioflingerextimpl.so 117897-117959
/system_ext/lib64/libaudiopolicyextimpl.so 117960-118011
/system_ext/lib64/libaudioprocessingextimpl.so 118012-118014
/system_ext/lib64/libaudiotoolkit.so 118015-118016
/system_ext/lib64/libavcodec.so 118017-119664
/system_ext/lib64/libavformat.so 119667-119776
/system_ext/lib64/libavutil.so 119777-119838
/system_ext/lib64/libbootprotectorjni.so 119839-119840
/system_ext/lib64/libbootprotectornative.so 119841-119859
/system_ext/lib64/libbsproxy.so 119860-119864
/system_ext/lib64/libbttestmode.so 119865-119870
/system_ext/lib64/libcipher_utils.so 119871
/system_ext/lib64/libcmdl_ndk.mtk.so 119872-120025
/system_ext/lib64/libcommon_dcs_service.so 120026-120031
/system_ext/lib64/libcomposer_ext.so 120032-120040
/system_ext/lib64/libcsextimpl.so 120041-120148
/system_ext/lib64/libdav1d.so.4 120149-120271
/system_ext/lib64/libeglextimpl.so 120272-120273
/system_ext/lib64/libfmjni.so 120274-120281
/system_ext/lib64/libgameaudioeffects.so 120282-120284
/system_ext/lib64/libgaussgraphic.so 120285-120287
/system_ext/lib64/libgpustress_eng.so 120288-120442
/system_ext/lib64/libguiextimpl.so 120443-120446
/system_ext/lib64/libhwuiextimpl.so 120447-120454
/system_ext/lib64/libiatlasservice.so 120455-120459
/system_ext/lib64/libimage_detect.so 120460-120467
/system_ext/lib64/libimmlistservice.so 120468-120472
/system_ext/lib64/libinputextensionsimpl.so 120473-120478
/system_ext/lib64/libinputflingerextimpl.so 120479-120508
/system_ext/lib64/libinstalldextimpl.so 120509-120619
/system_ext/lib64/libitheiaservice.so 120620-120622
/system_ext/lib64/libmcv_runtime_usdk.mtk.so 120624-121185
/system_ext/lib64/libmdloggerrecycle.so 121186-121190
/system_ext/lib64/libmmlistparser.so 121191-121193
/system_ext/lib64/libmmlistservice.so 121194-121197
/system_ext/lib64/libmvpu_cic_ci_compiler.mtk.so 121198-121211
/system_ext/lib64/libmvpu_clc_mvpu_debuginfo.mtk.so 121212-121219
/system_ext/lib64/libmvpu_clc_mvpu_elf.mtk.so 121220-121236
/system_ext/lib64/libmvpu_clc_mvpu_utility.mtk.so 121237-121254
/system_ext/lib64/libmvpu_config.mtk.so 121256
/system_ext/lib64/libmvpu_engine.mtk.so 121257-121305
/system_ext/lib64/libmvpu_engine_pub.mtk.so 121306-121354
/system_ext/lib64/libmvpu_pattern.mtk.so 121355-121442
/system_ext/lib64/libmvpu_pattern_pub.mtk.so 121443-121530
/system_ext/lib64/libmvpu_runtime.mtk.so 121531-121752
/system_ext/lib64/libmvpu_runtime_builtin.mtk.so 121753-121757
/system_ext/lib64/libmvpu_runtime_pub.mtk.so 121758-121978
/system_ext/lib64/libmvpuop_mtk_cv.mtk.so 121979-124049
/system_ext/lib64/libmvpuop_mtk_nn.mtk.so 124053-125190
/system_ext/lib64/libneuron_graph_delegate.mtk.so 125193-125235
/system_ext/lib64/libneuronusdk_adapter.mtk.so 125236-126352
/system_ext/lib64/libnir_neon_driver_ndk.mtk.so 126353-127490
/system_ext/lib64/libnn_sample.so 127493-127495
/system_ext/lib64/libnq330nfc_nci.so 127496-127850
/system_ext/lib64/libofm.so 127851-127852
/system_ext/lib64/liboifaceim.so 127853-127892
/system_ext/lib64/libolc.so 127893-127895
/system_ext/lib64/libonetrace_jni.so 127896-127900
/system_ext/lib64/libopex.so 127901-127948
/system_ext/lib64/liboplus-eap-aka.so 127949
/system_ext/lib64/liboplusHeifDecoderImpl.so 127950-127954
/system_ext/lib64/liboplusNetd.so 127955-128009
/system_ext/lib64/liboplus_10bitHeif.so 128010-129452
/system_ext/lib64/liboplus_display_input.so 129455-129458
/system_ext/lib64/liboplus_display_scene.so 129459-129463
/system_ext/lib64/liboplus_display_trace.so 129464-129467
/system_ext/lib64/liboplus_display_watchcall.so 129468-129471
/system_ext/lib64/liboplus_heifconverter.so 129472-129479
/system_ext/lib64/liboplus_imageprocessing.so 129480-129482
/system_ext/lib64/liboplus_multimedia_kernel_event.so 129483-129484
/system_ext/lib64/liboplus_osvelte_malloc_debug.so 129485-129520
/system_ext/lib64/liboplus_servers.so 129521-129545
/system_ext/lib64/liboplusaudioDump.so 129546-129547
/system_ext/lib64/liboplusavenhancebase.so 129548-129549
/system_ext/lib64/liboplusavenhancements.so 129550-129551
/system_ext/lib64/liboplusbluetooth_jni.so 129552-129555
/system_ext/lib64/liboplusbpf.so 129556-129576
/system_ext/lib64/liboplusextbootmode.so 129577
/system_ext/lib64/liboplusextbspfwupdate.so 129578-129581
/system_ext/lib64/liboplusextproperty.so 129582-129597
/system_ext/lib64/liboplusextstability.so 129598-129603
/system_ext/lib64/liboplusextuevent.so 129604
/system_ext/lib64/liboplusextzawgyi.so 129605
/system_ext/lib64/liboplusgraphic.so 129606-129608
/system_ext/lib64/liboplusgui_jni.so 129609-129610
/system_ext/lib64/liboplusheifwriter.so 129611-129632
/system_ext/lib64/liboplushwui_jni.so 129633-129634
/system_ext/lib64/liboplusloadframe.so 129635-129640
/system_ext/lib64/liboplusmagicvoiceloopback.so 129641-129643
/system_ext/lib64/liboplusmediaplayerservice.so 129644-129656
/system_ext/lib64/liboplusmultimediaconfig.so 129657-129658
/system_ext/lib64/liboplusplugin.so 129659-130752
/system_ext/lib64/liboplusrecorder.so 130753-130871
/system_ext/lib64/liboplussfplugin_ccodec.so 130873-130884
/system_ext/lib64/liboplusstagefright.so 130885-130948
/system_ext/lib64/liboplusstagefright__mp3enc.so 130949-131003
/system_ext/lib64/liboplustinyxml.so 131004-131012
/system_ext/lib64/liboplusutils.so 131013-131028
/system_ext/lib64/libpcap_bak.so 131029-131075
/system_ext/lib64/libphoenix_jni.so 131076
/system_ext/lib64/libphoenix_native.so 131077-131081
/system_ext/lib64/librenderengineextimpl.so 131082-132192
/system_ext/lib64/libsensorextimpl.so 132194-132195
/system_ext/lib64/libsensorserviceextimpl.so 132196-132310
/system_ext/lib64/libshutdown_native.so 132311-132312
/system_ext/lib64/libskjpegencoderextimpl.so 132313-132353
/system_ext/lib64/libslpVoiceEngine.so 132354-132429
/system_ext/lib64/libsn100nfc_nci.so 132430-132758
/system_ext/lib64/libst54nfc_nci.so 132759-133059
/system_ext/lib64/libstagefright_hdcp.so 133061-133067
/system_ext/lib64/libsuperNight.oplus.so 133068
/system_ext/lib64/libswresample.so 133069-133081
/system_ext/lib64/libswscale.so 133082-133150
/system_ext/lib64/libtflite_mtk.mtk.so 133151-134228
/system_ext/lib64/oplusex/libOplusDualHeadPhoneEx.so 134230
/system_ext/lib64/oplusex/libasserttipex.so 134231-134232
/system_ext/lib64/oplusex/libcriticallogex.so 134233-134236
/system_ext/lib64/vendor.mediatek.hardware.aee@1.0.so 134237-134244
/system_ext/lib64/vendor.mediatek.hardware.aee@1.1.so 134245-134257
/system_ext/lib64/vendor.mediatek.hardware.apuware.apusys@1.0.so 134258-134269
/system_ext/lib64/vendor.mediatek.hardware.apuware.apusys@2.0.so 134270-134290
/system_ext/lib64/vendor.mediatek.hardware.apuware.apusys@2.1.so 134291-134302
/system_ext/lib64/vendor.mediatek.hardware.apuware.hmp@1.0.so 134303-134312
/system_ext/lib64/vendor.mediatek.hardware.apuware.utils@1.0.so 134313-134321
/system_ext/lib64/vendor.mediatek.hardware.apuware.utils@2.0.so 134322-134332
/system_ext/lib64/vendor.mediatek.hardware.apuware.xrp@1.0.so 134333-134345
/system_ext/lib64/vendor.mediatek.hardware.apuware.xrp@2.0.so 134346-134363
/system_ext/lib64/vendor.mediatek.hardware.atci@1.0.so 134364-134379
/system_ext/lib64/vendor.mediatek.hardware.audio@7.1.so 134380-134400
/system_ext/lib64/vendor.mediatek.hardware.audio@8.1.so 134401-134421
/system_ext/lib64/vendor.mediatek.hardware.composer_ext@1.0.so 134422-134435
/system_ext/lib64/vendor.mediatek.hardware.lbs@1.0.so 134436-134447
/system_ext/lib64/vendor.mediatek.hardware.log@1.0.so 134449-134460
/system_ext/lib64/vendor.mediatek.hardware.mtkpower@1.0.so 134461-134474
/system_ext/lib64/vendor.mediatek.hardware.mtkpower@1.1.so 134475-134491
/system_ext/lib64/vendor.mediatek.hardware.mtkpower@1.2.so 134492-134509
/system_ext/lib64/vendor.mediatek.hardware.mtkradioex@3.0.so 134510-134768
/system_ext/lib64/vendor.mediatek.hardware.touchll@1.0.so 134769-134776
/system_ext/lib64/vendor.mediatek.hardware.videotelephony@1.0.so 134777-134785
/system_ext/lib64/vendor.oplus.hardware.biometrics.fingerprintpay-V1-ndk.so 134786-134789
/system_ext/lib64/vendor.oplus.hardware.bluetooth_audio_extend@2.1.so 134790-134808
/system_ext/lib64/vendor.oplus.hardware.camera.slogan-V1-ndk_platform.so 134809-134811
/system_ext/lib64/vendor.oplus.hardware.camera.slogan@1.0.so 134812-134819
/system_ext/lib64/vendor.oplus.hardware.cameraMDM@1.0.so 134820-134828
/system_ext/lib64/vendor.oplus.hardware.charger@1.0.so 134829-134855
/system_ext/lib64/vendor.oplus.hardware.cryptoeng@1.0.so 134856-134863
/system_ext/lib64/vendor.oplus.hardware.displaypanelfeature@1.0.so 134864-134872
/system_ext/lib64/vendor.oplus.hardware.engcamera@1.0.so 134873-134886
/system_ext/lib64/vendor.oplus.hardware.fido.fido2ca-V1-ndk.so 134887-134890
/system_ext/lib64/vendor.oplus.hardware.fido.fidoca-V1-ndk.so 134892-134895
/system_ext/lib64/vendor.oplus.hardware.gameopt-V1-ndk.so 134896-134900
/system_ext/lib64/vendor.oplus.hardware.handlefactory@1.0.so 134901-134909
/system_ext/lib64/vendor.oplus.hardware.hdcp@1.0.so 134910-134917
/system_ext/lib64/vendor.oplus.hardware.hdcp@1.1.so 134918-134925
/system_ext/lib64/vendor.oplus.hardware.misc-V1-ndk.so 134926-134929
/system_ext/lib64/vendor.oplus.hardware.misc@1.0.so 134930-134938
/system_ext/lib64/vendor.oplus.hardware.mmdisplayfeature@1.0.so 134939-134946
/system_ext/lib64/vendor.oplus.hardware.oplusSensor-V1-ndk.so 134947-134951
/system_ext/lib64/vendor.oplus.hardware.oplusSensor@1.0.so 134952-134961
/system_ext/lib64/vendor.oplus.hardware.orms.ormsHalService@1.0.so 134962-134975
/system_ext/lib64/vendor.oplus.hardware.orms@1.0.so 134976-134984
/system_ext/lib64/vendor.oplus.hardware.osense.client@1.0.so 134985-134994
/system_ext/lib64/vendor.oplus.hardware.riskdetect-V1-ndk.so 134995-134998
/system_ext/lib64/vendor.oplus.hardware.stability.oplus_project-V1-ndk.so 134999-135004
/system_ext/lib64/vendor.oplus.hardware.touch-V1-ndk.so 135005-135008
/system_ext/lib64/vendor.oplus.hardware.touch@1.0.so 135009-135017
/system_ext/lib64/vendor.oplus.hardware.virtual_device.audio@1.0.so 135018-135029
/system_ext/lib64/vendor.oplus.hardware.virtual_device.camera.manager@1.0.so 135030-135070
/system_ext/lib64/vendor.pixelworks.hardware.display@1.0.so 135071-135084
/system_ext/lib64/vendor.pixelworks.hardware.feature@1.0.so 135085-135092
/system_ext/media/audio/alarms/Dynamic_Weather.ogg 135093-135260
/system_ext/media/audio/alarms/Rise.ogg 135261-135426
/system_ext/media/audio/dynamic/notifications/ClassElectronic1_1.ogg 135429-135438
/system_ext/media/audio/dynamic/notifications/ClassElectronic1_10.ogg 135439-135448
/system_ext/media/audio/dynamic/notifications/ClassElectronic1_11.ogg 135450-135458
/system_ext/media/audio/dynamic/notifications/ClassElectronic1_12.ogg 135460-135469
/system_ext/media/audio/dynamic/notifications/ClassElectronic1_13.ogg 135470-135479
/system_ext/media/audio/dynamic/notifications/ClassElectronic1_14.ogg 135481-135492
/system_ext/media/audio/dynamic/notifications/ClassElectronic1_2.ogg 135493-135502
/system_ext/media/audio/dynamic/notifications/ClassElectronic1_3.ogg 135504-135513
/system_ext/media/audio/dynamic/notifications/ClassElectronic1_4.ogg 135515-135523
/system_ext/media/audio/dynamic/notifications/ClassElectronic1_5.ogg 135525-135534
/system_ext/media/audio/dynamic/notifications/ClassElectronic1_6.ogg 135536-135545
/system_ext/media/audio/dynamic/notifications/ClassElectronic1_7.ogg 135547-135556
/system_ext/media/audio/dynamic/notifications/ClassElectronic1_8.ogg 135557-135566
/system_ext/media/audio/dynamic/notifications/ClassElectronic1_9.ogg 135568-135577
/system_ext/media/audio/dynamic/notifications/ClassElectronicPreview.ogg 135579-135632
/system_ext/media/audio/dynamic/notifications/Drop1_1.ogg 135633-135635
/system_ext/media/audio/dynamic/notifications/Drop1_10.ogg 135636-135638
/system_ext/media/audio/dynamic/notifications/Drop1_11.ogg 135640-135642
/system_ext/media/audio/dynamic/notifications/Drop1_12.ogg 135644-135645
/system_ext/media/audio/dynamic/notifications/Drop1_2.ogg 135647-135649
/system_ext/media/audio/dynamic/notifications/Drop1_3.ogg 135650-135652
/system_ext/media/audio/dynamic/notifications/Drop1_4.ogg 135654-135657
/system_ext/media/audio/dynamic/notifications/Drop1_5.ogg 135658-135661
/system_ext/media/audio/dynamic/notifications/Drop1_6.ogg 135662-135665
/system_ext/media/audio/dynamic/notifications/Drop1_7.ogg 135666-135669
/system_ext/media/audio/dynamic/notifications/Drop1_8.ogg 135670-135673
/system_ext/media/audio/dynamic/notifications/Drop1_9.ogg 135674-135676
/system_ext/media/audio/dynamic/notifications/DropPreview.ogg 135678-135702
/system_ext/media/audio/dynamic/notifications/Harp1_1.ogg 135704-135716
/system_ext/media/audio/dynamic/notifications/Harp1_10.ogg 135718-135732
/system_ext/media/audio/dynamic/notifications/Harp1_11.ogg 135733-135746
/system_ext/media/audio/dynamic/notifications/Harp1_12.ogg 135747-135761
/system_ext/media/audio/dynamic/notifications/Harp1_13.ogg 135762-135771
/system_ext/media/audio/dynamic/notifications/Harp1_14.ogg 135772-135782
/system_ext/media/audio/dynamic/notifications/Harp1_15.ogg 135784-135798
/system_ext/media/audio/dynamic/notifications/Harp1_16.ogg 135799-135807
/system_ext/media/audio/dynamic/notifications/Harp1_2.ogg 135808-135817
/system_ext/media/audio/dynamic/notifications/Harp1_3.ogg 135819-135831
/system_ext/media/audio/dynamic/notifications/Harp1_4.ogg 135833-135842
/system_ext/media/audio/dynamic/notifications/Harp1_5.ogg 135844-135856
/system_ext/media/audio/dynamic/notifications/Harp1_6.ogg 135857-135868
/system_ext/media/audio/dynamic/notifications/Harp1_7.ogg 135870-135879
/system_ext/media/audio/dynamic/notifications/Harp1_8.ogg 135881-135893
/system_ext/media/audio/dynamic/notifications/Harp1_9.ogg 135895-135907
/system_ext/media/audio/dynamic/notifications/HarpPreview.ogg 135909-135990
/system_ext/media/audio/dynamic/notifications/MusicBox1_1.ogg 135992-135999
/system_ext/media/audio/dynamic/notifications/MusicBox1_10.ogg 136000-136009
/system_ext/media/audio/dynamic/notifications/MusicBox1_2.ogg 136010-136018
/system_ext/media/audio/dynamic/notifications/MusicBox1_3.ogg 136020-136028
/system_ext/media/audio/dynamic/notifications/MusicBox1_4.ogg 136029-136036
/system_ext/media/audio/dynamic/notifications/MusicBox1_5.ogg 136038-136046
/system_ext/media/audio/dynamic/notifications/MusicBox1_6.ogg 136048-136055
/system_ext/media/audio/dynamic/notifications/MusicBox1_7.ogg 136057-136063
/system_ext/media/audio/dynamic/notifications/MusicBox1_8.ogg 136065-136073
/system_ext/media/audio/dynamic/notifications/MusicBox1_9.ogg 136075-136082
/system_ext/media/audio/dynamic/notifications/MusicBoxPreview.ogg 136084-136117
/system_ext/media/audio/notifications/Allay.ogg 136118-136122
/system_ext/media/audio/notifications/Allusion.ogg 136123-136133
/system_ext/media/audio/notifications/Amiable.ogg 136134-136147
/system_ext/media/audio/notifications/Blare.ogg 136148-136159
/system_ext/media/audio/notifications/Blink.ogg 136160-136166
/system_ext/media/audio/notifications/Blissful.ogg 136168-136192
/system_ext/media/audio/notifications/Brisk.ogg 136193-136196
/system_ext/media/audio/notifications/Bubble.ogg 136197
/system_ext/media/audio/notifications/Cheerful.ogg 136199-136204
/system_ext/media/audio/notifications/Clear.ogg 136205-136211
/system_ext/media/audio/notifications/Comely.ogg 136212-136221
/system_ext/media/audio/notifications/Cozy.ogg 136223-136250
/system_ext/media/audio/notifications/Ding.ogg 136251-136263
/system_ext/media/audio/notifications/Effervesce.ogg 136264-136271
/system_ext/media/audio/notifications/Elegant.ogg 136273-136285
/system_ext/media/audio/notifications/Free.ogg 136286-136297
/system_ext/media/audio/notifications/Hallucination.ogg 136299-136315
/system_ext/media/audio/notifications/Inbound.ogg 136316-136331
/system_ext/media/audio/notifications/Light.ogg 136332-136339
/system_ext/media/audio/notifications/Meet.ogg 136340-136350
/system_ext/media/audio/notifications/Naivety.ogg 136351-136372
/system_ext/media/audio/notifications/Quickly.ogg 136373-136379
/system_ext/media/audio/notifications/Rhythm.ogg 136380-136384
/system_ext/media/audio/notifications/Surprise.ogg 136385-136395
/system_ext/media/audio/notifications/Twinkle.ogg 136397-136419
/system_ext/media/audio/notifications/Whoop_doop.ogg 136420-136423
/system_ext/media/audio/ringtones/Alacrity.ogg 136425-136546
/system_ext/media/audio/ringtones/Alarm_clock.ogg 136547-136564
/system_ext/media/audio/ringtones/Amenity.ogg 136565-136697
/system_ext/media/audio/ringtones/Beep.ogg 136699-136712
/system_ext/media/audio/ringtones/Blues.ogg 136714-136972
/system_ext/media/audio/ringtones/Bounce.ogg 136973-137084
/system_ext/media/audio/ringtones/Breeze.ogg 137085-137476
/system_ext/media/audio/ringtones/Calm.ogg 137477-137538
/system_ext/media/audio/ringtones/Chase.ogg 137539-138041
/system_ext/media/audio/ringtones/Climber.ogg 138042-138578
/system_ext/media/audio/ringtones/Cloud.ogg 138579-138758
/system_ext/media/audio/ringtones/Cloudscape.ogg 138760-138863
/system_ext/media/audio/ringtones/Cyclotron.ogg 138865-139070
/system_ext/media/audio/ringtones/Dawn.ogg 139071-139383
/system_ext/media/audio/ringtones/Distinct.ogg 139384-139447
/system_ext/media/audio/ringtones/Dream.ogg 139448-139836
/system_ext/media/audio/ringtones/Dynamic.ogg 139837-140063
/system_ext/media/audio/ringtones/Eager.ogg 140064-140288
/system_ext/media/audio/ringtones/Ebullition.ogg 140289-140475
/system_ext/media/audio/ringtones/Echo.ogg 140477-140636
/system_ext/media/audio/ringtones/Expect.ogg 140637-140720
/system_ext/media/audio/ringtones/Fanatical.ogg 140721-140958
/system_ext/media/audio/ringtones/Fluttering.ogg 140959-141265
/system_ext/media/audio/ringtones/Flyer.ogg 141266-141412
/system_ext/media/audio/ringtones/Friendship.ogg 141414-141518
/system_ext/media/audio/ringtones/Funky.ogg 141519-141642
/system_ext/media/audio/ringtones/Good_energy.ogg 141643-141748
/system_ext/media/audio/ringtones/Guitar.ogg 141750-141971
/system_ext/media/audio/ringtones/Harping.ogg 141972-142142
/system_ext/media/audio/ringtones/Highlight.ogg 142143-142204
/system_ext/media/audio/ringtones/Idyl.ogg 142205-142383
/system_ext/media/audio/ringtones/Innocence.ogg 142385-142645
/system_ext/media/audio/ringtones/Interesting.ogg 142646-142812
/system_ext/media/audio/ringtones/Jazz_life.ogg 142814-143028
/system_ext/media/audio/ringtones/Journey.ogg 143030-143345
/system_ext/media/audio/ringtones/Joyous.ogg 143346-143403
/system_ext/media/audio/ringtones/Lazy.ogg 143404-143601
/system_ext/media/audio/ringtones/Leisurely.ogg 143602-143830
/system_ext/media/audio/ringtones/Marimba.ogg 143832-143926
/system_ext/media/audio/ringtones/Memory.ogg 143928-144240
/system_ext/media/audio/ringtones/Mystical.ogg 144241-144443
/system_ext/media/audio/ringtones/Nature.ogg 144445-144511
/system_ext/media/audio/ringtones/Old_telephone.ogg 144513-144567
/system_ext/media/audio/ringtones/OnePlus_new_feeling.ogg 144568-144641
/system_ext/media/audio/ringtones/OnePlus_tune.ogg 144643-144809
/system_ext/media/audio/ringtones/OnePlus_tune_rhythm.ogg 144810-145095
/system_ext/media/audio/ringtones/Optimistic.ogg 145096-145377
/system_ext/media/audio/ringtones/Piano.ogg 145378-145655
/system_ext/media/audio/ringtones/Relieved.ogg 145656-145966
/system_ext/media/audio/ringtones/Ripple.ogg 145968-146048
/system_ext/media/audio/ringtones/Slowly.ogg 146049-146629
/system_ext/media/audio/ringtones/Spring.ogg 146630-147190
/system_ext/media/audio/ringtones/Stars.ogg 147192-147453
/system_ext/media/audio/ringtones/Sun_glittering.ogg 147454-147658
/system_ext/media/audio/ringtones/Surging.ogg 147659-147810
/system_ext/media/audio/ringtones/Tactfully.ogg 147811-148029
/system_ext/media/audio/ringtones/The_wind.ogg 148030-148333
/system_ext/media/audio/ringtones/Walking_in_the_rain.ogg 148334-148671
/system_ext/media/audio/ringtones/Whirl.ogg 148672-148798
/system_ext/media/audio/ui/Usb.ogg 148800-148801
/system_ext/media/audio/ui/VolumePanelSound.ogg 148803
/system_ext/media/audio/ui/WheelPicker.ogg 148805
/system_ext/media/audio/ui/camera_click.wav 148807-148829
/system_ext/media/audio/ui/charge.mp3 148830-148831
/system_ext/media/audio/ui/cover.mp3 148832-148834
/system_ext/media/audio/ui/critical_lowbattery.ogg 148835-148838
/system_ext/media/audio/ui/delete.mp3 148840
/system_ext/media/audio/ui/delete3.mp3 148841-148845
/system_ext/media/audio/ui/dew.wav 148846
/system_ext/media/audio/ui/ebook_open.mp3 148847-148850
/system_ext/media/audio/ui/ebook_open2.mp3 148851-148852
/system_ext/media/audio/ui/ebook_page1.mp3 148853-148865
/system_ext/media/audio/ui/ebook_page3.mp3 148866-148873
/system_ext/media/audio/ui/error.mp3 148874-148875
/system_ext/media/audio/ui/extended_effect_a.ogg 148876-148880
/system_ext/media/audio/ui/extended_effect_b.ogg 148881-148888
/system_ext/media/audio/ui/full_battery.ogg 148892-148894
/system_ext/media/audio/ui/global_delete.ogg 148896-148898
/system_ext/media/audio/ui/inefficacy.mp3 148899-148900
/system_ext/media/audio/ui/lomo_click.mp3 148901-148902
/system_ext/media/audio/ui/lowbattery.mp3 148904-148910
/system_ext/media/audio/ui/machine.mp3 148911-148915
/system_ext/media/audio/ui/mechanism_down.ogg 148916-148921
/system_ext/media/audio/ui/mechanism_up.ogg 148923-148927
/system_ext/media/audio/ui/normal_lowbattery.ogg 148929-148932
/system_ext/media/audio/ui/numberpicker_click.ogg 148933
/system_ext/media/audio/ui/powerlow.mp3 148934-148940
/system_ext/media/audio/ui/poweroff.mp3 148941-148986
/system_ext/media/audio/ui/poweron.mp3 148987-149032
/system_ext/media/audio/ui/pure_music_down.ogg 149033-149038
/system_ext/media/audio/ui/pure_music_up.ogg 149039-149043
/system_ext/media/audio/ui/slight_feedback.ogg 149045
/system_ext/media/audio/ui/sound_10s.mp3 149046-149095
/system_ext/media/audio/ui/sound_5s.mp3 149096-149118
/system_ext/media/audio/ui/technology_down.ogg 149119-149122
/system_ext/media/audio/ui/technology_up.ogg 149124-149128
/system_ext/media/audio/ui/touch.mp3 149129
/system_ext/media/audio/ui/touch2.mp3 149130-149131
/system_ext/media/audio/ui/touch3.mp3 149132-149134
/system_ext/media/audio/ui/uncover.mp3 149135-149137
/system_ext/media/audio/ui/warning3.mp3 149138-149139
/system_ext/media/audio/ui/warrning.mp3 149140-149141
/system_ext/media/audio/ui/weather_alarm_cloud.ogg 149142-149253
/system_ext/media/audio/ui/weather_alarm_cloud2.ogg 149255-149362
/system_ext/media/audio/ui/weather_alarm_cloud3.ogg 149364-149459
/system_ext/media/audio/ui/weather_alarm_cloud4.ogg 149461-149559
/system_ext/media/audio/ui/weather_alarm_default.ogg 149560-149727
/system_ext/media/audio/ui/weather_alarm_haze.ogg 149728-149825
/system_ext/media/audio/ui/weather_alarm_haze2.ogg 149826-149914
/system_ext/media/audio/ui/weather_alarm_rain.ogg 149915-150016
/system_ext/media/audio/ui/weather_alarm_rain2.ogg 150017-150119
/system_ext/media/audio/ui/weather_alarm_snow.ogg 150120-150211
/system_ext/media/audio/ui/weather_alarm_snow2.ogg 150212-150446
/system_ext/media/audio/ui/weather_alarm_sun.ogg 150448-150571
/system_ext/media/audio/ui/weather_alarm_sun2.ogg 150573-150695
/system_ext/media/audio/ui/weather_alarm_sun3.ogg 150696-150932
/system_ext/media/audio/ui/weather_alarm_sun4.ogg 150934-151056
/system_ext/media/audio/ui/weather_alarm_thunderstorm.ogg 151057-151157
/system_ext/media/audio/ui/weather_alarm_thunderstorm2.ogg 151158-151339
/system_ext/media/audio/ui/weather_alarm_thunderstorm3.ogg 151341-151432
/system_ext/media/audio/ui/weather_alarm_wind.ogg 151434-151531
/system_ext/media/audio/ui/weather_alarm_wind2.ogg 151532-151646
/system_ext/oplus/oplus_cpt_list.xml 151648-151652
/system_ext/oplus/oplus_cts_list.xml 151653-151659
/system_ext/oplus/startup_config.xml 151660
/system_ext/oplus/startup_manager.xml 151661-151663
/system_ext/oplus/sys_alarm_filterpackages_list.xml 151664
/system_ext/oplus/sys_deviceidle_whitelist.xml 151666
/system_ext/oplus/sys_multi_app_config.xml 151669
/system_ext/oplus/sys_rom_black_list.xml 151672
/system_ext/oplus/sys_wms_split_app.xml 151673
/system_ext/oplus/sys_wms_split_app_large.xml 151674-151676
/system_ext/oplus/sys_zoom_window_config.xml 151677-151678
/system_ext/overlay/CellBroadcastReceiverModuleOverlay/CellBroadcastReceiverModuleOverlay.apk 151679-151680
/system_ext/overlay/CellBroadcastServiceModuleOverlay/CellBroadcastServiceModuleOverlay.apk 151681-151682
/system_ext/overlay/ConnectivityBaseOverlay.apk 151683-151684
/system_ext/overlay/NetworkStackOverlay.apk 151685-151686
/system_ext/overlay/OplusBluetoothResource.apk 151687-151745
/system_ext/overlay/OplusFrameworkBluetoothResource.apk 151746-151747
/system_ext/overlay/OplusPermissionControllerOverlay/OplusPermissionControllerOverlay.apk 151748-151872
/system_ext/overlay/OplusWifiResource.apk 151873-151874
/system_ext/overlay/SafetyCenterResourcesOverlay/SafetyCenterResourcesOverlay.apk 151876-151880
/system_ext/overlay/SafetyCenterStylesOverlay/SafetyCenterStylesOverlay.apk 151881-151882
/system_ext/overlay/framework_res_overlay_Network.apk 151883-151884
/system_ext/priv-app/AutoConfigService/AutoConfigService.apk 151885-151909
/system_ext/priv-app/BlockedNumberProvider/BlockedNumberProvider.apk 151910-152188
/system_ext/priv-app/BlockedNumberProvider/oat/arm/BlockedNumberProvider.odex 152189-152190
/system_ext/priv-app/BlockedNumberProvider/oat/arm/BlockedNumberProvider.vdex 152191-152196
/system_ext/priv-app/BlockedNumberProvider/oat/arm64/BlockedNumberProvider.odex 152197-152198
/system_ext/priv-app/BlockedNumberProvider/oat/arm64/BlockedNumberProvider.vdex 152199-152204
/system_ext/priv-app/BuiltInPrintService/BuiltInPrintService.apk 152205-153349
/system_ext/priv-app/BuiltInPrintService/oat/arm64/BuiltInPrintService.odex 153351-153354
/system_ext/priv-app/BuiltInPrintService/oat/arm64/BuiltInPrintService.vdex 153356-153366
/system_ext/priv-app/CalendarProvider/CalendarProvider.apk 153367-153623
/system_ext/priv-app/ContactsProvider/ContactsProvider.apk 153624-156355
/system_ext/priv-app/ContactsProvider/oat/arm64/ContactsProvider.odex 156359-156370
/system_ext/priv-app/ContactsProvider/oat/arm64/ContactsProvider.vdex 156371-156412
/system_ext/priv-app/CustCoreApp/CustCoreApp.apk 156413-156959
/system_ext/priv-app/DeepThinker/DeepThinker.apk 156960-160293
/system_ext/priv-app/DeepThinker/oat/arm64/DeepThinker.odex 160297-160309
/system_ext/priv-app/DeepThinker/oat/arm64/DeepThinker.vdex 160310-160353
/system_ext/priv-app/DownloadProvider/DownloadProvider.apk 160354-160466
/system_ext/priv-app/DownloadProvider/oat/arm64/DownloadProvider.odex 160467
/system_ext/priv-app/DownloadProvider/oat/arm64/DownloadProvider.vdex 160468
/system_ext/priv-app/Entitlement/Entitlement.apk 160470-160542
/system_ext/priv-app/Entitlement/oat/arm64/Entitlement.odex 160543
/system_ext/priv-app/Entitlement/oat/arm64/Entitlement.vdex 160544
/system_ext/priv-app/MmsService/MmsService.apk 160545-160575
/system_ext/priv-app/MmsService/oat/arm64/MmsService.odex 160576
/system_ext/priv-app/MmsService/oat/arm64/MmsService.vdex 160577
/system_ext/priv-app/MtkCarrierConfig/MtkCarrierConfig.apk 160578-160640
/system_ext/priv-app/MtkCarrierConfig/oat/arm64/MtkCarrierConfig.odex 160642
/system_ext/priv-app/OcloudApp/OcloudApp.apk 160643-160735
/system_ext/priv-app/OcloudApp/oat/arm64/OcloudApp.odex 160736
/system_ext/priv-app/OcloudApp/oat/arm64/OcloudApp.vdex 160737-160738
/system_ext/priv-app/OplusAppPlatform/OplusAppPlatform.apk 160739-161662
/system_ext/priv-app/OplusAppPlatform/oat/arm64/OplusAppPlatform.odex 161664-161667
/system_ext/priv-app/OplusAppPlatform/oat/arm64/OplusAppPlatform.vdex 161668-161680
/system_ext/priv-app/OplusExSystemService/OplusExSystemService.apk 161681-163875
/system_ext/priv-app/OplusExSystemService/oat/arm64/OplusExSystemService.odex 163878-163883
/system_ext/priv-app/OplusExSystemService/oat/arm64/OplusExSystemService.vdex 163884-163901
/system_ext/priv-app/OplusLauncher/OplusLauncher.apk 163902-170262
/system_ext/priv-app/OplusLauncher/oat/arm64/OplusLauncher.odex 170269-177913
/system_ext/priv-app/OplusLauncher/oat/arm64/OplusLauncher.vdex 177921-177986
/system_ext/priv-app/OplusNrMode/OplusNrMode.apk 177987-178007
/system_ext/priv-app/OplusNrMode/oat/arm64/OplusNrMode.odex 178008
/system_ext/priv-app/OplusVirtualComm/OplusVirtualComm.apk 178009-178159
/system_ext/priv-app/OplusVirtualComm/oat/arm64/OplusVirtualComm.odex 178160-178161
/system_ext/priv-app/OplusVirtualComm/oat/arm64/OplusVirtualComm.vdex 178162-178164
/system_ext/priv-app/Presence/Presence.apk 178165-178787
/system_ext/priv-app/QuickAccessWallet/QuickAccessWallet.apk 178788-179878
/system_ext/priv-app/QuickAccessWallet/oat/arm64/QuickAccessWallet.odex 179879-179883
/system_ext/priv-app/QuickAccessWallet/oat/arm64/QuickAccessWallet.vdex 179884-179899
/system_ext/priv-app/RcsUaService/RcsUaService.apk 179900-179997
/system_ext/priv-app/RemoteProvisioner/RemoteProvisioner.apk 179999-180076
/system_ext/priv-app/RemoteProvisioner/oat/arm64/RemoteProvisioner.odex 180077
/system_ext/priv-app/RemoteProvisioner/oat/arm64/RemoteProvisioner.vdex 180078-180079
/system_ext/priv-app/RsuService/RsuService.apk 180080-180243
/system_ext/priv-app/Settings/Settings.apk 180244-201487
/system_ext/priv-app/Settings/oat/arm/Settings.odex 201506-201528
/system_ext/priv-app/Settings/oat/arm/Settings.vdex 201529-201617
/system_ext/priv-app/Settings/oat/arm64/Settings.odex 201618-201640
/system_ext/priv-app/Settings/oat/arm64/Settings.vdex 201641-201729
/system_ext/priv-app/SettingsIntelligence/SettingsIntelligence.apk 201730-202928
/system_ext/priv-app/SettingsIntelligence/oat/arm/SettingsIntelligence.odex 202931-202935
/system_ext/priv-app/SettingsIntelligence/oat/arm/SettingsIntelligence.vdex 202936-202952
/system_ext/priv-app/SettingsIntelligence/oat/arm64/SettingsIntelligence.odex 202953-202957
/system_ext/priv-app/SettingsIntelligence/oat/arm64/SettingsIntelligence.vdex 202958-202974
/system_ext/priv-app/SettingsProvider/SettingsProvider.apk 202975-203479
/system_ext/priv-app/SettingsProvider/oat/arm/SettingsProvider.odex 203480-203482
/system_ext/priv-app/SettingsProvider/oat/arm/SettingsProvider.vdex 203483-203489
/system_ext/priv-app/SettingsProvider/oat/arm64/SettingsProvider.odex 203490-203492
/system_ext/priv-app/SettingsProvider/oat/arm64/SettingsProvider.vdex 203493-203499
/system_ext/priv-app/SoftsimRedteaBridge/SoftsimRedteaBridge.apk 203500-203515
/system_ext/priv-app/SoftsimRedteaBridge/oat/arm64/SoftsimRedteaBridge.odex 203516
/system_ext/priv-app/StdID/StdID.apk 203517-203738
/system_ext/priv-app/StdID/oat/arm64/StdID.odex 203740-203741
/system_ext/priv-app/StdID/oat/arm64/StdID.vdex 203742-203745
/system_ext/priv-app/StorageManager/StorageManager.apk 203746-205191
/system_ext/priv-app/StorageManager/oat/arm64/StorageManager.odex 205194-205197
/system_ext/priv-app/StorageManager/oat/arm64/StorageManager.vdex 205198-205210
/system_ext/priv-app/SystemUI/SystemUI.apk 205211-220375
/system_ext/priv-app/SystemUI/oat/arm64/SystemUI.odex 220389-230493
/system_ext/priv-app/SystemUI/oat/arm64/SystemUI.vdex 230503-230596
/system_ext/priv-app/TeleService/TeleService.apk 230597-234548
/system_ext/priv-app/TeleService/oat/arm64/TeleService.odex 234553-234564
/system_ext/priv-app/TeleService/oat/arm64/TeleService.vdex 234565-234603
/system_ext/priv-app/Telecom/Telecom.apk 234604-239318
/system_ext/priv-app/Telecom/oat/arm64/Telecom.odex 239324-239343
/system_ext/priv-app/Telecom/oat/arm64/Telecom.vdex 239344-239413
/system_ext/priv-app/TelephonyProvider/TelephonyProvider.apk 239414-239692
/system_ext/priv-app/TelephonyProvider/oat/arm64/TelephonyProvider.odex 239693-239694
/system_ext/priv-app/TelephonyProvider/oat/arm64/TelephonyProvider.vdex 239695-239697
/system_ext/priv-app/TrafficMonitor/TrafficMonitor.apk 239698-241712
/system_ext/priv-app/TrafficMonitor/oat/arm64/TrafficMonitor.odex 241715-241721
/system_ext/priv-app/TrafficMonitor/oat/arm64/TrafficMonitor.vdex 241722-241742
/system_ext/priv-app/VDCService/VDCService.apk 241743-243332
/system_ext/priv-app/VDCService/oat/arm64/VDCService.odex 243335-245715
/system_ext/priv-app/VDCService/oat/arm64/VDCService.vdex 245719-245743
/system_ext/priv-app/VirtualCommService/VirtualCommService.apk 245744-245814
/system_ext/priv-app/VirtualCommService/oat/arm64/VirtualCommService.odex 245815
/system_ext/priv-app/VirtualCommService/oat/arm64/VirtualCommService.vdex 245816
/system_ext/priv-app/VpnDialogs/VpnDialogs.apk 245817-245843
/system_ext/priv-app/VpnDialogs/oat/arm64/VpnDialogs.odex 245844
/system_ext/priv-app/WirelessSettings/WirelessSettings.apk 245845-248471
/system_ext/priv-app/WirelessSettings/oat/arm64/WirelessSettings.odex 248475-248482
/system_ext/priv-app/WirelessSettings/oat/arm64/WirelessSettings.vdex 248483-248507
/system_ext/system/priv-app/RsuService/oat/arm64/RsuService.odex 248508-248509
/system_ext/system/priv-app/RsuService/oat/arm64/RsuService.vdex 248510-248511
